Archive member included to satisfy reference by file (symbol)

/home/hrl/optee/optee_os/out/arm/export-ta_arm32/lib/libutee.a(user_ta_entry.o)
                              ./user_ta_header.o (__utee_entry)
/home/hrl/optee/optee_os/out/arm/export-ta_arm32/lib/libutee.a(utee_syscalls_a32.o)
                              /home/hrl/optee/optee_os/out/arm/export-ta_arm32/lib/libutee.a(user_ta_entry.o) (utee_return)
/home/hrl/optee/optee_os/out/arm/export-ta_arm32/lib/libutee.a(gprof_a32.o)
                              /home/hrl/optee/optee_os/out/arm/export-ta_arm32/lib/libutee.a(user_ta_entry.o) (__utee_mcount)
/home/hrl/optee/optee_os/out/arm/export-ta_arm32/lib/libutee.a(tee_api_arith.o)
                              /home/hrl/optee/optee_os/out/arm/export-ta_arm32/lib/libutee.a(user_ta_entry.o) (_TEE_MathAPI_Init)
/home/hrl/optee/optee_os/out/arm/export-ta_arm32/lib/libutee.a(tee_api.o)
                              /home/hrl/optee/optee_os/out/arm/export-ta_arm32/lib/libutee.a(user_ta_entry.o) (__utee_from_param)
/home/hrl/optee/optee_os/out/arm/export-ta_arm32/lib/libutee.a(tee_api_panic.o)
                              /home/hrl/optee/optee_os/out/arm/export-ta_arm32/lib/libutee.a(user_ta_entry.o) (TEE_Panic)
/home/hrl/optee/optee_os/out/arm/export-ta_arm32/lib/libutee.a(utee_misc.o)
                              /home/hrl/optee/optee_os/out/arm/export-ta_arm32/lib/libutee.a(tee_api_arith.o) (get_rng_array)
/home/hrl/optee/optee_os/out/arm/export-ta_arm32/lib/libutee.a(tee_user_mem.o)
                              /home/hrl/optee/optee_os/out/arm/export-ta_arm32/lib/libutee.a(tee_api.o) (tee_user_mem_alloc)
/home/hrl/optee/optee_os/out/arm/export-ta_arm32/lib/libutee.a(trace_ext.o)
                              /home/hrl/optee/optee_os/out/arm/export-ta_arm32/lib/libutee.a(tee_api_arith.o) (printf)
/home/hrl/optee/optee_os/out/arm/export-ta_arm32/lib/libutee.a(assert.o)
                              /home/hrl/optee/optee_os/out/arm/export-ta_arm32/lib/libutee.a(tee_user_mem.o) (_assert_log)
/home/hrl/optee/optee_os/out/arm/export-ta_arm32/lib/libutils.a(bget_malloc.o)
                              /home/hrl/optee/optee_os/out/arm/export-ta_arm32/lib/libutee.a(utee_misc.o) (malloc)
/home/hrl/optee/optee_os/out/arm/export-ta_arm32/lib/libutils.a(snprintf.o)
                              /home/hrl/optee/optee_os/out/arm/export-ta_arm32/lib/libutee.a(trace_ext.o) (vsnprintf)
/home/hrl/optee/optee_os/out/arm/export-ta_arm32/lib/libutils.a(memcmp.o)
                              /home/hrl/optee/optee_os/out/arm/export-ta_arm32/lib/libutee.a(tee_api.o) (memcmp)
/home/hrl/optee/optee_os/out/arm/export-ta_arm32/lib/libutils.a(memcpy.o)
                              /home/hrl/optee/optee_os/out/arm/export-ta_arm32/lib/libutee.a(user_ta_entry.o) (memcpy)
/home/hrl/optee/optee_os/out/arm/export-ta_arm32/lib/libutils.a(memmove.o)
                              /home/hrl/optee/optee_os/out/arm/export-ta_arm32/lib/libutee.a(tee_api.o) (memmove)
/home/hrl/optee/optee_os/out/arm/export-ta_arm32/lib/libutils.a(memset.o)
                              /home/hrl/optee/optee_os/out/arm/export-ta_arm32/lib/libutee.a(user_ta_entry.o) (memset)
/home/hrl/optee/optee_os/out/arm/export-ta_arm32/lib/libutils.a(strlen.o)
                              /home/hrl/optee/optee_os/out/arm/export-ta_arm32/lib/libutee.a(trace_ext.o) (strlen)
/home/hrl/optee/optee_os/out/arm/export-ta_arm32/lib/libutils.a(snprintk.o)
                              /home/hrl/optee/optee_os/out/arm/export-ta_arm32/lib/libutils.a(snprintf.o) (__vsnprintf)
/home/hrl/optee/optee_os/out/arm/export-ta_arm32/lib/libutils.a(trace.o)
                              /home/hrl/optee/optee_os/out/arm/export-ta_arm32/lib/libutee.a(user_ta_entry.o) (trace_set_level)
/home/hrl/optee/optee_os/out/arm/export-ta_arm32/lib/libutils.a(aeabi_unwind.o)
                              ./vicky_test_ta.o (__aeabi_unwind_cpp_pr0)
/home/hrl/optee/optee_os/out/arm/export-ta_arm32/lib/libutils.a(memchr.o)
                              /home/hrl/optee/optee_os/out/arm/export-ta_arm32/lib/libutils.a(snprintk.o) (memchr)
/home/hrl/optee/optee_os/out/arm/export-ta_arm32/lib/libutils.a(arm32_aeabi_ldivmod_a32.o)
                              /home/hrl/optee/optee_os/out/arm/export-ta_arm32/lib/libutils.a(snprintk.o) (__aeabi_uldivmod)
/home/hrl/optee/optee_os/out/arm/export-ta_arm32/lib/libutils.a(arm32_aeabi_ldivmod.o)
                              /home/hrl/optee/optee_os/out/arm/export-ta_arm32/lib/libutils.a(arm32_aeabi_ldivmod_a32.o) (__ul_divmod)
/home/hrl/optee/optee_os/out/arm/export-ta_arm32/lib/libmpa.a(mpa_misc.o)
                              /home/hrl/optee/optee_os/out/arm/export-ta_arm32/lib/libutee.a(tee_api_arith.o) (mpa_copy)
/home/hrl/optee/optee_os/out/arm/export-ta_arm32/lib/libmpa.a(mpa_montgomery.o)
                              /home/hrl/optee/optee_os/out/arm/export-ta_arm32/lib/libutee.a(tee_api_arith.o) (mpa_compute_fmm_context)
[...]
Memory Configuration

Name             Origin             Length             Attributes
*default*        0x0000000000000000 0xffffffffffffffff

Linker script and memory map


.ta_head        0x0000000000000000       0x20
 *(SORT(.ta_head))
 .ta_head       0x0000000000000000       0x20 ./user_ta_header.o
                0x0000000000000000                ta_head

.text           0x0000000000000020     0xa5b8
                0x0000000000000020                __text_start = .
 *(SORT(.text) SORT(.text.*))
 .text          0x0000000000000020      0x2bc ./vicky_test_ta.o
                0x0000000000000020                TA_CreateEntryPoint
                0x0000000000000054                TA_DestroyEntryPoint
                0x0000000000000084                TA_OpenSessionEntryPoint
                0x00000000000000fc                TA_CloseSessionEntryPoint
                0x0000000000000294                TA_InvokeCommandEntryPoint
 .text          0x00000000000002dc      0x424 /home/hrl/optee/optee_os/out/arm/export-ta_arm32/lib/libutee.a(user_ta_entry.o)
                0x000000000000069a                __utee_entry
 .text          0x0000000000000700      0x5e4 /home/hrl/optee/optee_os/out/arm/export-ta_arm32/lib/libutee.a(utee_syscalls_a32.o)
                0x0000000000000700                utee_panic
                0x0000000000000714                utee_return
                0x0000000000000728                utee_log
                0x000000000000073c                __utee_panic
                0x0000000000000750                utee_get_property
                0x0000000000000768                utee_get_property_name_to_index
                0x000000000000077c                utee_open_ta_session
                0x0000000000000794                utee_close_ta_session
                0x00000000000007a8                utee_invoke_ta_command
                0x00000000000007c0                utee_get_cancellation_flag
                0x00000000000007d4                utee_check_access_rights
                0x00000000000007e8                utee_unmask_cancellation
                0x00000000000007fc                utee_mask_cancellation
                0x0000000000000810                utee_wait
                0x0000000000000824                utee_get_time
                0x0000000000000838                utee_set_ta_time
                0x000000000000084c                utee_cryp_state_alloc
                0x0000000000000864                utee_cryp_state_copy
                0x0000000000000878                utee_cryp_state_free
                0x000000000000088c                utee_hash_init
                0x00000000000008a0                utee_hash_update
                0x00000000000008b4                utee_hash_final
                0x00000000000008cc                utee_cipher_init
                0x00000000000008e0                utee_cipher_update
                0x00000000000008f8                utee_cipher_final
                0x0000000000000910                utee_cryp_obj_get_info
                0x0000000000000924                utee_cryp_obj_restrict_usage
                0x0000000000000938                utee_cryp_obj_get_attr
                0x000000000000094c                utee_cryp_obj_alloc
                0x0000000000000960                utee_cryp_obj_close
                0x0000000000000974                utee_cryp_obj_reset
                0x0000000000000988                utee_cryp_obj_populate
                0x000000000000099c                utee_cryp_obj_copy
                0x00000000000009b0                utee_cryp_derive_key
                0x00000000000009c4                utee_cryp_random_number_generate
                0x00000000000009d8                utee_authenc_init
                0x00000000000009f0                utee_authenc_update_aad
                0x0000000000000a04                utee_authenc_update_payload
                0x0000000000000a1c                utee_authenc_enc_final
                0x0000000000000a34                utee_authenc_dec_final
                0x0000000000000a4c                utee_asymm_operate
                0x0000000000000a64                utee_asymm_verify
                0x0000000000000a7c                utee_storage_obj_open
                0x0000000000000a94                utee_storage_obj_create
                0x0000000000000aac                utee_storage_obj_del
                0x0000000000000ac0                utee_storage_obj_rename
                0x0000000000000ad4                utee_storage_alloc_enum
                0x0000000000000ae8                utee_storage_free_enum
                0x0000000000000afc                utee_storage_reset_enum
                0x0000000000000b10                utee_storage_start_enum
                0x0000000000000b24                utee_storage_next_enum
                0x0000000000000b38                utee_storage_obj_read
                0x0000000000000b4c                utee_storage_obj_write
                0x0000000000000b60                utee_storage_obj_trunc
                0x0000000000000b74                utee_storage_obj_seek
                0x0000000000000b88                utee_cryp_obj_generate_key
                0x0000000000000b9c                utee_se_service_open
                0x0000000000000bb0                utee_se_service_close
                0x0000000000000bc4                utee_se_service_get_readers
                0x0000000000000bd8                utee_se_reader_get_prop
                0x0000000000000bec                utee_se_reader_get_name
                0x0000000000000c00                utee_se_reader_open_session
                0x0000000000000c14                utee_se_reader_close_sessions
                0x0000000000000c28                utee_se_session_is_closed
                0x0000000000000c3c                utee_se_session_get_atr
                0x0000000000000c50                utee_se_session_open_channel
                0x0000000000000c68                utee_se_session_close
                0x0000000000000c7c                utee_se_channel_select_next
                0x0000000000000c90                utee_se_channel_get_select_resp
                0x0000000000000ca4                utee_se_channel_transmit
                0x0000000000000cbc                utee_se_channel_close
                0x0000000000000cd0                utee_cache_operation
 .text          0x0000000000000ce4        0xc /home/hrl/optee/optee_os/out/arm/export-ta_arm32/lib/libutee.a(gprof_a32.o)
                0x0000000000000ce4                __utee_mcount
 .text          0x0000000000000cf0      0x9e4 /home/hrl/optee/optee_os/out/arm/export-ta_arm32/lib/libutee.a(tee_api_arith.o)
                0x0000000000000d18                _TEE_MathAPI_Init
                0x0000000000000d5c                TEE_BigIntInit
                0x0000000000000d7a                TEE_BigIntInitFMM
                0x0000000000000dba                TEE_BigIntInitFMMContext
                0x0000000000000e04                TEE_BigIntFMMSizeInU32
                0x0000000000000e2a                TEE_BigIntFMMContextSizeInU32
                0x0000000000000e58                TEE_BigIntConvertFromOctetString
                0x0000000000000ebe                TEE_BigIntConvertToOctetString
                0x0000000000000f28                TEE_BigIntConvertFromS32
                0x0000000000000f4a                TEE_BigIntConvertToS32
                0x0000000000000fa0                TEE_BigIntCmp
                0x0000000000000fc8                TEE_BigIntCmpS32
                0x0000000000000fec                TEE_BigIntShiftRight
                0x0000000000001016                TEE_BigIntGetBit
                0x0000000000001044                TEE_BigIntGetBitCount
                0x0000000000001068                TEE_BigIntAdd
                0x00000000000010a0                TEE_BigIntSub
                0x00000000000010d8                TEE_BigIntNeg
                0x00000000000010fe                TEE_BigIntMul
                0x0000000000001138                TEE_BigIntSquare
                0x000000000000116c                TEE_BigIntDiv
                0x00000000000011cc                TEE_BigIntMod
                0x0000000000001248                TEE_BigIntAddMod
                0x00000000000012cc                TEE_BigIntSubMod
                0x0000000000001350                TEE_BigIntMulMod
                0x000000000000140c                TEE_BigIntSquareMod
                0x0000000000001430                TEE_BigIntInvMod
                0x0000000000001498                TEE_BigIntRelativePrime
                0x0000000000001514                TEE_BigIntComputeExtendedGcd
                0x0000000000001560                TEE_BigIntIsProbablePrime
                0x00000000000015ac                TEE_BigIntConvertToFMM
                0x00000000000015f8                TEE_BigIntConvertFromFMM
                0x0000000000001688                TEE_BigIntComputeFMM
 .text          0x00000000000016d4      0x738 /home/hrl/optee/optee_os/out/arm/export-ta_arm32/lib/libutee.a(tee_api.o)
                0x00000000000016d4                __utee_from_param
                0x000000000000183a                __utee_to_param
                0x0000000000001934                TEE_OpenTASession
                0x000000000000199a                TEE_CloseTASession
                0x00000000000019ca                TEE_InvokeTACommand
                0x0000000000001a5a                TEE_GetCancellationFlag
                0x0000000000001a8e                TEE_UnmaskCancellation
                0x0000000000001ac2                TEE_MaskCancellation
                0x0000000000001af6                TEE_CheckMemoryAccessRights
                0x0000000000001b38                TEE_SetInstanceData
                0x0000000000001b60                TEE_GetInstanceData
                0x0000000000001b7c                TEE_MemMove
                0x0000000000001ba0                TEE_MemCompare
                0x0000000000001bc4                TEE_MemFill
                0x0000000000001bea                TEE_GetSystemTime
                0x0000000000001c16                TEE_Wait
                0x0000000000001c4e                TEE_GetTAPersistentTime
                0x0000000000001cd2                TEE_SetTAPersistentTime
                0x0000000000001d18                TEE_GetREETime
                0x0000000000001d44                TEE_Malloc
                0x0000000000001d64                TEE_Realloc
                0x0000000000001d84                TEE_Free
                0x0000000000001d9e                TEE_CacheClean
                0x0000000000001dc2                TEE_CacheFlush
                0x0000000000001de6                TEE_CacheInvalidate
 .text          0x0000000000001e0c      0x7b4 /home/hrl/optee/optee_os/out/arm/export-ta_arm32/lib/libutee.a(tee_user_mem.o)
                0x0000000000002184                tee_user_mem_alloc
                0x00000000000022cc                tee_user_mem_realloc
                0x0000000000002378                tee_user_mem_free
                0x0000000000002488                tee_user_mem_mark_heap
                0x00000000000024a8                tee_user_mem_check_heap
                0x0000000000002584                tee_user_mem_garbage
 .text          0x00000000000025c0      0x110 /home/hrl/optee/optee_os/out/arm/export-ta_arm32/lib/libutee.a(trace_ext.o)
                0x00000000000025c0                trace_ext_puts
                0x00000000000025e4                trace_ext_get_thread_id
                0x00000000000025f8                printf
                0x0000000000002660                puts
                0x0000000000002698                putchar
 .text          0x00000000000026d0       0x5c /home/hrl/optee/optee_os/out/arm/export-ta_arm32/lib/libutee.a(assert.o)
                0x00000000000026d0                _assert_log
                0x0000000000002718                _assert_break
 .text          0x000000000000272c     0x182c /home/hrl/optee/optee_os/out/arm/export-ta_arm32/lib/libutils.a(bget_malloc.o)
                0x00000000000027b0                bget
                0x0000000000002a18                bgetz
                0x0000000000002aac                bgetr
                0x0000000000002b40                brel
                0x0000000000002ea0                bpool
                0x0000000000002fc4                bstats
                0x0000000000003124                malloc_reset_stats
                0x0000000000003184                malloc_get_stats
                0x0000000000003b30                malloc
                0x0000000000003b62                free
                0x0000000000003b88                calloc
                0x0000000000003be6                realloc
                0x0000000000003c14                memalign
                0x0000000000003c70                malloc_add_pool
                0x0000000000003df8                malloc_buffer_is_within_alloced
                0x0000000000003e96                malloc_buffer_overlaps_heap
 .text          0x0000000000003f58      0xf68 /home/hrl/optee/optee_os/out/arm/export-ta_arm32/lib/libutils.a(snprintk.o)
                0x0000000000003f58                snprintk
                0x0000000000003f8e                vsnprintk
                0x0000000000003fbc                __vsnprintf
 .text          0x0000000000004ec0      0x3d4 /home/hrl/optee/optee_os/out/arm/export-ta_arm32/lib/libutils.a(trace.o)
                0x0000000000004ec0                trace_set_level
                0x0000000000004f08                trace_get_level
                0x0000000000004f88                trace_printf
                0x0000000000005274                dhex_dump
 .text.__aeabi_ldivmod
                0x0000000000005294       0x18 /home/hrl/optee/optee_os/out/arm/export-ta_arm32/lib/libutils.a(arm32_aeabi_ldivmod_a32.o)
                0x0000000000005294                __aeabi_ldivmod
 .text.__aeabi_uldivmod
                0x00000000000052ac       0x18 /home/hrl/optee/optee_os/out/arm/export-ta_arm32/lib/libutils.a(arm32_aeabi_ldivmod_a32.o)
                0x00000000000052ac                __aeabi_uldivmod
 .text          0x00000000000052c4      0x254 /home/hrl/optee/optee_os/out/arm/export-ta_arm32/lib/libmpa.a(mpa_misc.o)
                0x00000000000052c4                __mpa_set_unused_digits_to_zero
                0x000000000000530c                mpa_wipe
                0x0000000000005340                mpa_copy
                0x0000000000005388                mpa_abs
                0x00000000000053ba                mpa_highest_bit_index
                0x000000000000543a                mpa_get_bit
                0x00000000000054a4                mpa_can_hold
                0x00000000000054d6                mpa_parity
                0x0000000000005500                mpa_constant_one
 .text          0x0000000000005518      0x4ec /home/hrl/optee/optee_os/out/arm/export-ta_arm32/lib/libmpa.a(mpa_montgomery.o)
                0x0000000000005518                __mpa_montgomery_mul_add
                0x000000000000564c                __mpa_montgomery_sub_ack
                0x0000000000005766                __mpa_montgomery_mul
                0x0000000000005896                mpa_compute_fmm_context
                0x00000000000059b8                mpa_montgomery_mul
 .text          0x0000000000005a04      0x450 /home/hrl/optee/optee_os/out/arm/export-ta_arm32/lib/libmpa.a(mpa_primetest.o)
                0x0000000000005a04                mpa_is_prob_prime
 .text          0x0000000000005e54      0x204 /home/hrl/optee/optee_os/out/arm/export-ta_arm32/lib/libmpa.a(mpa_random.o)
                0x0000000000005e54                mpa_set_random_generator
                0x0000000000005eb0                mpa_get_random
                0x0000000000005fec                mpa_get_random_digits
 .text          0x0000000000006058      0x190 /home/hrl/optee/optee_os/out/arm/export-ta_arm32/lib/libmpa.a(mpa_expmod.o)
                0x0000000000006058                mpa_exp_mod
 .text          0x00000000000061e8      0xa54 /home/hrl/optee/optee_os/out/arm/export-ta_arm32/lib/libmpa.a(mpa_io.o)
                0x00000000000065ba                mpa_get_str_size
                0x00000000000065ce                mpa_set_str
                0x0000000000006900                mpa_get_str
                0x00000000000069f4                mpa_set_oct_str
                0x0000000000006b24                mpa_get_oct_str
 .text          0x0000000000006c3c       0x14 ./user_ta_header.o
                0x0000000000006c3c                tahead_get_trace_level
 .text          0x0000000000006c50       0x1a /home/hrl/optee/optee_os/out/arm/export-ta_arm32/lib/libutee.a(tee_api_panic.o)
                0x0000000000006c50                TEE_Panic
 .text          0x0000000000006c6a       0xaa /home/hrl/optee/optee_os/out/arm/export-ta_arm32/lib/libutee.a(utee_misc.o)
                0x0000000000006c6a                utee_get_ta_exec_id
                0x0000000000006c7e                utee_malloc
                0x0000000000006c9a                utee_realloc
                0x0000000000006cba                utee_calloc
                0x0000000000006cda                utee_free
                0x0000000000006cf4                get_rng_array
 .text          0x0000000000006d14       0x6a /home/hrl/optee/optee_os/out/arm/export-ta_arm32/lib/libutils.a(snprintf.o)
                0x0000000000006d14                snprintf
                0x0000000000006d50                vsnprintf
 .text          0x0000000000006d7e       0xb8 /home/hrl/optee/optee_os/out/arm/export-ta_arm32/lib/libutils.a(memcmp.o)
                0x0000000000006d7e                memcmp
 .text          0x0000000000006e36       0xf2 /home/hrl/optee/optee_os/out/arm/export-ta_arm32/lib/libutils.a(memcpy.o)
                0x0000000000006e36                memcpy
 .text          0x0000000000006f28      0x13e /home/hrl/optee/optee_os/out/arm/export-ta_arm32/lib/libutils.a(memmove.o)
                0x0000000000006f28                memmove
 .text          0x0000000000007066      0x11c /home/hrl/optee/optee_os/out/arm/export-ta_arm32/lib/libutils.a(memset.o)
                0x0000000000007066                memset
 .text          0x0000000000007182       0x8a /home/hrl/optee/optee_os/out/arm/export-ta_arm32/lib/libutils.a(strlen.o)
                0x0000000000007182                strlen
 .text          0x000000000000720c       0x30 /home/hrl/optee/optee_os/out/arm/export-ta_arm32/lib/libutils.a(aeabi_unwind.o)
                0x000000000000720c                __aeabi_unwind_cpp_pr0
                0x000000000000721c                __aeabi_unwind_cpp_pr1
                0x000000000000722c                __aeabi_unwind_cpp_pr2
 .text          0x000000000000723c      0x114 /home/hrl/optee/optee_os/out/arm/export-ta_arm32/lib/libutils.a(memchr.o)
                0x000000000000723c                memchr
 .text          0x0000000000007350      0x2b0 /home/hrl/optee/optee_os/out/arm/export-ta_arm32/lib/libutils.a(arm32_aeabi_ldivmod.o)
                0x00000000000074a8                __ul_divmod
                0x000000000000751a                __l_divmod
 .text          0x0000000000007600      0x146 /home/hrl/optee/optee_os/out/arm/export-ta_arm32/lib/libmpa.a(mpa_conv.o)
                0x0000000000007600                mpa_set_S32
                0x000000000000764c                mpa_get_S32
                0x00000000000076e2                mpa_set_word
                0x0000000000007714                mpa_get_word
 .text          0x0000000000007746      0xa9c /home/hrl/optee/optee_os/out/arm/export-ta_arm32/lib/libmpa.a(mpa_div.o)
                0x000000000000781e                __mpa_div_dword
                0x0000000000007e90                __mpa_div_q_r_internal_word
                0x0000000000007fc2                __mpa_div_q_r
                0x000000000000810c                mpa_div
 .text          0x00000000000081e2      0x7dc /home/hrl/optee/optee_os/out/arm/export-ta_arm32/lib/libmpa.a(mpa_gcd.o)
                0x00000000000086f8                mpa_gcd
                0x00000000000087e4                mpa_extended_gcd
 .text          0x00000000000089be      0x264 /home/hrl/optee/optee_os/out/arm/export-ta_arm32/lib/libmpa.a(mpa_mem_static.o)
                0x00000000000089be                mpa_init_scratch_mem_sync
                0x0000000000008a06                mpa_init_scratch_mem
                0x0000000000008a38                mpa_alloc_static_temp_var_size
                0x0000000000008b6c                mpa_alloc_static_temp_var
                0x0000000000008b92                mpa_free_static_temp_var
 .text          0x0000000000008c22      0x42a /home/hrl/optee/optee_os/out/arm/export-ta_arm32/lib/libmpa.a(mpa_mul.o)
                0x0000000000008c22                __mpa_mul_add_word
                0x0000000000008c9c                __mpa_mul_add_word_cum
                0x0000000000008d24                __mpa_abs_mul_word
                0x0000000000008dd2                __mpa_abs_mul
                0x0000000000008ede                mpa_mul
                0x0000000000008fa2                mpa_mul_word
 .text          0x000000000000904c      0x56c /home/hrl/optee/optee_os/out/arm/export-ta_arm32/lib/libmpa.a(mpa_shift.o)
                0x000000000000904c                __mpa_shift_words_left
                0x00000000000090fe                __mpa_shift_words_right
                0x00000000000091b2                mpa_shift_left
                0x00000000000093da                mpa_shift_right
 .text          0x00000000000095b8      0xab4 /home/hrl/optee/optee_os/out/arm/export-ta_arm32/lib/libmpa.a(mpa_addsub.o)
                0x00000000000095b8                __mpa_full_adder
                0x000000000000961c                __mpa_full_sub
                0x0000000000009684                __mpa_full_adder_ackum
                0x00000000000096e8                __mpa_abs_add
                0x00000000000097fc                __mpa_abs_add_ackum
                0x00000000000098e2                __mpa_abs_sub
                0x00000000000099ce                mpa_add
                0x0000000000009ba8                mpa_sub
                0x0000000000009daa                mpa_neg
                0x0000000000009dd4                mpa_add_word
                0x0000000000009f1e                mpa_sub_word
 .text          0x000000000000a06c      0x280 /home/hrl/optee/optee_os/out/arm/export-ta_arm32/lib/libmpa.a(mpa_cmp.o)
                0x000000000000a06c                __mpa_abs_cmp
                0x000000000000a16a                __mpa_abs_greater_than
                0x000000000000a194                __mpa_abs_less_than
                0x000000000000a1ba                mpa_cmp
                0x000000000000a244                mpa_cmp_short
 .text          0x000000000000a2ec       0xe8 /home/hrl/optee/optee_os/out/arm/export-ta_arm32/lib/libmpa.a(mpa_init.o)
                0x000000000000a2ec                mpa_init_static
                0x000000000000a338                mpa_init_static_fmm_context
 .text          0x000000000000a3d4      0x204 /home/hrl/optee/optee_os/out/arm/export-ta_arm32/lib/libmpa.a(mpa_modulus.o)
                0x000000000000a3d4                mpa_mod
                0x000000000000a400                mpa_add_mod
                0x000000000000a450                mpa_sub_mod
                0x000000000000a4a0                mpa_mul_mod
                0x000000000000a4f0                mpa_inv_mod
 .text          0x000000000000a5d8        0x0 /home/hrl/optee/optee_os/out/arm/export-ta_arm32/lib/libutils.a(arm32_aeabi_ldivmod_a32.o)
 *(SORT(.stub))
 *(SORT(.glue_7))
 .glue_7        0x000000000000a5d8        0x0 linker stubs
 *(SORT(.glue_7t))
 .glue_7t       0x000000000000a5d8        0x0 linker stubs
 *(SORT(.gnu.linkonce.t.*))
 *(SORT(.vfp11_veneer))
 .vfp11_veneer  0x000000000000a5d8        0x0 linker stubs
                [!provide]                        PROVIDE (__gnu_mcount_nc, __utee_mcount)
                0x000000000000a5d8                __text_end = .

.v4_bx          0x000000000000a5d8        0x0
 .v4_bx         0x000000000000a5d8        0x0 linker stubs

.iplt           0x000000000000a5d8        0x0
 .iplt          0x000000000000a5d8        0x0 ./vicky_test_ta.o

.eh_frame
 *(SORT(.eh_frame))

.rodata         0x000000000000a5d8     0x1768
 *(SORT(.gnu.linkonce.r.*))
 *(SORT(.rodata) SORT(.rodata.*))
 .rodata.vicky_test_ta.c
                0x000000000000a5d8       0xf2 ./vicky_test_ta.o
 *fill*         0x000000000000a6ca        0x2 
 .rodata.user_ta_header.c
                0x000000000000a6cc      0x110 ./user_ta_header.o
                0x000000000000a6cc                trace_ext_prefix
                0x000000000000a6d4                ta_heap_size
                0x000000000000a7d8                ta_num_props
 .rodata.lib/libutee/tee_api_arith.c
                0x000000000000a7dc       0x5f /home/hrl/optee/optee_os/out/arm/export-ta_arm32/lib/libutee.a(tee_api_arith.o)
 *fill*         0x000000000000a83b        0x1 
 .rodata.lib/libutee/tee_api.c
                0x000000000000a83c        0x4 /home/hrl/optee/optee_os/out/arm/export-ta_arm32/lib/libutee.a(tee_api.o)
 .rodata.lib/libutee/tee_user_mem.c
                0x000000000000a840      0x184 /home/hrl/optee/optee_os/out/arm/export-ta_arm32/lib/libutee.a(tee_user_mem.o)
 .rodata.lib/libutee/trace_ext.c
                0x000000000000a9c4        0x2 /home/hrl/optee/optee_os/out/arm/export-ta_arm32/lib/libutee.a(trace_ext.o)
 *fill*         0x000000000000a9c6        0x2 
 .rodata.lib/libutee/assert.c
                0x000000000000a9c8       0x27 /home/hrl/optee/optee_os/out/arm/export-ta_arm32/lib/libutee.a(assert.o)
 *fill*         0x000000000000a9ef        0x1 
 .rodata.lib/libutils/isoc/bget_malloc.c
                0x000000000000a9f0      0x4a4 /home/hrl/optee/optee_os/out/arm/export-ta_arm32/lib/libutils.a(bget_malloc.o)
 .rodata.lib/libutils/ext/snprintk.c
                0x000000000000ae94       0x7d /home/hrl/optee/optee_os/out/arm/export-ta_arm32/lib/libutils.a(snprintk.o)
 *fill*         0x000000000000af11        0x3 
 .rodata.lib/libutils/ext/trace.c
                0x000000000000af14       0x55 /home/hrl/optee/optee_os/out/arm/export-ta_arm32/lib/libutils.a(trace.o)
 *fill*         0x000000000000af69        0x3 
 .rodata.lib/libmpa/mpa_misc.c
                0x000000000000af6c       0x28 /home/hrl/optee/optee_os/out/arm/export-ta_arm32/lib/libmpa.a(mpa_misc.o)
                0x000000000000af6c                const_largest_deci_base
                0x000000000000af78                Const_1_LShift_Base
                0x000000000000af88                const_one
 .rodata.lib/libmpa/mpa_primetest.c
                0x000000000000af94      0xd30 /home/hrl/optee/optee_os/out/arm/export-ta_arm32/lib/libmpa.a(mpa_primetest.o)
                0x000000000000af94                MAX_TABULATED_PRIME
                0x000000000000af98                NR_STORED_PRIMES
                0x000000000000af9c                PRIME_TABLE
 .rodata.lib/libmpa/mpa_io.c
                0x000000000000bcc4       0x7c /home/hrl/optee/optee_os/out/arm/export-ta_arm32/lib/libmpa.a(mpa_io.o)

.ARM.extab      0x000000000000bd40      0xafc
 .ARM.extab     0x000000000000bd40       0x3c ./vicky_test_ta.o
 .ARM.extab     0x000000000000bd7c        0x0 ./user_ta_header.o
 .ARM.extab     0x000000000000bd7c       0x54 /home/hrl/optee/optee_os/out/arm/export-ta_arm32/lib/libutee.a(user_ta_entry.o)
 .ARM.extab     0x000000000000bdd0        0xc /home/hrl/optee/optee_os/out/arm/export-ta_arm32/lib/libutee.a(utee_syscalls_a32.o)
 .ARM.extab     0x000000000000bddc      0x198 /home/hrl/optee/optee_os/out/arm/export-ta_arm32/lib/libutee.a(tee_api_arith.o)
 .ARM.extab     0x000000000000bf74      0x120 /home/hrl/optee/optee_os/out/arm/export-ta_arm32/lib/libutee.a(tee_api.o)
 .ARM.extab     0x000000000000c094        0xc /home/hrl/optee/optee_os/out/arm/export-ta_arm32/lib/libutee.a(tee_api_panic.o)
 .ARM.extab     0x000000000000c0a0       0x3c /home/hrl/optee/optee_os/out/arm/export-ta_arm32/lib/libutee.a(utee_misc.o)
 .ARM.extab     0x000000000000c0dc       0xb4 /home/hrl/optee/optee_os/out/arm/export-ta_arm32/lib/libutee.a(tee_user_mem.o)
 .ARM.extab     0x000000000000c190       0x34 /home/hrl/optee/optee_os/out/arm/export-ta_arm32/lib/libutee.a(trace_ext.o)
 .ARM.extab     0x000000000000c1c4        0xc /home/hrl/optee/optee_os/out/arm/export-ta_arm32/lib/libutee.a(assert.o)
 .ARM.extab     0x000000000000c1d0      0x1a4 /home/hrl/optee/optee_os/out/arm/export-ta_arm32/lib/libutils.a(bget_malloc.o)
 .ARM.extab     0x000000000000c374       0x18 /home/hrl/optee/optee_os/out/arm/export-ta_arm32/lib/libutils.a(snprintf.o)
 .ARM.extab     0x000000000000c38c        0xc /home/hrl/optee/optee_os/out/arm/export-ta_arm32/lib/libutils.a(memcmp.o)
 .ARM.extab     0x000000000000c398        0xc /home/hrl/optee/optee_os/out/arm/export-ta_arm32/lib/libutils.a(memcpy.o)
 .ARM.extab     0x000000000000c3a4        0xc /home/hrl/optee/optee_os/out/arm/export-ta_arm32/lib/libutils.a(memmove.o)
 .ARM.extab     0x000000000000c3b0        0xc /home/hrl/optee/optee_os/out/arm/export-ta_arm32/lib/libutils.a(memset.o)
 .ARM.extab     0x000000000000c3bc        0xc /home/hrl/optee/optee_os/out/arm/export-ta_arm32/lib/libutils.a(strlen.o)
 .ARM.extab     0x000000000000c3c8       0x24 /home/hrl/optee/optee_os/out/arm/export-ta_arm32/lib/libutils.a(snprintk.o)
 .ARM.extab     0x000000000000c3ec       0x30 /home/hrl/optee/optee_os/out/arm/export-ta_arm32/lib/libutils.a(trace.o)
 .ARM.extab     0x000000000000c41c        0x0 /home/hrl/optee/optee_os/out/arm/export-ta_arm32/lib/libutils.a(aeabi_unwind.o)
 .ARM.extab     0x000000000000c41c        0xc /home/hrl/optee/optee_os/out/arm/export-ta_arm32/lib/libutils.a(memchr.o)
 .ARM.extab     0x000000000000c428       0x30 /home/hrl/optee/optee_os/out/arm/export-ta_arm32/lib/libutils.a(arm32_aeabi_ldivmod.o)
 .ARM.extab     0x000000000000c458       0x60 /home/hrl/optee/optee_os/out/arm/export-ta_arm32/lib/libmpa.a(mpa_misc.o)
 .ARM.extab     0x000000000000c4b8       0x24 /home/hrl/optee/optee_os/out/arm/export-ta_arm32/lib/libmpa.a(mpa_montgomery.o)
 .ARM.extab     0x000000000000c4dc       0x30 /home/hrl/optee/optee_os/out/arm/export-ta_arm32/lib/libmpa.a(mpa_primetest.o)
 .ARM.extab     0x000000000000c50c       0x30 /home/hrl/optee/optee_os/out/arm/export-ta_arm32/lib/libmpa.a(mpa_conv.o)
 .ARM.extab     0x000000000000c53c       0x48 /home/hrl/optee/optee_os/out/arm/export-ta_arm32/lib/libmpa.a(mpa_div.o)
 .ARM.extab     0x000000000000c584       0x3c /home/hrl/optee/optee_os/out/arm/export-ta_arm32/lib/libmpa.a(mpa_gcd.o)
 .ARM.extab     0x000000000000c5c0       0x3c /home/hrl/optee/optee_os/out/arm/export-ta_arm32/lib/libmpa.a(mpa_mem_static.o)
 .ARM.extab     0x000000000000c5fc       0x30 /home/hrl/optee/optee_os/out/arm/export-ta_arm32/lib/libmpa.a(mpa_mul.o)
 .ARM.extab     0x000000000000c62c       0x30 /home/hrl/optee/optee_os/out/arm/export-ta_arm32/lib/libmpa.a(mpa_random.o)
 .ARM.extab     0x000000000000c65c       0x30 /home/hrl/optee/optee_os/out/arm/export-ta_arm32/lib/libmpa.a(mpa_shift.o)
 .ARM.extab     0x000000000000c68c       0x60 /home/hrl/optee/optee_os/out/arm/export-ta_arm32/lib/libmpa.a(mpa_addsub.o)
 .ARM.extab     0x000000000000c6ec       0x3c /home/hrl/optee/optee_os/out/arm/export-ta_arm32/lib/libmpa.a(mpa_cmp.o)
 .ARM.extab     0x000000000000c728        0xc /home/hrl/optee/optee_os/out/arm/export-ta_arm32/lib/libmpa.a(mpa_expmod.o)
 .ARM.extab     0x000000000000c734       0x18 /home/hrl/optee/optee_os/out/arm/export-ta_arm32/lib/libmpa.a(mpa_init.o)
 .ARM.extab     0x000000000000c74c       0xb4 /home/hrl/optee/optee_os/out/arm/export-ta_arm32/lib/libmpa.a(mpa_io.o)
 .ARM.extab     0x000000000000c800       0x3c /home/hrl/optee/optee_os/out/arm/export-ta_arm32/lib/libmpa.a(mpa_modulus.o)

.gnu.version_d  0x000000000000c83c        0x0
 .gnu.version_d
                0x000000000000c83c        0x0 ./vicky_test_ta.o

.gnu.version    0x000000000000c83c        0x0
 .gnu.version   0x000000000000c83c        0x0 ./vicky_test_ta.o

.gnu.version_r  0x000000000000c83c        0x0
 .gnu.version_r
                0x000000000000c83c        0x0 ./vicky_test_ta.o

.ARM.extab.text.__aeabi_ldivmod
                0x000000000000c83c        0xc
 .ARM.extab.text.__aeabi_ldivmod
                0x000000000000c83c        0xc /home/hrl/optee/optee_os/out/arm/export-ta_arm32/lib/libutils.a(arm32_aeabi_ldivmod_a32.o)

.ARM.extab.text.__aeabi_uldivmod
                0x000000000000c848        0xc
 .ARM.extab.text.__aeabi_uldivmod
                0x000000000000c848        0xc /home/hrl/optee/optee_os/out/arm/export-ta_arm32/lib/libutils.a(arm32_aeabi_ldivmod_a32.o)

.ARM.exidx      0x000000000000c854      0x830
 *(SORT(.ARM.exidx*) SORT(.gnu.linkonce.armexidx.*))
 .ARM.exidx     0x000000000000c854       0x30 ./vicky_test_ta.o
                                         0x38 (size before relaxing)
 .ARM.exidx     0x000000000000ce44        0x8 ./user_ta_header.o
 .ARM.exidx     0x000000000000c884       0x48 /home/hrl/optee/optee_os/out/arm/export-ta_arm32/lib/libutee.a(user_ta_entry.o)
                                         0x50 (size before relaxing)
 .ARM.exidx     0x000000000000c8cc       0x18 /home/hrl/optee/optee_os/out/arm/export-ta_arm32/lib/libutee.a(utee_syscalls_a32.o)
                                        0x240 (size before relaxing)
 .ARM.exidx     0x000000000000c8e4      0x110 /home/hrl/optee/optee_os/out/arm/export-ta_arm32/lib/libutee.a(tee_api_arith.o)
 .ARM.exidx     0x000000000000c9f4       0xc8 /home/hrl/optee/optee_os/out/arm/export-ta_arm32/lib/libutee.a(tee_api.o)
 .ARM.exidx     0x000000000000ce4c        0x8 /home/hrl/optee/optee_os/out/arm/export-ta_arm32/lib/libutee.a(tee_api_panic.o)
 .ARM.exidx     0x000000000000ce54       0x30 /home/hrl/optee/optee_os/out/arm/export-ta_arm32/lib/libutee.a(utee_misc.o)
 .ARM.exidx     0x000000000000cabc       0x88 /home/hrl/optee/optee_os/out/arm/export-ta_arm32/lib/libutee.a(tee_user_mem.o)
 .ARM.exidx     0x000000000000cb44       0x28 /home/hrl/optee/optee_os/out/arm/export-ta_arm32/lib/libutee.a(trace_ext.o)
 .ARM.exidx     0x000000000000cb6c       0x10 /home/hrl/optee/optee_os/out/arm/export-ta_arm32/lib/libutee.a(assert.o)
 .ARM.exidx     0x000000000000cb7c      0x128 /home/hrl/optee/optee_os/out/arm/export-ta_arm32/lib/libutils.a(bget_malloc.o)
 .ARM.exidx     0x000000000000ce84       0x10 /home/hrl/optee/optee_os/out/arm/export-ta_arm32/lib/libutils.a(snprintf.o)
 .ARM.exidx     0x000000000000ce94        0x8 /home/hrl/optee/optee_os/out/arm/export-ta_arm32/lib/libutils.a(memcmp.o)
 .ARM.exidx     0x000000000000ce9c        0x8 /home/hrl/optee/optee_os/out/arm/export-ta_arm32/lib/libutils.a(memcpy.o)
 .ARM.exidx     0x000000000000cea4        0x8 /home/hrl/optee/optee_os/out/arm/export-ta_arm32/lib/libutils.a(memmove.o)
 .ARM.exidx     0x000000000000ceac        0x8 /home/hrl/optee/optee_os/out/arm/export-ta_arm32/lib/libutils.a(memset.o)
 .ARM.exidx     0x000000000000ceb4        0x8 /home/hrl/optee/optee_os/out/arm/export-ta_arm32/lib/libutils.a(strlen.o)
 .ARM.exidx     0x000000000000cca4       0x28 /home/hrl/optee/optee_os/out/arm/export-ta_arm32/lib/libutils.a(snprintk.o)
 .ARM.exidx     0x000000000000cccc       0x28 /home/hrl/optee/optee_os/out/arm/export-ta_arm32/lib/libutils.a(trace.o)
 .ARM.exidx     0x000000000000cebc        0x8 /home/hrl/optee/optee_os/out/arm/export-ta_arm32/lib/libutils.a(aeabi_unwind.o)
                                         0x18 (size before relaxing)
 .ARM.exidx     0x000000000000cec4        0x8 /home/hrl/optee/optee_os/out/arm/export-ta_arm32/lib/libutils.a(memchr.o)
 .ARM.exidx.text.__aeabi_ldivmod
                0x000000000000ccf4        0x8 /home/hrl/optee/optee_os/out/arm/export-ta_arm32/lib/libutils.a(arm32_aeabi_ldivmod_a32.o)
 .ARM.exidx.text.__aeabi_uldivmod
                0x000000000000ccfc        0x8 /home/hrl/optee/optee_os/out/arm/export-ta_arm32/lib/libutils.a(arm32_aeabi_ldivmod_a32.o)
 .ARM.exidx     0x000000000000cecc       0x20 /home/hrl/optee/optee_os/out/arm/export-ta_arm32/lib/libutils.a(arm32_aeabi_ldivmod.o)
 .ARM.exidx     0x000000000000cd04       0x48 /home/hrl/optee/optee_os/out/arm/export-ta_arm32/lib/libmpa.a(mpa_misc.o)
 .ARM.exidx     0x000000000000cd4c       0x28 /home/hrl/optee/optee_os/out/arm/export-ta_arm32/lib/libmpa.a(mpa_montgomery.o)
 .ARM.exidx     0x000000000000cd74       0x28 /home/hrl/optee/optee_os/out/arm/export-ta_arm32/lib/libmpa.a(mpa_primetest.o)
 .ARM.exidx     0x000000000000ceec       0x20 /home/hrl/optee/optee_os/out/arm/export-ta_arm32/lib/libmpa.a(mpa_conv.o)
 .ARM.exidx     0x000000000000cf0c       0x30 /home/hrl/optee/optee_os/out/arm/export-ta_arm32/lib/libmpa.a(mpa_div.o)
 .ARM.exidx     0x000000000000cf3c       0x28 /home/hrl/optee/optee_os/out/arm/export-ta_arm32/lib/libmpa.a(mpa_gcd.o)
 .ARM.exidx     0x000000000000cf64       0x28 /home/hrl/optee/optee_os/out/arm/export-ta_arm32/lib/libmpa.a(mpa_mem_static.o)
 .ARM.exidx     0x000000000000cf8c       0x28 /home/hrl/optee/optee_os/out/arm/export-ta_arm32/lib/libmpa.a(mpa_mul.o)
                                         0x30 (size before relaxing)
 .ARM.exidx     0x000000000000cd9c       0x20 /home/hrl/optee/optee_os/out/arm/export-ta_arm32/lib/libmpa.a(mpa_random.o)
 .ARM.exidx     0x000000000000cfb4       0x20 /home/hrl/optee/optee_os/out/arm/export-ta_arm32/lib/libmpa.a(mpa_shift.o)
 .ARM.exidx     0x000000000000cfd4       0x48 /home/hrl/optee/optee_os/out/arm/export-ta_arm32/lib/libmpa.a(mpa_addsub.o)
                                         0x58 (size before relaxing)
 .ARM.exidx     0x000000000000d01c       0x28 /home/hrl/optee/optee_os/out/arm/export-ta_arm32/lib/libmpa.a(mpa_cmp.o)
 .ARM.exidx     0x000000000000cdbc        0x8 /home/hrl/optee/optee_os/out/arm/export-ta_arm32/lib/libmpa.a(mpa_expmod.o)
 .ARM.exidx     0x000000000000d044       0x10 /home/hrl/optee/optee_os/out/arm/export-ta_arm32/lib/libmpa.a(mpa_init.o)
 .ARM.exidx     0x000000000000cdc4       0x80 /home/hrl/optee/optee_os/out/arm/export-ta_arm32/lib/libmpa.a(mpa_io.o)
 .ARM.exidx     0x000000000000d054       0x30 /home/hrl/optee/optee_os/out/arm/export-ta_arm32/lib/libmpa.a(mpa_modulus.o)
                                         0x28 (size before relaxing)

.ctors
 *(SORT(.ctors))

.dtors
 *(SORT(.dtors))

.plt            0x000000000000d084        0x0
 *(SORT(.plt))
 .plt           0x000000000000d084        0x0 ./vicky_test_ta.o

.got            0x000000000000d084       0x28
 *(SORT(.got.plt))
 .got.plt       0x000000000000d084        0xc ./vicky_test_ta.o
                0x000000000000d084                _GLOBAL_OFFSET_TABLE_
 *(SORT(.got))
 .got           0x000000000000d090       0x1c ./vicky_test_ta.o

.rel.text       0x000000000000d0ac        0x0
 *(SORT(.rel.text))
 .rel.text      0x000000000000d0ac        0x0 ./vicky_test_ta.o
 *(SORT(.rel.gnu.linkonce.t*))

.rela.text
 *(SORT(.rela.text))
 *(SORT(.rela.gnu.linkonce.t*))

.rel.data
 *(SORT(.rel.data))
 *(SORT(.rel.gnu.linkonce.d*))

.rela.data
 *(SORT(.rela.data))
 *(SORT(.rela.gnu.linkonce.d*))

.rel.rodata
 *(SORT(.rel.rodata))
 *(SORT(.rel.gnu.linkonce.r*))

.rela.rodata
 *(SORT(.rela.rodata))
 *(SORT(.rela.gnu.linkonce.r*))

.rel.dyn        0x000000000000d0ac       0xc8
 *(SORT(.rel.dyn))
 .rel.iplt      0x000000000000d0ac        0x0 ./vicky_test_ta.o
 .rel.ta_head   0x000000000000d0ac        0x8 ./vicky_test_ta.o
 .rel.data.rel.ro.local
                0x000000000000d0b4       0x90 ./vicky_test_ta.o
 .rel.data.rel  0x000000000000d144        0x8 ./vicky_test_ta.o
 .rel.data.rel.local
                0x000000000000d14c       0x28 ./vicky_test_ta.o

.rel.got        0x000000000000d174       0x38
 *(SORT(.rel.got))
 .rel.got       0x000000000000d174       0x38 ./vicky_test_ta.o

.rela.got
 *(SORT(.rela.got))

.rel.ctors
 *(SORT(.rel.ctors))

.rela.ctors
 *(SORT(.rela.ctors))

.rel.dtors
 *(SORT(.rel.dtors))

.rela.dtors
 *(SORT(.rela.dtors))

.rel.init
 *(SORT(.rel.init))

.rela.init
 *(SORT(.rela.init))

.rel.fini
 *(SORT(.rel.fini))

.rela.fini
 *(SORT(.rela.fini))

.rel.bss
 *(SORT(.rel.bss))

.rela.bss
 *(SORT(.rela.bss))

.rel.plt        0x000000000000d1ac        0x0
 *(SORT(.rel.plt))
 .rel.plt       0x000000000000d1ac        0x0 ./vicky_test_ta.o

.rela.plt
 *(SORT(.rela.plt))

.dynamic        0x000000000000d1ac       0x80
 *(SORT(.dynamic))
 .dynamic       0x000000000000d1ac       0x80 ./vicky_test_ta.o
                0x000000000000d1ac                _DYNAMIC

.dynsym         0x000000000000d22c       0xa0
 *(SORT(.dynsym))
 .dynsym        0x000000000000d22c       0xa0 ./vicky_test_ta.o

.dynstr         0x000000000000d2cc       0x5f
 *(SORT(.dynstr))
 .dynstr        0x000000000000d2cc       0x5f ./vicky_test_ta.o

.hash           0x000000000000d32c       0x3c
 *(SORT(.hash))
 .hash          0x000000000000d32c       0x3c ./vicky_test_ta.o
                0x000000000000e000                . = ALIGN (0x1000)

.data           0x000000000000e000       0x9c
 *(SORT(.data) SORT(.data.*) SORT(.gnu.linkonce.d.*))
 .data          0x000000000000e000        0x4 ./user_ta_header.o
                0x000000000000e000                trace_level
 .data.rel.ro.local
                0x000000000000e004       0x6c ./user_ta_header.o
                0x000000000000e004                ta_props
 .data.rel      0x000000000000e070        0x4 /home/hrl/optee/optee_os/out/arm/export-ta_arm32/lib/libutee.a(user_ta_entry.o)
                0x000000000000e070                _ref__utee_mcount
 .data.rel.local
                0x000000000000e074        0x8 /home/hrl/optee/optee_os/out/arm/export-ta_arm32/lib/libutee.a(user_ta_entry.o)
 .data.rel.local
                0x000000000000e07c        0x4 /home/hrl/optee/optee_os/out/arm/export-ta_arm32/lib/libutee.a(tee_api_arith.o)
 .data          0x000000000000e080        0x4 /home/hrl/optee/optee_os/out/arm/export-ta_arm32/lib/libutee.a(tee_user_mem.o)
 .data.rel.local
                0x000000000000e084        0x8 /home/hrl/optee/optee_os/out/arm/export-ta_arm32/lib/libutee.a(tee_user_mem.o)
                0x000000000000e084                user_mem_head
 .data.rel.local
                0x000000000000e08c       0x10 /home/hrl/optee/optee_os/out/arm/export-ta_arm32/lib/libutils.a(bget_malloc.o)
 .data          0x000000000000e09c        0x0 ./vicky_test_ta.o
 .data          0x000000000000e09c        0x0 /home/hrl/optee/optee_os/out/arm/export-ta_arm32/lib/libutee.a(user_ta_entry.o)
 .data          0x000000000000e09c        0x0 /home/hrl/optee/optee_os/out/arm/export-ta_arm32/lib/libutee.a(utee_syscalls_a32.o)
 .data          0x000000000000e09c        0x0 /home/hrl/optee/optee_os/out/arm/export-ta_arm32/lib/libutee.a(gprof_a32.o)
 .data          0x000000000000e09c        0x0 /home/hrl/optee/optee_os/out/arm/export-ta_arm32/lib/libutee.a(tee_api_arith.o)
 .data          0x000000000000e09c        0x0 /home/hrl/optee/optee_os/out/arm/export-ta_arm32/lib/libutee.a(tee_api.o)
 .data          0x000000000000e09c        0x0 /home/hrl/optee/optee_os/out/arm/export-ta_arm32/lib/libutee.a(tee_api_panic.o)
 .data          0x000000000000e09c        0x0 /home/hrl/optee/optee_os/out/arm/export-ta_arm32/lib/libutee.a(utee_misc.o)
 .data          0x000000000000e09c        0x0 /home/hrl/optee/optee_os/out/arm/export-ta_arm32/lib/libutee.a(trace_ext.o)
 .data          0x000000000000e09c        0x0 /home/hrl/optee/optee_os/out/arm/export-ta_arm32/lib/libutee.a(assert.o)
 .data          0x000000000000e09c        0x0 /home/hrl/optee/optee_os/out/arm/export-ta_arm32/lib/libutils.a(bget_malloc.o)
 .data          0x000000000000e09c        0x0 /home/hrl/optee/optee_os/out/arm/export-ta_arm32/lib/libutils.a(snprintf.o)
 .data          0x000000000000e09c        0x0 /home/hrl/optee/optee_os/out/arm/export-ta_arm32/lib/libutils.a(memcmp.o)
 .data          0x000000000000e09c        0x0 /home/hrl/optee/optee_os/out/arm/export-ta_arm32/lib/libutils.a(memcpy.o)
 .data          0x000000000000e09c        0x0 /home/hrl/optee/optee_os/out/arm/export-ta_arm32/lib/libutils.a(memmove.o)
 .data          0x000000000000e09c        0x0 /home/hrl/optee/optee_os/out/arm/export-ta_arm32/lib/libutils.a(memset.o)
 .data          0x000000000000e09c        0x0 /home/hrl/optee/optee_os/out/arm/export-ta_arm32/lib/libutils.a(strlen.o)
 .data          0x000000000000e09c        0x0 /home/hrl/optee/optee_os/out/arm/export-ta_arm32/lib/libutils.a(snprintk.o)
 .data          0x000000000000e09c        0x0 /home/hrl/optee/optee_os/out/arm/export-ta_arm32/lib/libutils.a(trace.o)
 .data          0x000000000000e09c        0x0 /home/hrl/optee/optee_os/out/arm/export-ta_arm32/lib/libutils.a(aeabi_unwind.o)
 .data          0x000000000000e09c        0x0 /home/hrl/optee/optee_os/out/arm/export-ta_arm32/lib/libutils.a(memchr.o)
 .data          0x000000000000e09c        0x0 /home/hrl/optee/optee_os/out/arm/export-ta_arm32/lib/libutils.a(arm32_aeabi_ldivmod_a32.o)
 .data          0x000000000000e09c        0x0 /home/hrl/optee/optee_os/out/arm/export-ta_arm32/lib/libutils.a(arm32_aeabi_ldivmod.o)
 .data          0x000000000000e09c        0x0 /home/hrl/optee/optee_os/out/arm/export-ta_arm32/lib/libmpa.a(mpa_misc.o)
 .data          0x000000000000e09c        0x0 /home/hrl/optee/optee_os/out/arm/export-ta_arm32/lib/libmpa.a(mpa_montgomery.o)
 .data          0x000000000000e09c        0x0 /home/hrl/optee/optee_os/out/arm/export-ta_arm32/lib/libmpa.a(mpa_primetest.o)
 .data          0x000000000000e09c        0x0 /home/hrl/optee/optee_os/out/arm/export-ta_arm32/lib/libmpa.a(mpa_conv.o)
 .data          0x000000000000e09c        0x0 /home/hrl/optee/optee_os/out/arm/export-ta_arm32/lib/libmpa.a(mpa_div.o)
 .data          0x000000000000e09c        0x0 /home/hrl/optee/optee_os/out/arm/export-ta_arm32/lib/libmpa.a(mpa_gcd.o)
 .data          0x000000000000e09c        0x0 /home/hrl/optee/optee_os/out/arm/export-ta_arm32/lib/libmpa.a(mpa_mem_static.o)
 .data          0x000000000000e09c        0x0 /home/hrl/optee/optee_os/out/arm/export-ta_arm32/lib/libmpa.a(mpa_mul.o)
 .data          0x000000000000e09c        0x0 /home/hrl/optee/optee_os/out/arm/export-ta_arm32/lib/libmpa.a(mpa_random.o)
 .data          0x000000000000e09c        0x0 /home/hrl/optee/optee_os/out/arm/export-ta_arm32/lib/libmpa.a(mpa_shift.o)
 .data          0x000000000000e09c        0x0 /home/hrl/optee/optee_os/out/arm/export-ta_arm32/lib/libmpa.a(mpa_addsub.o)
 .data          0x000000000000e09c        0x0 /home/hrl/optee/optee_os/out/arm/export-ta_arm32/lib/libmpa.a(mpa_cmp.o)
 .data          0x000000000000e09c        0x0 /home/hrl/optee/optee_os/out/arm/export-ta_arm32/lib/libmpa.a(mpa_expmod.o)
 .data          0x000000000000e09c        0x0 /home/hrl/optee/optee_os/out/arm/export-ta_arm32/lib/libmpa.a(mpa_init.o)
 .data          0x000000000000e09c        0x0 /home/hrl/optee/optee_os/out/arm/export-ta_arm32/lib/libmpa.a(mpa_io.o)
 .data          0x000000000000e09c        0x0 /home/hrl/optee/optee_os/out/arm/export-ta_arm32/lib/libmpa.a(mpa_modulus.o)

.igot.plt       0x000000000000e09c        0x0
 .igot.plt      0x000000000000e09c        0x0 ./vicky_test_ta.o

.bss            0x000000000000e09c     0xab94
 *(SORT(.bss) SORT(.bss.*) SORT(.gnu.linkonce.b.*) SORT(COMMON))
 .bss           0x000000000000e09c     0x8000 ./user_ta_header.o
                0x000000000000e09c                ta_heap
 .bss           0x000000000001609c       0x29 /home/hrl/optee/optee_os/out/arm/export-ta_arm32/lib/libutee.a(user_ta_entry.o)
                0x000000000001609c                ta_param_types
                0x00000000000160a0                ta_params
 *fill*         0x00000000000160c5        0x3 
 .bss           0x00000000000160c8     0x1b00 /home/hrl/optee/optee_os/out/arm/export-ta_arm32/lib/libutee.a(tee_api_arith.o)
 .bss           0x0000000000017bc8        0x4 /home/hrl/optee/optee_os/out/arm/export-ta_arm32/lib/libutee.a(tee_api.o)
 .bss           0x0000000000017bcc        0xc /home/hrl/optee/optee_os/out/arm/export-ta_arm32/lib/libutee.a(tee_user_mem.o)
 .bss           0x0000000000017bd8       0x4c /home/hrl/optee/optee_os/out/arm/export-ta_arm32/lib/libutils.a(bget_malloc.o)
 .bss           0x0000000000017c24        0x4 /home/hrl/optee/optee_os/out/arm/export-ta_arm32/lib/libmpa.a(mpa_random.o)
 .bss           0x0000000000017c28     0x1002 /home/hrl/optee/optee_os/out/arm/export-ta_arm32/lib/libmpa.a(mpa_io.o)
 .bss           0x0000000000018c2a        0x0 ./vicky_test_ta.o
 .bss           0x0000000000018c2a        0x0 /home/hrl/optee/optee_os/out/arm/export-ta_arm32/lib/libutee.a(utee_syscalls_a32.o)
 .bss           0x0000000000018c2a        0x0 /home/hrl/optee/optee_os/out/arm/export-ta_arm32/lib/libutee.a(gprof_a32.o)
 .bss           0x0000000000018c2a        0x0 /home/hrl/optee/optee_os/out/arm/export-ta_arm32/lib/libutee.a(tee_api_panic.o)
 .bss           0x0000000000018c2a        0x0 /home/hrl/optee/optee_os/out/arm/export-ta_arm32/lib/libutee.a(utee_misc.o)
 .bss           0x0000000000018c2a        0x0 /home/hrl/optee/optee_os/out/arm/export-ta_arm32/lib/libutee.a(trace_ext.o)
 .bss           0x0000000000018c2a        0x0 /home/hrl/optee/optee_os/out/arm/export-ta_arm32/lib/libutee.a(assert.o)
 .bss           0x0000000000018c2a        0x0 /home/hrl/optee/optee_os/out/arm/export-ta_arm32/lib/libutils.a(snprintf.o)
 .bss           0x0000000000018c2a        0x0 /home/hrl/optee/optee_os/out/arm/export-ta_arm32/lib/libutils.a(memcmp.o)
 .bss           0x0000000000018c2a        0x0 /home/hrl/optee/optee_os/out/arm/export-ta_arm32/lib/libutils.a(memcpy.o)
 .bss           0x0000000000018c2a        0x0 /home/hrl/optee/optee_os/out/arm/export-ta_arm32/lib/libutils.a(memmove.o)
 .bss           0x0000000000018c2a        0x0 /home/hrl/optee/optee_os/out/arm/export-ta_arm32/lib/libutils.a(memset.o)
 .bss           0x0000000000018c2a        0x0 /home/hrl/optee/optee_os/out/arm/export-ta_arm32/lib/libutils.a(strlen.o)
 .bss           0x0000000000018c2a        0x0 /home/hrl/optee/optee_os/out/arm/export-ta_arm32/lib/libutils.a(snprintk.o)
 .bss           0x0000000000018c2a        0x0 /home/hrl/optee/optee_os/out/arm/export-ta_arm32/lib/libutils.a(trace.o)
 .bss           0x0000000000018c2a        0x0 /home/hrl/optee/optee_os/out/arm/export-ta_arm32/lib/libutils.a(aeabi_unwind.o)
 .bss           0x0000000000018c2a        0x0 /home/hrl/optee/optee_os/out/arm/export-ta_arm32/lib/libutils.a(memchr.o)
 .bss           0x0000000000018c2a        0x0 /home/hrl/optee/optee_os/out/arm/export-ta_arm32/lib/libutils.a(arm32_aeabi_ldivmod_a32.o)
 .bss           0x0000000000018c2a        0x0 /home/hrl/optee/optee_os/out/arm/export-ta_arm32/lib/libutils.a(arm32_aeabi_ldivmod.o)
 .bss           0x0000000000018c2a        0x0 /home/hrl/optee/optee_os/out/arm/export-ta_arm32/lib/libmpa.a(mpa_misc.o)
 .bss           0x0000000000018c2a        0x0 /home/hrl/optee/optee_os/out/arm/export-ta_arm32/lib/libmpa.a(mpa_montgomery.o)
 .bss           0x0000000000018c2a        0x0 /home/hrl/optee/optee_os/out/arm/export-ta_arm32/lib/libmpa.a(mpa_primetest.o)
 .bss           0x0000000000018c2a        0x0 /home/hrl/optee/optee_os/out/arm/export-ta_arm32/lib/libmpa.a(mpa_conv.o)
 .bss           0x0000000000018c2a        0x0 /home/hrl/optee/optee_os/out/arm/export-ta_arm32/lib/libmpa.a(mpa_div.o)
 .bss           0x0000000000018c2a        0x0 /home/hrl/optee/optee_os/out/arm/export-ta_arm32/lib/libmpa.a(mpa_gcd.o)
 .bss           0x0000000000018c2a        0x0 /home/hrl/optee/optee_os/out/arm/export-ta_arm32/lib/libmpa.a(mpa_mem_static.o)
 .bss           0x0000000000018c2a        0x0 /home/hrl/optee/optee_os/out/arm/export-ta_arm32/lib/libmpa.a(mpa_mul.o)
 .bss           0x0000000000018c2a        0x0 /home/hrl/optee/optee_os/out/arm/export-ta_arm32/lib/libmpa.a(mpa_shift.o)
 .bss           0x0000000000018c2a        0x0 /home/hrl/optee/optee_os/out/arm/export-ta_arm32/lib/libmpa.a(mpa_addsub.o)
 .bss           0x0000000000018c2a        0x0 /home/hrl/optee/optee_os/out/arm/export-ta_arm32/lib/libmpa.a(mpa_cmp.o)
 .bss           0x0000000000018c2a        0x0 /home/hrl/optee/optee_os/out/arm/export-ta_arm32/lib/libmpa.a(mpa_expmod.o)
 .bss           0x0000000000018c2a        0x0 /home/hrl/optee/optee_os/out/arm/export-ta_arm32/lib/libmpa.a(mpa_init.o)
 .bss           0x0000000000018c2a        0x0 /home/hrl/optee/optee_os/out/arm/export-ta_arm32/lib/libmpa.a(mpa_modulus.o)
                0x0000000000018c30                . = ALIGN (0x8)
 *fill*         0x0000000000018c2a        0x6 
                0x0000000000018c30                __gprof_buf_start = .
                0x0000000000018c30                . = (. + DEFINED (__gnu_mcount_nc)?(((__text_end - __text_start) * 0x88) / 0x64):0x0)
                0x0000000000018c30                __gprof_buf_end = .

.dynbss         0x0000000000018c30        0x0
 .dynbss        0x0000000000018c30        0x0 ./vicky_test_ta.o

/DISCARD/
 *(SORT(.interp))
LOAD ./vicky_test_ta.o
LOAD ./user_ta_header.o
START GROUP
LOAD /home/hrl/optee/optee_os/out/arm/export-ta_arm32/lib/libmpa.a
LOAD /home/hrl/optee/optee_os/out/arm/export-ta_arm32/lib/libutee.a
LOAD /home/hrl/optee/optee_os/out/arm/export-ta_arm32/lib/libutils.a
END GROUP
OUTPUT(9aaaf200-2450-11e4-abe2-0002a5d5c51b.elf elf32-littlearm)

.debug_info     0x0000000000000000     0x9938
 .debug_info    0x0000000000000000      0x37f ./vicky_test_ta.o
 .debug_info    0x000000000000037f      0x383 ./user_ta_header.o
 .debug_info    0x0000000000000702      0x61a /home/hrl/optee/optee_os/out/arm/export-ta_arm32/lib/libutee.a(user_ta_entry.o)
 .debug_info    0x0000000000000d1c       0x6a /home/hrl/optee/optee_os/out/arm/export-ta_arm32/lib/libutee.a(utee_syscalls_a32.o)
 .debug_info    0x0000000000000d86       0x68 /home/hrl/optee/optee_os/out/arm/export-ta_arm32/lib/libutee.a(gprof_a32.o)
 .debug_info    0x0000000000000dee      0xff1 /home/hrl/optee/optee_os/out/arm/export-ta_arm32/lib/libutee.a(tee_api_arith.o)
 .debug_info    0x0000000000001ddf      0xa5c /home/hrl/optee/optee_os/out/arm/export-ta_arm32/lib/libutee.a(tee_api.o)
 .debug_info    0x000000000000283b       0xe6 /home/hrl/optee/optee_os/out/arm/export-ta_arm32/lib/libutee.a(tee_api_panic.o)
 .debug_info    0x0000000000002921      0x1e0 /home/hrl/optee/optee_os/out/arm/export-ta_arm32/lib/libutee.a(utee_misc.o)
 .debug_info    0x0000000000002b01      0x6b1 /home/hrl/optee/optee_os/out/arm/export-ta_arm32/lib/libutee.a(tee_user_mem.o)
 .debug_info    0x00000000000031b2      0x1e8 /home/hrl/optee/optee_os/out/arm/export-ta_arm32/lib/libutee.a(trace_ext.o)
 .debug_info    0x000000000000339a      0x11a /home/hrl/optee/optee_os/out/arm/export-ta_arm32/lib/libutee.a(assert.o)
 .debug_info    0x00000000000034b4     0x1182 /home/hrl/optee/optee_os/out/arm/export-ta_arm32/lib/libutils.a(bget_malloc.o)
 .debug_info    0x0000000000004636      0x135 /home/hrl/optee/optee_os/out/arm/export-ta_arm32/lib/libutils.a(snprintf.o)
 .debug_info    0x000000000000476b       0xd8 /home/hrl/optee/optee_os/out/arm/export-ta_arm32/lib/libutils.a(memcmp.o)
 .debug_info    0x0000000000004843       0xf8 /home/hrl/optee/optee_os/out/arm/export-ta_arm32/lib/libutils.a(memcpy.o)
 .debug_info    0x000000000000493b       0xf8 /home/hrl/optee/optee_os/out/arm/export-ta_arm32/lib/libutils.a(memmove.o)
 .debug_info    0x0000000000004a33       0xdd /home/hrl/optee/optee_os/out/arm/export-ta_arm32/lib/libutils.a(memset.o)
 .debug_info    0x0000000000004b10       0xa6 /home/hrl/optee/optee_os/out/arm/export-ta_arm32/lib/libutils.a(strlen.o)
 .debug_info    0x0000000000004bb6      0x4fe /home/hrl/optee/optee_os/out/arm/export-ta_arm32/lib/libutils.a(snprintk.o)
 .debug_info    0x00000000000050b4      0x2ad /home/hrl/optee/optee_os/out/arm/export-ta_arm32/lib/libutils.a(trace.o)
 .debug_info    0x0000000000005361       0x5d /home/hrl/optee/optee_os/out/arm/export-ta_arm32/lib/libutils.a(aeabi_unwind.o)
 .debug_info    0x00000000000053be       0xef /home/hrl/optee/optee_os/out/arm/export-ta_arm32/lib/libutils.a(memchr.o)
 .debug_info    0x00000000000054ad       0x72 /home/hrl/optee/optee_os/out/arm/export-ta_arm32/lib/libutils.a(arm32_aeabi_ldivmod_a32.o)
 .debug_info    0x000000000000551f      0x1f8 /home/hrl/optee/optee_os/out/arm/export-ta_arm32/lib/libutils.a(arm32_aeabi_ldivmod.o)
 .debug_info    0x0000000000005717      0x31f /home/hrl/optee/optee_os/out/arm/export-ta_arm32/lib/libmpa.a(mpa_misc.o)
 .debug_info    0x0000000000005a36      0x4c1 /home/hrl/optee/optee_os/out/arm/export-ta_arm32/lib/libmpa.a(mpa_montgomery.o)
 .debug_info    0x0000000000005ef7      0x4d2 /home/hrl/optee/optee_os/out/arm/export-ta_arm32/lib/libmpa.a(mpa_primetest.o)
 .debug_info    0x00000000000063c9      0x204 /home/hrl/optee/optee_os/out/arm/export-ta_arm32/lib/libmpa.a(mpa_conv.o)
 .debug_info    0x00000000000065cd      0x5b0 /home/hrl/optee/optee_os/out/arm/export-ta_arm32/lib/libmpa.a(mpa_div.o)
 .debug_info    0x0000000000006b7d      0x4d5 /home/hrl/optee/optee_os/out/arm/export-ta_arm32/lib/libmpa.a(mpa_gcd.o)
 .debug_info    0x0000000000007052      0x447 /home/hrl/optee/optee_os/out/arm/export-ta_arm32/lib/libmpa.a(mpa_mem_static.o)
 .debug_info    0x0000000000007499      0x49c /home/hrl/optee/optee_os/out/arm/export-ta_arm32/lib/libmpa.a(mpa_mul.o)
 .debug_info    0x0000000000007935      0x2b4 /home/hrl/optee/optee_os/out/arm/export-ta_arm32/lib/libmpa.a(mpa_random.o)
 .debug_info    0x0000000000007be9      0x2a4 /home/hrl/optee/optee_os/out/arm/export-ta_arm32/lib/libmpa.a(mpa_shift.o)
 .debug_info    0x0000000000007e8d      0x77c /home/hrl/optee/optee_os/out/arm/export-ta_arm32/lib/libmpa.a(mpa_addsub.o)
 .debug_info    0x0000000000008609      0x2b1 /home/hrl/optee/optee_os/out/arm/export-ta_arm32/lib/libmpa.a(mpa_cmp.o)
 .debug_info    0x00000000000088ba      0x339 /home/hrl/optee/optee_os/out/arm/export-ta_arm32/lib/libmpa.a(mpa_expmod.o)
 .debug_info    0x0000000000008bf3      0x209 /home/hrl/optee/optee_os/out/arm/export-ta_arm32/lib/libmpa.a(mpa_init.o)
 .debug_info    0x0000000000008dfc      0x740 /home/hrl/optee/optee_os/out/arm/export-ta_arm32/lib/libmpa.a(mpa_io.o)
 .debug_info    0x000000000000953c      0x3fc /home/hrl/optee/optee_os/out/arm/export-ta_arm32/lib/libmpa.a(mpa_modulus.o)

.debug_abbrev   0x0000000000000000     0x2e15
 .debug_abbrev  0x0000000000000000      0x139 ./vicky_test_ta.o
 .debug_abbrev  0x0000000000000139      0x13c ./user_ta_header.o
 .debug_abbrev  0x0000000000000275      0x1ce /home/hrl/optee/optee_os/out/arm/export-ta_arm32/lib/libutee.a(user_ta_entry.o)
 .debug_abbrev  0x0000000000000443       0x14 /home/hrl/optee/optee_os/out/arm/export-ta_arm32/lib/libutee.a(utee_syscalls_a32.o)
 .debug_abbrev  0x0000000000000457       0x14 /home/hrl/optee/optee_os/out/arm/export-ta_arm32/lib/libutee.a(gprof_a32.o)
 .debug_abbrev  0x000000000000046b      0x20c /home/hrl/optee/optee_os/out/arm/export-ta_arm32/lib/libutee.a(tee_api_arith.o)
 .debug_abbrev  0x0000000000000677      0x214 /home/hrl/optee/optee_os/out/arm/export-ta_arm32/lib/libutee.a(tee_api.o)
 .debug_abbrev  0x000000000000088b       0x87 /home/hrl/optee/optee_os/out/arm/export-ta_arm32/lib/libutee.a(tee_api_panic.o)
 .debug_abbrev  0x0000000000000912       0xd5 /home/hrl/optee/optee_os/out/arm/export-ta_arm32/lib/libutee.a(utee_misc.o)
 .debug_abbrev  0x00000000000009e7      0x26b /home/hrl/optee/optee_os/out/arm/export-ta_arm32/lib/libutee.a(tee_user_mem.o)
 .debug_abbrev  0x0000000000000c52      0x115 /home/hrl/optee/optee_os/out/arm/export-ta_arm32/lib/libutee.a(trace_ext.o)
 .debug_abbrev  0x0000000000000d67       0xa0 /home/hrl/optee/optee_os/out/arm/export-ta_arm32/lib/libutee.a(assert.o)
 .debug_abbrev  0x0000000000000e07      0x25b /home/hrl/optee/optee_os/out/arm/export-ta_arm32/lib/libutils.a(bget_malloc.o)
 .debug_abbrev  0x0000000000001062       0xe4 /home/hrl/optee/optee_os/out/arm/export-ta_arm32/lib/libutils.a(snprintf.o)
 .debug_abbrev  0x0000000000001146       0x82 /home/hrl/optee/optee_os/out/arm/export-ta_arm32/lib/libutils.a(memcmp.o)
 .debug_abbrev  0x00000000000011c8       0x9f /home/hrl/optee/optee_os/out/arm/export-ta_arm32/lib/libutils.a(memcpy.o)
 .debug_abbrev  0x0000000000001267       0x9f /home/hrl/optee/optee_os/out/arm/export-ta_arm32/lib/libutils.a(memmove.o)
 .debug_abbrev  0x0000000000001306       0x93 /home/hrl/optee/optee_os/out/arm/export-ta_arm32/lib/libutils.a(memset.o)
 .debug_abbrev  0x0000000000001399       0x84 /home/hrl/optee/optee_os/out/arm/export-ta_arm32/lib/libutils.a(strlen.o)
 .debug_abbrev  0x000000000000141d      0x185 /home/hrl/optee/optee_os/out/arm/export-ta_arm32/lib/libutils.a(snprintk.o)
 .debug_abbrev  0x00000000000015a2      0x15b /home/hrl/optee/optee_os/out/arm/export-ta_arm32/lib/libutils.a(trace.o)
 .debug_abbrev  0x00000000000016fd       0x2f /home/hrl/optee/optee_os/out/arm/export-ta_arm32/lib/libutils.a(aeabi_unwind.o)
 .debug_abbrev  0x000000000000172c       0xae /home/hrl/optee/optee_os/out/arm/export-ta_arm32/lib/libutils.a(memchr.o)
 .debug_abbrev  0x00000000000017da       0x12 /home/hrl/optee/optee_os/out/arm/export-ta_arm32/lib/libutils.a(arm32_aeabi_ldivmod_a32.o)
 .debug_abbrev  0x00000000000017ec       0xdc /home/hrl/optee/optee_os/out/arm/export-ta_arm32/lib/libutils.a(arm32_aeabi_ldivmod.o)
 .debug_abbrev  0x00000000000018c8      0x13a /home/hrl/optee/optee_os/out/arm/export-ta_arm32/lib/libmpa.a(mpa_misc.o)
 .debug_abbrev  0x0000000000001a02      0x1a1 /home/hrl/optee/optee_os/out/arm/export-ta_arm32/lib/libmpa.a(mpa_montgomery.o)
 .debug_abbrev  0x0000000000001ba3      0x178 /home/hrl/optee/optee_os/out/arm/export-ta_arm32/lib/libmpa.a(mpa_primetest.o)
 .debug_abbrev  0x0000000000001d1b      0x104 /home/hrl/optee/optee_os/out/arm/export-ta_arm32/lib/libmpa.a(mpa_conv.o)
 .debug_abbrev  0x0000000000001e1f      0x19c /home/hrl/optee/optee_os/out/arm/export-ta_arm32/lib/libmpa.a(mpa_div.o)
 .debug_abbrev  0x0000000000001fbb      0x17e /home/hrl/optee/optee_os/out/arm/export-ta_arm32/lib/libmpa.a(mpa_gcd.o)
 .debug_abbrev  0x0000000000002139      0x13e /home/hrl/optee/optee_os/out/arm/export-ta_arm32/lib/libmpa.a(mpa_mem_static.o)
 .debug_abbrev  0x0000000000002277      0x139 /home/hrl/optee/optee_os/out/arm/export-ta_arm32/lib/libmpa.a(mpa_mul.o)
 .debug_abbrev  0x00000000000023b0      0x167 /home/hrl/optee/optee_os/out/arm/export-ta_arm32/lib/libmpa.a(mpa_random.o)
 .debug_abbrev  0x0000000000002517      0x106 /home/hrl/optee/optee_os/out/arm/export-ta_arm32/lib/libmpa.a(mpa_shift.o)
 .debug_abbrev  0x000000000000261d      0x180 /home/hrl/optee/optee_os/out/arm/export-ta_arm32/lib/libmpa.a(mpa_addsub.o)
 .debug_abbrev  0x000000000000279d      0x108 /home/hrl/optee/optee_os/out/arm/export-ta_arm32/lib/libmpa.a(mpa_cmp.o)
 .debug_abbrev  0x00000000000028a5      0x11b /home/hrl/optee/optee_os/out/arm/export-ta_arm32/lib/libmpa.a(mpa_expmod.o)
 .debug_abbrev  0x00000000000029c0       0xf7 /home/hrl/optee/optee_os/out/arm/export-ta_arm32/lib/libmpa.a(mpa_init.o)
 .debug_abbrev  0x0000000000002ab7      0x223 /home/hrl/optee/optee_os/out/arm/export-ta_arm32/lib/libmpa.a(mpa_io.o)
 .debug_abbrev  0x0000000000002cda      0x13b /home/hrl/optee/optee_os/out/arm/export-ta_arm32/lib/libmpa.a(mpa_modulus.o)

.debug_aranges  0x0000000000000000      0x528
 .debug_aranges
                0x0000000000000000       0x20 ./vicky_test_ta.o
 .debug_aranges
                0x0000000000000020       0x20 ./user_ta_header.o
 .debug_aranges
                0x0000000000000040       0x20 /home/hrl/optee/optee_os/out/arm/export-ta_arm32/lib/libutee.a(user_ta_entry.o)
 .debug_aranges
                0x0000000000000060       0x20 /home/hrl/optee/optee_os/out/arm/export-ta_arm32/lib/libutee.a(utee_syscalls_a32.o)
 .debug_aranges
                0x0000000000000080       0x20 /home/hrl/optee/optee_os/out/arm/export-ta_arm32/lib/libutee.a(gprof_a32.o)
 .debug_aranges
                0x00000000000000a0       0x20 /home/hrl/optee/optee_os/out/arm/export-ta_arm32/lib/libutee.a(tee_api_arith.o)
 .debug_aranges
                0x00000000000000c0       0x20 /home/hrl/optee/optee_os/out/arm/export-ta_arm32/lib/libutee.a(tee_api.o)
 .debug_aranges
                0x00000000000000e0       0x20 /home/hrl/optee/optee_os/out/arm/export-ta_arm32/lib/libutee.a(tee_api_panic.o)
 .debug_aranges
                0x0000000000000100       0x20 /home/hrl/optee/optee_os/out/arm/export-ta_arm32/lib/libutee.a(utee_misc.o)
 .debug_aranges
                0x0000000000000120       0x20 /home/hrl/optee/optee_os/out/arm/export-ta_arm32/lib/libutee.a(tee_user_mem.o)
 .debug_aranges
                0x0000000000000140       0x20 /home/hrl/optee/optee_os/out/arm/export-ta_arm32/lib/libutee.a(trace_ext.o)
 .debug_aranges
                0x0000000000000160       0x20 /home/hrl/optee/optee_os/out/arm/export-ta_arm32/lib/libutee.a(assert.o)
 .debug_aranges
                0x0000000000000180       0x20 /home/hrl/optee/optee_os/out/arm/export-ta_arm32/lib/libutils.a(bget_malloc.o)
 .debug_aranges
                0x00000000000001a0       0x20 /home/hrl/optee/optee_os/out/arm/export-ta_arm32/lib/libutils.a(snprintf.o)
 .debug_aranges
                0x00000000000001c0       0x20 /home/hrl/optee/optee_os/out/arm/export-ta_arm32/lib/libutils.a(memcmp.o)
 .debug_aranges
                0x00000000000001e0       0x20 /home/hrl/optee/optee_os/out/arm/export-ta_arm32/lib/libutils.a(memcpy.o)
 .debug_aranges
                0x0000000000000200       0x20 /home/hrl/optee/optee_os/out/arm/export-ta_arm32/lib/libutils.a(memmove.o)
 .debug_aranges
                0x0000000000000220       0x20 /home/hrl/optee/optee_os/out/arm/export-ta_arm32/lib/libutils.a(memset.o)
 .debug_aranges
                0x0000000000000240       0x20 /home/hrl/optee/optee_os/out/arm/export-ta_arm32/lib/libutils.a(strlen.o)
 .debug_aranges
                0x0000000000000260       0x20 /home/hrl/optee/optee_os/out/arm/export-ta_arm32/lib/libutils.a(snprintk.o)
 .debug_aranges
                0x0000000000000280       0x20 /home/hrl/optee/optee_os/out/arm/export-ta_arm32/lib/libutils.a(trace.o)
 .debug_aranges
                0x00000000000002a0       0x20 /home/hrl/optee/optee_os/out/arm/export-ta_arm32/lib/libutils.a(aeabi_unwind.o)
 .debug_aranges
                0x00000000000002c0       0x20 /home/hrl/optee/optee_os/out/arm/export-ta_arm32/lib/libutils.a(memchr.o)
 .debug_aranges
                0x00000000000002e0       0x28 /home/hrl/optee/optee_os/out/arm/export-ta_arm32/lib/libutils.a(arm32_aeabi_ldivmod_a32.o)
 .debug_aranges
                0x0000000000000308       0x20 /home/hrl/optee/optee_os/out/arm/export-ta_arm32/lib/libutils.a(arm32_aeabi_ldivmod.o)
 .debug_aranges
                0x0000000000000328       0x20 /home/hrl/optee/optee_os/out/arm/export-ta_arm32/lib/libmpa.a(mpa_misc.o)
 .debug_aranges
                0x0000000000000348       0x20 /home/hrl/optee/optee_os/out/arm/export-ta_arm32/lib/libmpa.a(mpa_montgomery.o)
 .debug_aranges
                0x0000000000000368       0x20 /home/hrl/optee/optee_os/out/arm/export-ta_arm32/lib/libmpa.a(mpa_primetest.o)
 .debug_aranges
                0x0000000000000388       0x20 /home/hrl/optee/optee_os/out/arm/export-ta_arm32/lib/libmpa.a(mpa_conv.o)
 .debug_aranges
                0x00000000000003a8       0x20 /home/hrl/optee/optee_os/out/arm/export-ta_arm32/lib/libmpa.a(mpa_div.o)
 .debug_aranges
                0x00000000000003c8       0x20 /home/hrl/optee/optee_os/out/arm/export-ta_arm32/lib/libmpa.a(mpa_gcd.o)
 .debug_aranges
                0x00000000000003e8       0x20 /home/hrl/optee/optee_os/out/arm/export-ta_arm32/lib/libmpa.a(mpa_mem_static.o)
 .debug_aranges
                0x0000000000000408       0x20 /home/hrl/optee/optee_os/out/arm/export-ta_arm32/lib/libmpa.a(mpa_mul.o)
 .debug_aranges
                0x0000000000000428       0x20 /home/hrl/optee/optee_os/out/arm/export-ta_arm32/lib/libmpa.a(mpa_random.o)
 .debug_aranges
                0x0000000000000448       0x20 /home/hrl/optee/optee_os/out/arm/export-ta_arm32/lib/libmpa.a(mpa_shift.o)
 .debug_aranges
                0x0000000000000468       0x20 /home/hrl/optee/optee_os/out/arm/export-ta_arm32/lib/libmpa.a(mpa_addsub.o)
 .debug_aranges
                0x0000000000000488       0x20 /home/hrl/optee/optee_os/out/arm/export-ta_arm32/lib/libmpa.a(mpa_cmp.o)
 .debug_aranges
                0x00000000000004a8       0x20 /home/hrl/optee/optee_os/out/arm/export-ta_arm32/lib/libmpa.a(mpa_expmod.o)
 .debug_aranges
                0x00000000000004c8       0x20 /home/hrl/optee/optee_os/out/arm/export-ta_arm32/lib/libmpa.a(mpa_init.o)
 .debug_aranges
                0x00000000000004e8       0x20 /home/hrl/optee/optee_os/out/arm/export-ta_arm32/lib/libmpa.a(mpa_io.o)
 .debug_aranges
                0x0000000000000508       0x20 /home/hrl/optee/optee_os/out/arm/export-ta_arm32/lib/libmpa.a(mpa_modulus.o)

.debug_macro    0x0000000000000000     0x572f
 .debug_macro   0x0000000000000000       0xc9 ./vicky_test_ta.o
 .debug_macro   0x00000000000000c9      0x922 ./vicky_test_ta.o
 .debug_macro   0x00000000000009eb      0x16d ./vicky_test_ta.o
 .debug_macro   0x0000000000000b58       0xb8 ./vicky_test_ta.o
 .debug_macro   0x0000000000000c10      0x8fc ./vicky_test_ta.o
 .debug_macro   0x000000000000150c      0x192 ./vicky_test_ta.o
 .debug_macro   0x000000000000169e       0x22 ./vicky_test_ta.o
 .debug_macro   0x00000000000016c0       0x35 ./vicky_test_ta.o
 .debug_macro   0x00000000000016f5       0x34 ./vicky_test_ta.o
 .debug_macro   0x0000000000001729       0x97 ./vicky_test_ta.o
 .debug_macro   0x00000000000017c0       0x10 ./vicky_test_ta.o
 .debug_macro   0x00000000000017d0       0x58 ./vicky_test_ta.o
 .debug_macro   0x0000000000001828       0xc4 ./vicky_test_ta.o
 .debug_macro   0x00000000000018ec       0x1c ./vicky_test_ta.o
 .debug_macro   0x0000000000001908       0xdc ./user_ta_header.o
 .debug_macro   0x00000000000019e4       0x76 ./user_ta_header.o
 .debug_macro   0x0000000000001a5a       0x22 ./user_ta_header.o
 .debug_macro   0x0000000000001a7c      0x16d /home/hrl/optee/optee_os/out/arm/export-ta_arm32/lib/libutee.a(user_ta_entry.o)
 .debug_macro   0x0000000000001be9      0x91c /home/hrl/optee/optee_os/out/arm/export-ta_arm32/lib/libutee.a(user_ta_entry.o)
 .debug_macro   0x0000000000002505      0x238 /home/hrl/optee/optee_os/out/arm/export-ta_arm32/lib/libutee.a(user_ta_entry.o)
 .debug_macro   0x000000000000273d       0x16 /home/hrl/optee/optee_os/out/arm/export-ta_arm32/lib/libutee.a(user_ta_entry.o)
 .debug_macro   0x0000000000002753      0x2cd /home/hrl/optee/optee_os/out/arm/export-ta_arm32/lib/libutee.a(user_ta_entry.o)
 .debug_macro   0x0000000000002a20       0x97 /home/hrl/optee/optee_os/out/arm/export-ta_arm32/lib/libutee.a(user_ta_entry.o)
 .debug_macro   0x0000000000002ab7       0xca /home/hrl/optee/optee_os/out/arm/export-ta_arm32/lib/libutee.a(user_ta_entry.o)
 .debug_macro   0x0000000000002b81       0x3a /home/hrl/optee/optee_os/out/arm/export-ta_arm32/lib/libutee.a(user_ta_entry.o)
 .debug_macro   0x0000000000002bbb       0x7c /home/hrl/optee/optee_os/out/arm/export-ta_arm32/lib/libutee.a(user_ta_entry.o)
 .debug_macro   0x0000000000002c37       0x22 /home/hrl/optee/optee_os/out/arm/export-ta_arm32/lib/libutee.a(user_ta_entry.o)
 .debug_macro   0x0000000000002c59       0x10 /home/hrl/optee/optee_os/out/arm/export-ta_arm32/lib/libutee.a(user_ta_entry.o)
 .debug_macro   0x0000000000002c69      0x149 /home/hrl/optee/optee_os/out/arm/export-ta_arm32/lib/libutee.a(tee_api_arith.o)
 .debug_macro   0x0000000000002db2       0x10 /home/hrl/optee/optee_os/out/arm/export-ta_arm32/lib/libutee.a(tee_api_arith.o)
 .debug_macro   0x0000000000002dc2       0x4c /home/hrl/optee/optee_os/out/arm/export-ta_arm32/lib/libutee.a(tee_api_arith.o)
 .debug_macro   0x0000000000002e0e       0x16 /home/hrl/optee/optee_os/out/arm/export-ta_arm32/lib/libutee.a(tee_api_arith.o)
 .debug_macro   0x0000000000002e24       0x74 /home/hrl/optee/optee_os/out/arm/export-ta_arm32/lib/libutee.a(tee_api_arith.o)
 .debug_macro   0x0000000000002e98      0x15c /home/hrl/optee/optee_os/out/arm/export-ta_arm32/lib/libutee.a(tee_api.o)
 .debug_macro   0x0000000000002ff4       0xc4 /home/hrl/optee/optee_os/out/arm/export-ta_arm32/lib/libutee.a(tee_api.o)
 .debug_macro   0x00000000000030b8       0xa1 /home/hrl/optee/optee_os/out/arm/export-ta_arm32/lib/libutee.a(tee_api_panic.o)
 .debug_macro   0x0000000000003159       0xf4 /home/hrl/optee/optee_os/out/arm/export-ta_arm32/lib/libutee.a(utee_misc.o)
 .debug_macro   0x000000000000324d      0x151 /home/hrl/optee/optee_os/out/arm/export-ta_arm32/lib/libutee.a(tee_user_mem.o)
 .debug_macro   0x000000000000339e       0x10 /home/hrl/optee/optee_os/out/arm/export-ta_arm32/lib/libutee.a(tee_user_mem.o)
 .debug_macro   0x00000000000033ae      0x1ac /home/hrl/optee/optee_os/out/arm/export-ta_arm32/lib/libutee.a(tee_user_mem.o)
 .debug_macro   0x000000000000355a       0xb2 /home/hrl/optee/optee_os/out/arm/export-ta_arm32/lib/libutee.a(tee_user_mem.o)
 .debug_macro   0x000000000000360c       0xde /home/hrl/optee/optee_os/out/arm/export-ta_arm32/lib/libutee.a(trace_ext.o)
 .debug_macro   0x00000000000036ea       0xac /home/hrl/optee/optee_os/out/arm/export-ta_arm32/lib/libutee.a(trace_ext.o)
 .debug_macro   0x0000000000003796       0xf3 /home/hrl/optee/optee_os/out/arm/export-ta_arm32/lib/libutee.a(assert.o)
 .debug_macro   0x0000000000003889      0x131 /home/hrl/optee/optee_os/out/arm/export-ta_arm32/lib/libutils.a(bget_malloc.o)
 .debug_macro   0x00000000000039ba       0x16 /home/hrl/optee/optee_os/out/arm/export-ta_arm32/lib/libutils.a(bget_malloc.o)
 .debug_macro   0x00000000000039d0       0x3c /home/hrl/optee/optee_os/out/arm/export-ta_arm32/lib/libutils.a(bget_malloc.o)
 .debug_macro   0x0000000000003a0c       0x4d /home/hrl/optee/optee_os/out/arm/export-ta_arm32/lib/libutils.a(snprintf.o)
 .debug_macro   0x0000000000003a59       0x51 /home/hrl/optee/optee_os/out/arm/export-ta_arm32/lib/libutils.a(memcmp.o)
 .debug_macro   0x0000000000003aaa      0x91c /home/hrl/optee/optee_os/out/arm/export-ta_arm32/lib/libutils.a(memcmp.o)
 .debug_macro   0x00000000000043c6       0x7c /home/hrl/optee/optee_os/out/arm/export-ta_arm32/lib/libutils.a(memcmp.o)
 .debug_macro   0x0000000000004442       0x57 /home/hrl/optee/optee_os/out/arm/export-ta_arm32/lib/libutils.a(memcpy.o)
 .debug_macro   0x0000000000004499       0x64 /home/hrl/optee/optee_os/out/arm/export-ta_arm32/lib/libutils.a(memmove.o)
 .debug_macro   0x00000000000044fd       0x51 /home/hrl/optee/optee_os/out/arm/export-ta_arm32/lib/libutils.a(memset.o)
 .debug_macro   0x000000000000454e       0x5a /home/hrl/optee/optee_os/out/arm/export-ta_arm32/lib/libutils.a(strlen.o)
 .debug_macro   0x00000000000045a8      0x127 /home/hrl/optee/optee_os/out/arm/export-ta_arm32/lib/libutils.a(snprintk.o)
 .debug_macro   0x00000000000046cf       0xcc /home/hrl/optee/optee_os/out/arm/export-ta_arm32/lib/libutils.a(trace.o)
 .debug_macro   0x000000000000479b       0x1a /home/hrl/optee/optee_os/out/arm/export-ta_arm32/lib/libutils.a(aeabi_unwind.o)
 .debug_macro   0x00000000000047b5       0x66 /home/hrl/optee/optee_os/out/arm/export-ta_arm32/lib/libutils.a(memchr.o)
 .debug_macro   0x000000000000481b       0x1a /home/hrl/optee/optee_os/out/arm/export-ta_arm32/lib/libutils.a(arm32_aeabi_ldivmod.o)
 .debug_macro   0x0000000000004835       0xdc /home/hrl/optee/optee_os/out/arm/export-ta_arm32/lib/libmpa.a(mpa_misc.o)
 .debug_macro   0x0000000000004911       0xa6 /home/hrl/optee/optee_os/out/arm/export-ta_arm32/lib/libmpa.a(mpa_misc.o)
 .debug_macro   0x00000000000049b7       0xdc /home/hrl/optee/optee_os/out/arm/export-ta_arm32/lib/libmpa.a(mpa_montgomery.o)
 .debug_macro   0x0000000000004a93       0xfe /home/hrl/optee/optee_os/out/arm/export-ta_arm32/lib/libmpa.a(mpa_primetest.o)
 .debug_macro   0x0000000000004b91       0xdc /home/hrl/optee/optee_os/out/arm/export-ta_arm32/lib/libmpa.a(mpa_conv.o)
 .debug_macro   0x0000000000004c6d       0xdc /home/hrl/optee/optee_os/out/arm/export-ta_arm32/lib/libmpa.a(mpa_div.o)
 .debug_macro   0x0000000000004d49       0xdc /home/hrl/optee/optee_os/out/arm/export-ta_arm32/lib/libmpa.a(mpa_gcd.o)
 .debug_macro   0x0000000000004e25      0x101 /home/hrl/optee/optee_os/out/arm/export-ta_arm32/lib/libmpa.a(mpa_mem_static.o)
 .debug_macro   0x0000000000004f26       0xdc /home/hrl/optee/optee_os/out/arm/export-ta_arm32/lib/libmpa.a(mpa_mul.o)
 .debug_macro   0x0000000000005002       0xf8 /home/hrl/optee/optee_os/out/arm/export-ta_arm32/lib/libmpa.a(mpa_random.o)
 .debug_macro   0x00000000000050fa       0xdc /home/hrl/optee/optee_os/out/arm/export-ta_arm32/lib/libmpa.a(mpa_shift.o)
 .debug_macro   0x00000000000051d6       0xdc /home/hrl/optee/optee_os/out/arm/export-ta_arm32/lib/libmpa.a(mpa_addsub.o)
 .debug_macro   0x00000000000052b2       0xdc /home/hrl/optee/optee_os/out/arm/export-ta_arm32/lib/libmpa.a(mpa_cmp.o)
 .debug_macro   0x000000000000538e       0xe2 /home/hrl/optee/optee_os/out/arm/export-ta_arm32/lib/libmpa.a(mpa_expmod.o)
 .debug_macro   0x0000000000005470       0xdc /home/hrl/optee/optee_os/out/arm/export-ta_arm32/lib/libmpa.a(mpa_init.o)
 .debug_macro   0x000000000000554c      0x107 /home/hrl/optee/optee_os/out/arm/export-ta_arm32/lib/libmpa.a(mpa_io.o)
 .debug_macro   0x0000000000005653       0xdc /home/hrl/optee/optee_os/out/arm/export-ta_arm32/lib/libmpa.a(mpa_modulus.o)

.debug_line     0x0000000000000000     0x61aa
 .debug_line    0x0000000000000000      0x218 ./vicky_test_ta.o
 .debug_line    0x0000000000000218      0x22d ./user_ta_header.o
 .debug_line    0x0000000000000445      0x3b3 /home/hrl/optee/optee_os/out/arm/export-ta_arm32/lib/libutee.a(user_ta_entry.o)
 .debug_line    0x00000000000007f8       0xbf /home/hrl/optee/optee_os/out/arm/export-ta_arm32/lib/libutee.a(utee_syscalls_a32.o)
 .debug_line    0x00000000000008b7       0x59 /home/hrl/optee/optee_os/out/arm/export-ta_arm32/lib/libutee.a(gprof_a32.o)
 .debug_line    0x0000000000000910      0x386 /home/hrl/optee/optee_os/out/arm/export-ta_arm32/lib/libutee.a(tee_api_arith.o)
 .debug_line    0x0000000000000c96      0x3a6 /home/hrl/optee/optee_os/out/arm/export-ta_arm32/lib/libutee.a(tee_api.o)
 .debug_line    0x000000000000103c      0x1bd /home/hrl/optee/optee_os/out/arm/export-ta_arm32/lib/libutee.a(tee_api_panic.o)
 .debug_line    0x00000000000011f9      0x22f /home/hrl/optee/optee_os/out/arm/export-ta_arm32/lib/libutee.a(utee_misc.o)
 .debug_line    0x0000000000001428      0x3b2 /home/hrl/optee/optee_os/out/arm/export-ta_arm32/lib/libutee.a(tee_user_mem.o)
 .debug_line    0x00000000000017da      0x23d /home/hrl/optee/optee_os/out/arm/export-ta_arm32/lib/libutee.a(trace_ext.o)
 .debug_line    0x0000000000001a17      0x248 /home/hrl/optee/optee_os/out/arm/export-ta_arm32/lib/libutee.a(assert.o)
 .debug_line    0x0000000000001c5f      0x595 /home/hrl/optee/optee_os/out/arm/export-ta_arm32/lib/libutils.a(bget_malloc.o)
 .debug_line    0x00000000000021f4      0x143 /home/hrl/optee/optee_os/out/arm/export-ta_arm32/lib/libutils.a(snprintf.o)
 .debug_line    0x0000000000002337      0x14a /home/hrl/optee/optee_os/out/arm/export-ta_arm32/lib/libutils.a(memcmp.o)
 .debug_line    0x0000000000002481      0x14d /home/hrl/optee/optee_os/out/arm/export-ta_arm32/lib/libutils.a(memcpy.o)
 .debug_line    0x00000000000025ce      0x16a /home/hrl/optee/optee_os/out/arm/export-ta_arm32/lib/libutils.a(memmove.o)
 .debug_line    0x0000000000002738      0x159 /home/hrl/optee/optee_os/out/arm/export-ta_arm32/lib/libutils.a(memset.o)
 .debug_line    0x0000000000002891      0x147 /home/hrl/optee/optee_os/out/arm/export-ta_arm32/lib/libutils.a(strlen.o)
 .debug_line    0x00000000000029d8      0x502 /home/hrl/optee/optee_os/out/arm/export-ta_arm32/lib/libutils.a(snprintk.o)
 .debug_line    0x0000000000002eda      0x253 /home/hrl/optee/optee_os/out/arm/export-ta_arm32/lib/libutils.a(trace.o)
 .debug_line    0x000000000000312d       0x83 /home/hrl/optee/optee_os/out/arm/export-ta_arm32/lib/libutils.a(aeabi_unwind.o)
 .debug_line    0x00000000000031b0      0x167 /home/hrl/optee/optee_os/out/arm/export-ta_arm32/lib/libutils.a(memchr.o)
 .debug_line    0x0000000000003317       0x7d /home/hrl/optee/optee_os/out/arm/export-ta_arm32/lib/libutils.a(arm32_aeabi_ldivmod_a32.o)
 .debug_line    0x0000000000003394       0xcb /home/hrl/optee/optee_os/out/arm/export-ta_arm32/lib/libutils.a(arm32_aeabi_ldivmod.o)
 .debug_line    0x000000000000345f      0x226 /home/hrl/optee/optee_os/out/arm/export-ta_arm32/lib/libmpa.a(mpa_misc.o)
 .debug_line    0x0000000000003685      0x2e5 /home/hrl/optee/optee_os/out/arm/export-ta_arm32/lib/libmpa.a(mpa_montgomery.o)
 .debug_line    0x000000000000396a      0x29b /home/hrl/optee/optee_os/out/arm/export-ta_arm32/lib/libmpa.a(mpa_primetest.o)
 .debug_line    0x0000000000003c05      0x252 /home/hrl/optee/optee_os/out/arm/export-ta_arm32/lib/libmpa.a(mpa_conv.o)
 .debug_line    0x0000000000003e57      0x49a /home/hrl/optee/optee_os/out/arm/export-ta_arm32/lib/libmpa.a(mpa_div.o)
 .debug_line    0x00000000000042f1      0x3da /home/hrl/optee/optee_os/out/arm/export-ta_arm32/lib/libmpa.a(mpa_gcd.o)
 .debug_line    0x00000000000046cb      0x25b /home/hrl/optee/optee_os/out/arm/export-ta_arm32/lib/libmpa.a(mpa_mem_static.o)
 .debug_line    0x0000000000004926      0x2d1 /home/hrl/optee/optee_os/out/arm/export-ta_arm32/lib/libmpa.a(mpa_mul.o)
 .debug_line    0x0000000000004bf7      0x26c /home/hrl/optee/optee_os/out/arm/export-ta_arm32/lib/libmpa.a(mpa_random.o)
 .debug_line    0x0000000000004e63      0x2c4 /home/hrl/optee/optee_os/out/arm/export-ta_arm32/lib/libmpa.a(mpa_shift.o)
 .debug_line    0x0000000000005127      0x3df /home/hrl/optee/optee_os/out/arm/export-ta_arm32/lib/libmpa.a(mpa_addsub.o)
 .debug_line    0x0000000000005506      0x2a7 /home/hrl/optee/optee_os/out/arm/export-ta_arm32/lib/libmpa.a(mpa_cmp.o)
 .debug_line    0x00000000000057ad      0x212 /home/hrl/optee/optee_os/out/arm/export-ta_arm32/lib/libmpa.a(mpa_expmod.o)
 .debug_line    0x00000000000059bf      0x1f1 /home/hrl/optee/optee_os/out/arm/export-ta_arm32/lib/libmpa.a(mpa_init.o)
 .debug_line    0x0000000000005bb0      0x3e6 /home/hrl/optee/optee_os/out/arm/export-ta_arm32/lib/libmpa.a(mpa_io.o)
 .debug_line    0x0000000000005f96      0x214 /home/hrl/optee/optee_os/out/arm/export-ta_arm32/lib/libmpa.a(mpa_modulus.o)

.debug_str      0x0000000000000000    0x10531
 .debug_str     0x0000000000000000     0x742c ./vicky_test_ta.o
                                       0x75bc (size before relaxing)
 .debug_str     0x000000000000742c      0x649 ./user_ta_header.o
                                       0x7b03 (size before relaxing)
 .debug_str     0x0000000000007a75     0x437c /home/hrl/optee/optee_os/out/arm/export-ta_arm32/lib/libutee.a(user_ta_entry.o)
                                       0xb9aa (size before relaxing)
 .debug_str     0x000000000000bdf1      0xac6 /home/hrl/optee/optee_os/out/arm/export-ta_arm32/lib/libutee.a(tee_api_arith.o)
                                       0x86cf (size before relaxing)
 .debug_str     0x000000000000c8b7      0x384 /home/hrl/optee/optee_os/out/arm/export-ta_arm32/lib/libutee.a(tee_api.o)
                                       0x883d (size before relaxing)
 .debug_str     0x000000000000cc3b       0x30 /home/hrl/optee/optee_os/out/arm/export-ta_arm32/lib/libutee.a(tee_api_panic.o)
                                       0x76c7 (size before relaxing)
 .debug_str     0x000000000000cc6b       0x72 /home/hrl/optee/optee_os/out/arm/export-ta_arm32/lib/libutee.a(utee_misc.o)
                                       0x79eb (size before relaxing)
 .debug_str     0x000000000000ccdd     0x14aa /home/hrl/optee/optee_os/out/arm/export-ta_arm32/lib/libutee.a(tee_user_mem.o)
                                       0xc74a (size before relaxing)
 .debug_str     0x000000000000e187       0x73 /home/hrl/optee/optee_os/out/arm/export-ta_arm32/lib/libutee.a(trace_ext.o)
                                       0x7ec7 (size before relaxing)
 .debug_str     0x000000000000e1fa       0x39 /home/hrl/optee/optee_os/out/arm/export-ta_arm32/lib/libutee.a(assert.o)
                                       0x7e2c (size before relaxing)
 .debug_str     0x000000000000e233      0x5a9 /home/hrl/optee/optee_os/out/arm/export-ta_arm32/lib/libutils.a(bget_malloc.o)
                                       0x5455 (size before relaxing)
 .debug_str     0x000000000000e7dc       0x2e /home/hrl/optee/optee_os/out/arm/export-ta_arm32/lib/libutils.a(snprintf.o)
                                       0x336f (size before relaxing)
 .debug_str     0x000000000000e80a      0x356 /home/hrl/optee/optee_os/out/arm/export-ta_arm32/lib/libutils.a(memcmp.o)
                                       0x3458 (size before relaxing)
 .debug_str     0x000000000000eb60       0xaf /home/hrl/optee/optee_os/out/arm/export-ta_arm32/lib/libutils.a(memcpy.o)
                                       0x3495 (size before relaxing)
 .debug_str     0x000000000000ec0f       0x3c /home/hrl/optee/optee_os/out/arm/export-ta_arm32/lib/libutils.a(memmove.o)
                                       0x3680 (size before relaxing)
 .debug_str     0x000000000000ec4b       0x59 /home/hrl/optee/optee_os/out/arm/export-ta_arm32/lib/libutils.a(memset.o)
                                       0x343c (size before relaxing)
 .debug_str     0x000000000000eca4       0x63 /home/hrl/optee/optee_os/out/arm/export-ta_arm32/lib/libutils.a(strlen.o)
                                       0x3630 (size before relaxing)
 .debug_str     0x000000000000ed07      0x581 /home/hrl/optee/optee_os/out/arm/export-ta_arm32/lib/libutils.a(snprintk.o)
                                       0x3f0f (size before relaxing)
 .debug_str     0x000000000000f288       0x87 /home/hrl/optee/optee_os/out/arm/export-ta_arm32/lib/libutils.a(trace.o)
                                       0x4dbc (size before relaxing)
 .debug_str     0x000000000000f30f       0x6e /home/hrl/optee/optee_os/out/arm/export-ta_arm32/lib/libutils.a(aeabi_unwind.o)
                                       0x2ee0 (size before relaxing)
 .debug_str     0x000000000000f37d       0x84 /home/hrl/optee/optee_os/out/arm/export-ta_arm32/lib/libutils.a(memchr.o)
                                       0x3690 (size before relaxing)
 .debug_str     0x000000000000f401       0x86 /home/hrl/optee/optee_os/out/arm/export-ta_arm32/lib/libutils.a(arm32_aeabi_ldivmod.o)
                                       0x2f2a (size before relaxing)
 .debug_str     0x000000000000f487      0x573 /home/hrl/optee/optee_os/out/arm/export-ta_arm32/lib/libmpa.a(mpa_misc.o)
                                       0x4d18 (size before relaxing)
 .debug_str     0x000000000000f9fa       0xd8 /home/hrl/optee/optee_os/out/arm/export-ta_arm32/lib/libmpa.a(mpa_montgomery.o)
                                       0x4e06 (size before relaxing)
 .debug_str     0x000000000000fad2      0x185 /home/hrl/optee/optee_os/out/arm/export-ta_arm32/lib/libmpa.a(mpa_primetest.o)
                                       0x4eb6 (size before relaxing)
 .debug_str     0x000000000000fc57       0x52 /home/hrl/optee/optee_os/out/arm/export-ta_arm32/lib/libmpa.a(mpa_conv.o)
                                       0x4ccf (size before relaxing)
 .debug_str     0x000000000000fca9       0xf4 /home/hrl/optee/optee_os/out/arm/export-ta_arm32/lib/libmpa.a(mpa_div.o)
                                       0x4e07 (size before relaxing)
 .debug_str     0x000000000000fd9d       0x9c /home/hrl/optee/optee_os/out/arm/export-ta_arm32/lib/libmpa.a(mpa_gcd.o)
                                       0x4db0 (size before relaxing)
 .debug_str     0x000000000000fe39      0x10f /home/hrl/optee/optee_os/out/arm/export-ta_arm32/lib/libmpa.a(mpa_mem_static.o)
                                       0x58aa (size before relaxing)
 .debug_str     0x000000000000ff48       0x81 /home/hrl/optee/optee_os/out/arm/export-ta_arm32/lib/libmpa.a(mpa_mul.o)
                                       0x4dab (size before relaxing)
 .debug_str     0x000000000000ffc9       0x83 /home/hrl/optee/optee_os/out/arm/export-ta_arm32/lib/libmpa.a(mpa_random.o)
                                       0x80be (size before relaxing)
 .debug_str     0x000000000001004c       0x81 /home/hrl/optee/optee_os/out/arm/export-ta_arm32/lib/libmpa.a(mpa_shift.o)
                                       0x4cfe (size before relaxing)
 .debug_str     0x00000000000100cd      0x124 /home/hrl/optee/optee_os/out/arm/export-ta_arm32/lib/libmpa.a(mpa_addsub.o)
                                       0x4e6a (size before relaxing)
 .debug_str     0x00000000000101f1       0x77 /home/hrl/optee/optee_os/out/arm/export-ta_arm32/lib/libmpa.a(mpa_cmp.o)
                                       0x4d02 (size before relaxing)
 .debug_str     0x0000000000010268       0x8d /home/hrl/optee/optee_os/out/arm/export-ta_arm32/lib/libmpa.a(mpa_expmod.o)
                                       0x4dbe (size before relaxing)
 .debug_str     0x00000000000102f5       0x42 /home/hrl/optee/optee_os/out/arm/export-ta_arm32/lib/libmpa.a(mpa_init.o)
                                       0x4d09 (size before relaxing)
 .debug_str     0x0000000000010337      0x1a9 /home/hrl/optee/optee_os/out/arm/export-ta_arm32/lib/libmpa.a(mpa_io.o)
                                       0x53c6 (size before relaxing)
 .debug_str     0x00000000000104e0       0x51 /home/hrl/optee/optee_os/out/arm/export-ta_arm32/lib/libmpa.a(mpa_modulus.o)
                                       0x4d69 (size before relaxing)

.comment        0x0000000000000000       0x2d
 .comment       0x0000000000000000       0x2d ./vicky_test_ta.o
                                         0x2e (size before relaxing)
 .comment       0x000000000000002d       0x2e ./user_ta_header.o
 .comment       0x000000000000002d       0x2e /home/hrl/optee/optee_os/out/arm/export-ta_arm32/lib/libutee.a(user_ta_entry.o)
 .comment       0x000000000000002d       0x2e /home/hrl/optee/optee_os/out/arm/export-ta_arm32/lib/libutee.a(tee_api_arith.o)
 .comment       0x000000000000002d       0x2e /home/hrl/optee/optee_os/out/arm/export-ta_arm32/lib/libutee.a(tee_api.o)
 .comment       0x000000000000002d       0x2e /home/hrl/optee/optee_os/out/arm/export-ta_arm32/lib/libutee.a(tee_api_panic.o)
 .comment       0x000000000000002d       0x2e /home/hrl/optee/optee_os/out/arm/export-ta_arm32/lib/libutee.a(utee_misc.o)
 .comment       0x000000000000002d       0x2e /home/hrl/optee/optee_os/out/arm/export-ta_arm32/lib/libutee.a(tee_user_mem.o)
 .comment       0x000000000000002d       0x2e /home/hrl/optee/optee_os/out/arm/export-ta_arm32/lib/libutee.a(trace_ext.o)
 .comment       0x000000000000002d       0x2e /home/hrl/optee/optee_os/out/arm/export-ta_arm32/lib/libutee.a(assert.o)
 .comment       0x000000000000002d       0x2e /home/hrl/optee/optee_os/out/arm/export-ta_arm32/lib/libutils.a(bget_malloc.o)
 .comment       0x000000000000002d       0x2e /home/hrl/optee/optee_os/out/arm/export-ta_arm32/lib/libutils.a(snprintf.o)
 .comment       0x000000000000002d       0x2e /home/hrl/optee/optee_os/out/arm/export-ta_arm32/lib/libutils.a(memcmp.o)
 .comment       0x000000000000002d       0x2e /home/hrl/optee/optee_os/out/arm/export-ta_arm32/lib/libutils.a(memcpy.o)
 .comment       0x000000000000002d       0x2e /home/hrl/optee/optee_os/out/arm/export-ta_arm32/lib/libutils.a(memmove.o)
 .comment       0x000000000000002d       0x2e /home/hrl/optee/optee_os/out/arm/export-ta_arm32/lib/libutils.a(memset.o)
 .comment       0x000000000000002d       0x2e /home/hrl/optee/optee_os/out/arm/export-ta_arm32/lib/libutils.a(strlen.o)
 .comment       0x000000000000002d       0x2e /home/hrl/optee/optee_os/out/arm/export-ta_arm32/lib/libutils.a(snprintk.o)
 .comment       0x000000000000002d       0x2e /home/hrl/optee/optee_os/out/arm/export-ta_arm32/lib/libutils.a(trace.o)
 .comment       0x000000000000002d       0x2e /home/hrl/optee/optee_os/out/arm/export-ta_arm32/lib/libutils.a(aeabi_unwind.o)
 .comment       0x000000000000002d       0x2e /home/hrl/optee/optee_os/out/arm/export-ta_arm32/lib/libutils.a(memchr.o)
 .comment       0x000000000000002d       0x2e /home/hrl/optee/optee_os/out/arm/export-ta_arm32/lib/libutils.a(arm32_aeabi_ldivmod.o)
 .comment       0x000000000000002d       0x2e /home/hrl/optee/optee_os/out/arm/export-ta_arm32/lib/libmpa.a(mpa_misc.o)
 .comment       0x000000000000002d       0x2e /home/hrl/optee/optee_os/out/arm/export-ta_arm32/lib/libmpa.a(mpa_montgomery.o)
 .comment       0x000000000000002d       0x2e /home/hrl/optee/optee_os/out/arm/export-ta_arm32/lib/libmpa.a(mpa_primetest.o)
 .comment       0x000000000000002d       0x2e /home/hrl/optee/optee_os/out/arm/export-ta_arm32/lib/libmpa.a(mpa_conv.o)
 .comment       0x000000000000002d       0x2e /home/hrl/optee/optee_os/out/arm/export-ta_arm32/lib/libmpa.a(mpa_div.o)
 .comment       0x000000000000002d       0x2e /home/hrl/optee/optee_os/out/arm/export-ta_arm32/lib/libmpa.a(mpa_gcd.o)
 .comment       0x000000000000002d       0x2e /home/hrl/optee/optee_os/out/arm/export-ta_arm32/lib/libmpa.a(mpa_mem_static.o)
 .comment       0x000000000000002d       0x2e /home/hrl/optee/optee_os/out/arm/export-ta_arm32/lib/libmpa.a(mpa_mul.o)
 .comment       0x000000000000002d       0x2e /home/hrl/optee/optee_os/out/arm/export-ta_arm32/lib/libmpa.a(mpa_random.o)
 .comment       0x000000000000002d       0x2e /home/hrl/optee/optee_os/out/arm/export-ta_arm32/lib/libmpa.a(mpa_shift.o)
 .comment       0x000000000000002d       0x2e /home/hrl/optee/optee_os/out/arm/export-ta_arm32/lib/libmpa.a(mpa_addsub.o)
 .comment       0x000000000000002d       0x2e /home/hrl/optee/optee_os/out/arm/export-ta_arm32/lib/libmpa.a(mpa_cmp.o)
 .comment       0x000000000000002d       0x2e /home/hrl/optee/optee_os/out/arm/export-ta_arm32/lib/libmpa.a(mpa_expmod.o)
 .comment       0x000000000000002d       0x2e /home/hrl/optee/optee_os/out/arm/export-ta_arm32/lib/libmpa.a(mpa_init.o)
 .comment       0x000000000000002d       0x2e /home/hrl/optee/optee_os/out/arm/export-ta_arm32/lib/libmpa.a(mpa_io.o)
 .comment       0x000000000000002d       0x2e /home/hrl/optee/optee_os/out/arm/export-ta_arm32/lib/libmpa.a(mpa_modulus.o)

.note.GNU-stack
                0x0000000000000000        0x0
 .note.GNU-stack
                0x0000000000000000        0x0 ./vicky_test_ta.o
 .note.GNU-stack
                0x0000000000000000        0x0 ./user_ta_header.o
 .note.GNU-stack
                0x0000000000000000        0x0 /home/hrl/optee/optee_os/out/arm/export-ta_arm32/lib/libutee.a(user_ta_entry.o)
 .note.GNU-stack
                0x0000000000000000        0x0 /home/hrl/optee/optee_os/out/arm/export-ta_arm32/lib/libutee.a(tee_api_arith.o)
 .note.GNU-stack