Archive member included to satisfy reference by file (symbol)

/home/hrl/optee/optee_os/out/arm/export-ta_arm32/lib/libutee.a(tee_api.o)
                              ./hello_aes_ta.o (TEE_MemMove)
/home/hrl/optee/optee_os/out/arm/export-ta_arm32/lib/libutee.a(tee_api_objects.o)
                              ./hello_aes_ta.o (TEE_GetObjectInfo)
/home/hrl/optee/optee_os/out/arm/export-ta_arm32/lib/libutee.a(tee_api_operations.o)
                              ./hello_aes_ta.o (TEE_AllocateOperation)
/home/hrl/optee/optee_os/out/arm/export-ta_arm32/lib/libutee.a(tee_api_panic.o)
                              /home/hrl/optee/optee_os/out/arm/export-ta_arm32/lib/libutee.a(tee_api.o) (TEE_Panic)
/home/hrl/optee/optee_os/out/arm/export-ta_arm32/lib/libutee.a(user_ta_entry.o)
                              ./user_ta_header.o (__utee_entry)
/home/hrl/optee/optee_os/out/arm/export-ta_arm32/lib/libutee.a(utee_syscalls_a32.o)
                              /home/hrl/optee/optee_os/out/arm/export-ta_arm32/lib/libutee.a(tee_api_panic.o) (utee_panic)
/home/hrl/optee/optee_os/out/arm/export-ta_arm32/lib/libutee.a(gprof_a32.o)
                              /home/hrl/optee/optee_os/out/arm/export-ta_arm32/lib/libutee.a(user_ta_entry.o) (__utee_mcount)
/home/hrl/optee/optee_os/out/arm/export-ta_arm32/lib/libutee.a(tee_user_mem.o)
                              /home/hrl/optee/optee_os/out/arm/export-ta_arm32/lib/libutee.a(tee_api.o) (tee_user_mem_alloc)
/home/hrl/optee/optee_os/out/arm/export-ta_arm32/lib/libutee.a(assert.o)
                              /home/hrl/optee/optee_os/out/arm/export-ta_arm32/lib/libutee.a(tee_user_mem.o) (_assert_log)
/home/hrl/optee/optee_os/out/arm/export-ta_arm32/lib/libutee.a(tee_api_arith.o)
                              /home/hrl/optee/optee_os/out/arm/export-ta_arm32/lib/libutee.a(user_ta_entry.o) (_TEE_MathAPI_Init)
/home/hrl/optee/optee_os/out/arm/export-ta_arm32/lib/libutee.a(utee_misc.o)
                              /home/hrl/optee/optee_os/out/arm/export-ta_arm32/lib/libutee.a(tee_user_mem.o) (utee_malloc)
/home/hrl/optee/optee_os/out/arm/export-ta_arm32/lib/libutee.a(trace_ext.o)
                              /home/hrl/optee/optee_os/out/arm/export-ta_arm32/lib/libutee.a(tee_api_arith.o) (printf)
/home/hrl/optee/optee_os/out/arm/export-ta_arm32/lib/libutils.a(bget_malloc.o)
                              /home/hrl/optee/optee_os/out/arm/export-ta_arm32/lib/libutee.a(utee_misc.o) (malloc)
/home/hrl/optee/optee_os/out/arm/export-ta_arm32/lib/libutils.a(snprintf.o)
                              /home/hrl/optee/optee_os/out/arm/export-ta_arm32/lib/libutee.a(trace_ext.o) (vsnprintf)
/home/hrl/optee/optee_os/out/arm/export-ta_arm32/lib/libutils.a(memcmp.o)
                              /home/hrl/optee/optee_os/out/arm/export-ta_arm32/lib/libutee.a(tee_api.o) (memcmp)
/home/hrl/optee/optee_os/out/arm/export-ta_arm32/lib/libutils.a(memcpy.o)
                              /home/hrl/optee/optee_os/out/arm/export-ta_arm32/lib/libutee.a(tee_api_operations.o) (memcpy)
/home/hrl/optee/optee_os/out/arm/export-ta_arm32/lib/libutils.a(memmove.o)
                              /home/hrl/optee/optee_os/out/arm/export-ta_arm32/lib/libutee.a(tee_api.o) (memmove)
/home/hrl/optee/optee_os/out/arm/export-ta_arm32/lib/libutils.a(memset.o)
                              ./hello_aes_ta.o (memset)
/home/hrl/optee/optee_os/out/arm/export-ta_arm32/lib/libutils.a(strlen.o)
                              /home/hrl/optee/optee_os/out/arm/export-ta_arm32/lib/libutee.a(trace_ext.o) (strlen)
/home/hrl/optee/optee_os/out/arm/export-ta_arm32/lib/libutils.a(snprintk.o)
                              /home/hrl/optee/optee_os/out/arm/export-ta_arm32/lib/libutils.a(snprintf.o) (__vsnprintf)
/home/hrl/optee/optee_os/out/arm/export-ta_arm32/lib/libutils.a(buf_compare_ct.o)
                              /home/hrl/optee/optee_os/out/arm/export-ta_arm32/lib/libutee.a(tee_api_operations.o) (buf_compare_ct)
/home/hrl/optee/optee_os/out/arm/export-ta_arm32/lib/libutils.a(trace.o)
                              /home/hrl/optee/optee_os/out/arm/export-ta_arm32/lib/libutee.a(user_ta_entry.o) (trace_set_level)
/home/hrl/optee/optee_os/out/arm/export-ta_arm32/lib/libutils.a(aeabi_unwind.o)
                              ./hello_aes_ta.o (__aeabi_unwind_cpp_pr0)
/home/hrl/optee/optee_os/out/arm/export-ta_arm32/lib/libutils.a(memchr.o)
                              /home/hrl/optee/optee_os/out/arm/export-ta_arm32/lib/libutils.a(snprintk.o) (memchr)
/home/hrl/optee/optee_os/out/arm/export-ta_arm32/lib/libutils.a(arm32_aeabi_ldivmod_a32.o)
                              /home/hrl/optee/optee_os/out/arm/export-ta_arm32/lib/libutils.a(snprintk.o) (__aeabi_uldivmod)
/home/hrl/optee/optee_os/out/arm/export-ta_arm32/lib/libutils.a(arm32_aeabi_ldivmod.o)
                              /home/hrl/optee/optee_os/out/arm/export-ta_arm32/lib/libutils.a(arm32_aeabi_ldivmod_a32.o) (__ul_divmod)
[...]
Memory Configuration

Name             Origin             Length             Attributes
*default*        0x0000000000000000 0xffffffffffffffff

Linker script and memory map


.ta_head        0x0000000000000000       0x20
 *(SORT(.ta_head))
 .ta_head       0x0000000000000000       0x20 ./user_ta_header.o
                0x0000000000000000                ta_head

.text           0x0000000000000020     0xf8b8
                0x0000000000000020                __text_start = .
 *(SORT(.text) SORT(.text.*))
 .text          0x0000000000000020     0x19b4 ./hello_aes_ta.o
                0x0000000000000020                TA_CreateEntryPoint
                0x00000000000000d2                TA_DestroyEntryPoint
                0x0000000000000104                TA_OpenSessionEntryPoint
                0x000000000000017c                TA_CloseSessionEntryPoint
                0x00000000000001f4                getKeyIfExists
                0x000000000000035c                checkIfPersistentObjectExists
                0x00000000000003d0                createKeyObj
                0x0000000000001938                TA_InvokeCommandEntryPoint
 .text          0x00000000000019d4      0x738 /home/hrl/optee/optee_os/out/arm/export-ta_arm32/lib/libutee.a(tee_api.o)
                0x00000000000019d4                __utee_from_param
                0x0000000000001b3a                __utee_to_param
                0x0000000000001c34                TEE_OpenTASession
                0x0000000000001c9a                TEE_CloseTASession
                0x0000000000001cca                TEE_InvokeTACommand
                0x0000000000001d5a                TEE_GetCancellationFlag
                0x0000000000001d8e                TEE_UnmaskCancellation
                0x0000000000001dc2                TEE_MaskCancellation
                0x0000000000001df6                TEE_CheckMemoryAccessRights
                0x0000000000001e38                TEE_SetInstanceData
                0x0000000000001e60                TEE_GetInstanceData
                0x0000000000001e7c                TEE_MemMove
                0x0000000000001ea0                TEE_MemCompare
                0x0000000000001ec4                TEE_MemFill
                0x0000000000001eea                TEE_GetSystemTime
                0x0000000000001f16                TEE_Wait
                0x0000000000001f4e                TEE_GetTAPersistentTime
                0x0000000000001fd2                TEE_SetTAPersistentTime
                0x0000000000002018                TEE_GetREETime
                0x0000000000002044                TEE_Malloc
                0x0000000000002064                TEE_Realloc
                0x0000000000002084                TEE_Free
                0x000000000000209e                TEE_CacheClean
                0x00000000000020c2                TEE_CacheFlush
                0x00000000000020e6                TEE_CacheInvalidate
 .text          0x000000000000210c     0x2b1c /home/hrl/optee/optee_os/out/arm/export-ta_arm32/lib/libutee.a(tee_api_operations.o)
                0x000000000000210c                TEE_AllocateOperation
                0x0000000000002a4c                TEE_FreeOperation
                0x0000000000002a96                TEE_GetOperationInfo
                0x0000000000002aec                TEE_GetOperationInfoMultiple
                0x0000000000002c8c                TEE_ResetOperation
                0x0000000000002d0c                TEE_SetOperationKey
                0x0000000000002e50                TEE_SetOperationKey2
                0x0000000000003080                TEE_CopyOperation
                0x00000000000031f0                TEE_DigestUpdate
                0x000000000000324c                TEE_DigestDoFinal
                0x000000000000330c                TEE_CipherInit
                0x00000000000036b4                TEE_CipherUpdate
                0x0000000000003870                TEE_CipherDoFinal
                0x0000000000003ac0                TEE_MACInit
                0x0000000000003b32                TEE_MACUpdate
                0x0000000000003bb4                TEE_MACComputeFinal
                0x0000000000003caa                TEE_MACCompareFinal
                0x0000000000003d84                TEE_AEInit
                0x0000000000003e6a                TEE_AEUpdateAAD
                0x0000000000003ee4                TEE_AEUpdate
                0x0000000000004068                TEE_AEEncryptFinal
                0x0000000000004264                TEE_AEDecryptFinal
                0x0000000000004448                TEE_AsymmetricEncrypt
                0x00000000000045de                TEE_AsymmetricDecrypt
                0x0000000000004774                TEE_AsymmetricSignDigest
                0x00000000000048f4                TEE_AsymmetricVerifyDigest
                0x0000000000004a5c                TEE_DeriveKey
                0x0000000000004bfc                TEE_GenerateRandom
 .text          0x0000000000004c28      0x424 /home/hrl/optee/optee_os/out/arm/export-ta_arm32/lib/libutee.a(user_ta_entry.o)
                0x0000000000004fe6                __utee_entry
 .text          0x000000000000504c      0x5e4 /home/hrl/optee/optee_os/out/arm/export-ta_arm32/lib/libutee.a(utee_syscalls_a32.o)
                0x000000000000504c                utee_panic
                0x0000000000005060                utee_return
                0x0000000000005074                utee_log
                0x0000000000005088                __utee_panic
                0x000000000000509c                utee_get_property
                0x00000000000050b4                utee_get_property_name_to_index
                0x00000000000050c8                utee_open_ta_session
                0x00000000000050e0                utee_close_ta_session
                0x00000000000050f4                utee_invoke_ta_command
                0x000000000000510c                utee_get_cancellation_flag
                0x0000000000005120                utee_check_access_rights
                0x0000000000005134                utee_unmask_cancellation
                0x0000000000005148                utee_mask_cancellation
                0x000000000000515c                utee_wait
                0x0000000000005170                utee_get_time
                0x0000000000005184                utee_set_ta_time
                0x0000000000005198                utee_cryp_state_alloc
                0x00000000000051b0                utee_cryp_state_copy
                0x00000000000051c4                utee_cryp_state_free
                0x00000000000051d8                utee_hash_init
                0x00000000000051ec                utee_hash_update
                0x0000000000005200                utee_hash_final
                0x0000000000005218                utee_cipher_init
                0x000000000000522c                utee_cipher_update
                0x0000000000005244                utee_cipher_final
                0x000000000000525c                utee_cryp_obj_get_info
                0x0000000000005270                utee_cryp_obj_restrict_usage
                0x0000000000005284                utee_cryp_obj_get_attr
                0x0000000000005298                utee_cryp_obj_alloc
                0x00000000000052ac                utee_cryp_obj_close
                0x00000000000052c0                utee_cryp_obj_reset
                0x00000000000052d4                utee_cryp_obj_populate
                0x00000000000052e8                utee_cryp_obj_copy
                0x00000000000052fc                utee_cryp_derive_key
                0x0000000000005310                utee_cryp_random_number_generate
                0x0000000000005324                utee_authenc_init
                0x000000000000533c                utee_authenc_update_aad
                0x0000000000005350                utee_authenc_update_payload
                0x0000000000005368                utee_authenc_enc_final
                0x0000000000005380                utee_authenc_dec_final
                0x0000000000005398                utee_asymm_operate
                0x00000000000053b0                utee_asymm_verify
                0x00000000000053c8                utee_storage_obj_open
                0x00000000000053e0                utee_storage_obj_create
                0x00000000000053f8                utee_storage_obj_del
                0x000000000000540c                utee_storage_obj_rename
                0x0000000000005420                utee_storage_alloc_enum
                0x0000000000005434                utee_storage_free_enum
                0x0000000000005448                utee_storage_reset_enum
                0x000000000000545c                utee_storage_start_enum
                0x0000000000005470                utee_storage_next_enum
                0x0000000000005484                utee_storage_obj_read
                0x0000000000005498                utee_storage_obj_write
                0x00000000000054ac                utee_storage_obj_trunc
                0x00000000000054c0                utee_storage_obj_seek
                0x00000000000054d4                utee_cryp_obj_generate_key
                0x00000000000054e8                utee_se_service_open
                0x00000000000054fc                utee_se_service_close
                0x0000000000005510                utee_se_service_get_readers
                0x0000000000005524                utee_se_reader_get_prop
                0x0000000000005538                utee_se_reader_get_name
                0x000000000000554c                utee_se_reader_open_session
                0x0000000000005560                utee_se_reader_close_sessions
                0x0000000000005574                utee_se_session_is_closed
                0x0000000000005588                utee_se_session_get_atr
                0x000000000000559c                utee_se_session_open_channel
                0x00000000000055b4                utee_se_session_close
                0x00000000000055c8                utee_se_channel_select_next
                0x00000000000055dc                utee_se_channel_get_select_resp
                0x00000000000055f0                utee_se_channel_transmit
                0x0000000000005608                utee_se_channel_close
                0x000000000000561c                utee_cache_operation
 .text          0x0000000000005630        0xc /home/hrl/optee/optee_os/out/arm/export-ta_arm32/lib/libutee.a(gprof_a32.o)
                0x0000000000005630                __utee_mcount
 .text          0x000000000000563c      0x7b4 /home/hrl/optee/optee_os/out/arm/export-ta_arm32/lib/libutee.a(tee_user_mem.o)
                0x00000000000059b4                tee_user_mem_alloc
                0x0000000000005afc                tee_user_mem_realloc
                0x0000000000005ba8                tee_user_mem_free
                0x0000000000005cb8                tee_user_mem_mark_heap
                0x0000000000005cd8                tee_user_mem_check_heap
                0x0000000000005db4                tee_user_mem_garbage
 .text          0x0000000000005df0       0x5c /home/hrl/optee/optee_os/out/arm/export-ta_arm32/lib/libutee.a(assert.o)
                0x0000000000005df0                _assert_log
                0x0000000000005e38                _assert_break
 .text          0x0000000000005e4c      0x9e4 /home/hrl/optee/optee_os/out/arm/export-ta_arm32/lib/libutee.a(tee_api_arith.o)
                0x0000000000005e74                _TEE_MathAPI_Init
                0x0000000000005eb8                TEE_BigIntInit
                0x0000000000005ed6                TEE_BigIntInitFMM
                0x0000000000005f16                TEE_BigIntInitFMMContext
                0x0000000000005f60                TEE_BigIntFMMSizeInU32
                0x0000000000005f86                TEE_BigIntFMMContextSizeInU32
                0x0000000000005fb4                TEE_BigIntConvertFromOctetString
                0x000000000000601a                TEE_BigIntConvertToOctetString
                0x0000000000006084                TEE_BigIntConvertFromS32
                0x00000000000060a6                TEE_BigIntConvertToS32
                0x00000000000060fc                TEE_BigIntCmp
                0x0000000000006124                TEE_BigIntCmpS32
                0x0000000000006148                TEE_BigIntShiftRight
                0x0000000000006172                TEE_BigIntGetBit
                0x00000000000061a0                TEE_BigIntGetBitCount
                0x00000000000061c4                TEE_BigIntAdd
                0x00000000000061fc                TEE_BigIntSub
                0x0000000000006234                TEE_BigIntNeg
                0x000000000000625a                TEE_BigIntMul
                0x0000000000006294                TEE_BigIntSquare
                0x00000000000062c8                TEE_BigIntDiv
                0x0000000000006328                TEE_BigIntMod
                0x00000000000063a4                TEE_BigIntAddMod
                0x0000000000006428                TEE_BigIntSubMod
                0x00000000000064ac                TEE_BigIntMulMod
                0x0000000000006568                TEE_BigIntSquareMod
                0x000000000000658c                TEE_BigIntInvMod
                0x00000000000065f4                TEE_BigIntRelativePrime
                0x0000000000006670                TEE_BigIntComputeExtendedGcd
                0x00000000000066bc                TEE_BigIntIsProbablePrime
                0x0000000000006708                TEE_BigIntConvertToFMM
                0x0000000000006754                TEE_BigIntConvertFromFMM
                0x00000000000067e4                TEE_BigIntComputeFMM
 .text          0x0000000000006830      0x110 /home/hrl/optee/optee_os/out/arm/export-ta_arm32/lib/libutee.a(trace_ext.o)
                0x0000000000006830                trace_ext_puts
                0x0000000000006854                trace_ext_get_thread_id
                0x0000000000006868                printf
                0x00000000000068d0                puts
                0x0000000000006908                putchar
 .text          0x0000000000006940     0x182c /home/hrl/optee/optee_os/out/arm/export-ta_arm32/lib/libutils.a(bget_malloc.o)
                0x00000000000069c4                bget
                0x0000000000006c2c                bgetz
                0x0000000000006cc0                bgetr
                0x0000000000006d54                brel
                0x00000000000070b4                bpool
                0x00000000000071d8                bstats
                0x0000000000007338                malloc_reset_stats
                0x0000000000007398                malloc_get_stats
                0x0000000000007d44                malloc
                0x0000000000007d76                free
                0x0000000000007d9c                calloc
                0x0000000000007dfa                realloc
                0x0000000000007e28                memalign
                0x0000000000007e84                malloc_add_pool
                0x000000000000800c                malloc_buffer_is_within_alloced
                0x00000000000080aa                malloc_buffer_overlaps_heap
 .text          0x000000000000816c      0xf68 /home/hrl/optee/optee_os/out/arm/export-ta_arm32/lib/libutils.a(snprintk.o)
                0x000000000000816c                snprintk
                0x00000000000081a2                vsnprintk
                0x00000000000081d0                __vsnprintf
 .text          0x00000000000090d4      0x3d4 /home/hrl/optee/optee_os/out/arm/export-ta_arm32/lib/libutils.a(trace.o)
                0x00000000000090d4                trace_set_level
                0x000000000000911c                trace_get_level
                0x000000000000919c                trace_printf
                0x0000000000009488                dhex_dump
 .text.__aeabi_ldivmod
                0x00000000000094a8       0x18 /home/hrl/optee/optee_os/out/arm/export-ta_arm32/lib/libutils.a(arm32_aeabi_ldivmod_a32.o)
                0x00000000000094a8                __aeabi_ldivmod
 .text.__aeabi_uldivmod
                0x00000000000094c0       0x18 /home/hrl/optee/optee_os/out/arm/export-ta_arm32/lib/libutils.a(arm32_aeabi_ldivmod_a32.o)
                0x00000000000094c0                __aeabi_uldivmod
 .text          0x00000000000094d8      0x254 /home/hrl/optee/optee_os/out/arm/export-ta_arm32/lib/libmpa.a(mpa_misc.o)
                0x00000000000094d8                __mpa_set_unused_digits_to_zero
                0x0000000000009520                mpa_wipe
                0x0000000000009554                mpa_copy
                0x000000000000959c                mpa_abs
                0x00000000000095ce                mpa_highest_bit_index
                0x000000000000964e                mpa_get_bit
                0x00000000000096b8                mpa_can_hold
                0x00000000000096ea                mpa_parity
                0x0000000000009714                mpa_constant_one
 .text          0x000000000000972c      0x4ec /home/hrl/optee/optee_os/out/arm/export-ta_arm32/lib/libmpa.a(mpa_montgomery.o)
                0x000000000000972c                __mpa_montgomery_mul_add
                0x0000000000009860                __mpa_montgomery_sub_ack
                0x000000000000997a                __mpa_montgomery_mul
                0x0000000000009aaa                mpa_compute_fmm_context
                0x0000000000009bcc                mpa_montgomery_mul
 .text          0x0000000000009c18      0x450 /home/hrl/optee/optee_os/out/arm/export-ta_arm32/lib/libmpa.a(mpa_primetest.o)
                0x0000000000009c18                mpa_is_prob_prime
 .text          0x000000000000a068      0x204 /home/hrl/optee/optee_os/out/arm/export-ta_arm32/lib/libmpa.a(mpa_random.o)
                0x000000000000a068                mpa_set_random_generator
                0x000000000000a0c4                mpa_get_random
                0x000000000000a200                mpa_get_random_digits
 .text          0x000000000000a26c      0x190 /home/hrl/optee/optee_os/out/arm/export-ta_arm32/lib/libmpa.a(mpa_expmod.o)
                0x000000000000a26c                mpa_exp_mod
 .text          0x000000000000a3fc      0xa54 /home/hrl/optee/optee_os/out/arm/export-ta_arm32/lib/libmpa.a(mpa_io.o)
                0x000000000000a7ce                mpa_get_str_size
                0x000000000000a7e2                mpa_set_str
                0x000000000000ab14                mpa_get_str
                0x000000000000ac08                mpa_set_oct_str
                0x000000000000ad38                mpa_get_oct_str
 .text          0x000000000000ae50       0x14 ./user_ta_header.o
                0x000000000000ae50                tahead_get_trace_level
 .text          0x000000000000ae64     0x1058 /home/hrl/optee/optee_os/out/arm/export-ta_arm32/lib/libutee.a(tee_api_objects.o)
                0x000000000000ae64                __utee_from_attr
                0x000000000000afba                TEE_GetObjectInfo
                0x000000000000b028                TEE_GetObjectInfo1
                0x000000000000b074                TEE_RestrictObjectUsage
                0x000000000000b0c0                TEE_RestrictObjectUsage1
                0x000000000000b10c                TEE_GetObjectBufferAttribute
                0x000000000000b1ce                TEE_GetObjectValueAttribute
                0x000000000000b2ac                TEE_CloseObject
                0x000000000000b2de                TEE_AllocateTransientObject
                0x000000000000b33e                TEE_FreeTransientObject
                0x000000000000b39e                TEE_ResetTransientObject
                0x000000000000b3fe                TEE_PopulateTransientObject
                0x000000000000b52c                TEE_InitRefAttribute
                0x000000000000b578                TEE_InitValueAttribute
                0x000000000000b5c4                TEE_CopyObjectAttributes
                0x000000000000b610                TEE_CopyObjectAttributes1
                0x000000000000b6c8                TEE_GenerateKey
                0x000000000000b7b8                TEE_OpenPersistentObject
                0x000000000000b87e                TEE_CreatePersistentObject
                0x000000000000b976                TEE_CloseAndDeletePersistentObject
                0x000000000000b9a8                TEE_CloseAndDeletePersistentObject1
                0x000000000000b9f2                TEE_RenamePersistentObject
                0x000000000000ba86                TEE_AllocatePersistentObjectEnumerator
                0x000000000000bae6                TEE_FreePersistentObjectEnumerator
                0x000000000000bb18                TEE_ResetPersistentObjectEnumerator
                0x000000000000bb4a                TEE_StartPersistentObjectEnumerator
                0x000000000000bba4                TEE_GetNextPersistentObject
                0x000000000000bc5e                TEE_ReadObjectData
                0x000000000000bce6                TEE_WriteObjectData
                0x000000000000bd64                TEE_TruncateObjectData
                0x000000000000bdd0                TEE_SeekObjectData
 .text          0x000000000000bebc       0x1a /home/hrl/optee/optee_os/out/arm/export-ta_arm32/lib/libutee.a(tee_api_panic.o)
                0x000000000000bebc                TEE_Panic
 .text          0x000000000000bed6       0xaa /home/hrl/optee/optee_os/out/arm/export-ta_arm32/lib/libutee.a(utee_misc.o)
                0x000000000000bed6                utee_get_ta_exec_id
                0x000000000000beea                utee_malloc
                0x000000000000bf06                utee_realloc
                0x000000000000bf26                utee_calloc
                0x000000000000bf46                utee_free
                0x000000000000bf60                get_rng_array
 .text          0x000000000000bf80       0x6a /home/hrl/optee/optee_os/out/arm/export-ta_arm32/lib/libutils.a(snprintf.o)
                0x000000000000bf80                snprintf
                0x000000000000bfbc                vsnprintf
 .text          0x000000000000bfea       0xb8 /home/hrl/optee/optee_os/out/arm/export-ta_arm32/lib/libutils.a(memcmp.o)
                0x000000000000bfea                memcmp
 .text          0x000000000000c0a2       0xf2 /home/hrl/optee/optee_os/out/arm/export-ta_arm32/lib/libutils.a(memcpy.o)
                0x000000000000c0a2                memcpy
 .text          0x000000000000c194      0x13e /home/hrl/optee/optee_os/out/arm/export-ta_arm32/lib/libutils.a(memmove.o)
                0x000000000000c194                memmove
 .text          0x000000000000c2d2      0x11c /home/hrl/optee/optee_os/out/arm/export-ta_arm32/lib/libutils.a(memset.o)
                0x000000000000c2d2                memset
 .text          0x000000000000c3ee       0x8a /home/hrl/optee/optee_os/out/arm/export-ta_arm32/lib/libutils.a(strlen.o)
                0x000000000000c3ee                strlen
 .text          0x000000000000c478       0x94 /home/hrl/optee/optee_os/out/arm/export-ta_arm32/lib/libutils.a(buf_compare_ct.o)
                0x000000000000c478                buf_compare_ct
 .text          0x000000000000c50c       0x30 /home/hrl/optee/optee_os/out/arm/export-ta_arm32/lib/libutils.a(aeabi_unwind.o)
                0x000000000000c50c                __aeabi_unwind_cpp_pr0
                0x000000000000c51c                __aeabi_unwind_cpp_pr1
                0x000000000000c52c                __aeabi_unwind_cpp_pr2
 .text          0x000000000000c53c      0x114 /home/hrl/optee/optee_os/out/arm/export-ta_arm32/lib/libutils.a(memchr.o)
                0x000000000000c53c                memchr
 .text          0x000000000000c650      0x2b0 /home/hrl/optee/optee_os/out/arm/export-ta_arm32/lib/libutils.a(arm32_aeabi_ldivmod.o)
                0x000000000000c7a8                __ul_divmod
                0x000000000000c81a                __l_divmod
 .text          0x000000000000c900      0x146 /home/hrl/optee/optee_os/out/arm/export-ta_arm32/lib/libmpa.a(mpa_conv.o)
                0x000000000000c900                mpa_set_S32
                0x000000000000c94c                mpa_get_S32
                0x000000000000c9e2                mpa_set_word
                0x000000000000ca14                mpa_get_word
 .text          0x000000000000ca46      0xa9c /home/hrl/optee/optee_os/out/arm/export-ta_arm32/lib/libmpa.a(mpa_div.o)
                0x000000000000cb1e                __mpa_div_dword
                0x000000000000d190                __mpa_div_q_r_internal_word
                0x000000000000d2c2                __mpa_div_q_r
                0x000000000000d40c                mpa_div
 .text          0x000000000000d4e2      0x7dc /home/hrl/optee/optee_os/out/arm/export-ta_arm32/lib/libmpa.a(mpa_gcd.o)
                0x000000000000d9f8                mpa_gcd
                0x000000000000dae4                mpa_extended_gcd
 .text          0x000000000000dcbe      0x264 /home/hrl/optee/optee_os/out/arm/export-ta_arm32/lib/libmpa.a(mpa_mem_static.o)
                0x000000000000dcbe                mpa_init_scratch_mem_sync
                0x000000000000dd06                mpa_init_scratch_mem
                0x000000000000dd38                mpa_alloc_static_temp_var_size
                0x000000000000de6c                mpa_alloc_static_temp_var
                0x000000000000de92                mpa_free_static_temp_var
 .text          0x000000000000df22      0x42a /home/hrl/optee/optee_os/out/arm/export-ta_arm32/lib/libmpa.a(mpa_mul.o)
                0x000000000000df22                __mpa_mul_add_word
                0x000000000000df9c                __mpa_mul_add_word_cum
                0x000000000000e024                __mpa_abs_mul_word
                0x000000000000e0d2                __mpa_abs_mul
                0x000000000000e1de                mpa_mul
                0x000000000000e2a2                mpa_mul_word
 .text          0x000000000000e34c      0x56c /home/hrl/optee/optee_os/out/arm/export-ta_arm32/lib/libmpa.a(mpa_shift.o)
                0x000000000000e34c                __mpa_shift_words_left
                0x000000000000e3fe                __mpa_shift_words_right
                0x000000000000e4b2                mpa_shift_left
                0x000000000000e6da                mpa_shift_right
 .text          0x000000000000e8b8      0xab4 /home/hrl/optee/optee_os/out/arm/export-ta_arm32/lib/libmpa.a(mpa_addsub.o)
                0x000000000000e8b8                __mpa_full_adder
                0x000000000000e91c                __mpa_full_sub
                0x000000000000e984                __mpa_full_adder_ackum
                0x000000000000e9e8                __mpa_abs_add
                0x000000000000eafc                __mpa_abs_add_ackum
                0x000000000000ebe2                __mpa_abs_sub
                0x000000000000ecce                mpa_add
                0x000000000000eea8                mpa_sub
                0x000000000000f0aa                mpa_neg
                0x000000000000f0d4                mpa_add_word
                0x000000000000f21e                mpa_sub_word
 .text          0x000000000000f36c      0x280 /home/hrl/optee/optee_os/out/arm/export-ta_arm32/lib/libmpa.a(mpa_cmp.o)
                0x000000000000f36c                __mpa_abs_cmp
                0x000000000000f46a                __mpa_abs_greater_than
                0x000000000000f494                __mpa_abs_less_than
                0x000000000000f4ba                mpa_cmp
                0x000000000000f544                mpa_cmp_short
 .text          0x000000000000f5ec       0xe8 /home/hrl/optee/optee_os/out/arm/export-ta_arm32/lib/libmpa.a(mpa_init.o)
                0x000000000000f5ec                mpa_init_static
                0x000000000000f638                mpa_init_static_fmm_context
 .text          0x000000000000f6d4      0x204 /home/hrl/optee/optee_os/out/arm/export-ta_arm32/lib/libmpa.a(mpa_modulus.o)
                0x000000000000f6d4                mpa_mod
                0x000000000000f700                mpa_add_mod
                0x000000000000f750                mpa_sub_mod
                0x000000000000f7a0                mpa_mul_mod
                0x000000000000f7f0                mpa_inv_mod
 .text          0x000000000000f8d8        0x0 /home/hrl/optee/optee_os/out/arm/export-ta_arm32/lib/libutils.a(arm32_aeabi_ldivmod_a32.o)
 *(SORT(.stub))
 *(SORT(.glue_7))
 .glue_7        0x000000000000f8d8        0x0 linker stubs
 *(SORT(.glue_7t))
 .glue_7t       0x000000000000f8d8        0x0 linker stubs
 *(SORT(.gnu.linkonce.t.*))
 *(SORT(.vfp11_veneer))
 .vfp11_veneer  0x000000000000f8d8        0x0 linker stubs
                [!provide]                        PROVIDE (__gnu_mcount_nc, __utee_mcount)
                0x000000000000f8d8                __text_end = .

.v4_bx          0x000000000000f8d8        0x0
 .v4_bx         0x000000000000f8d8        0x0 linker stubs

.iplt           0x000000000000f8d8        0x0
 .iplt          0x000000000000f8d8        0x0 ./hello_aes_ta.o

.eh_frame
 *(SORT(.eh_frame))

.rodata         0x000000000000f8d8     0x1b88
 *(SORT(.gnu.linkonce.r.*))
 *(SORT(.rodata) SORT(.rodata.*))
 .rodata.hello_aes_ta.c
                0x000000000000f8d8      0x50f ./hello_aes_ta.o
 *fill*         0x000000000000fde7        0x1 
 .rodata.user_ta_header.c
                0x000000000000fde8      0x114 ./user_ta_header.o
                0x000000000000fde8                trace_ext_prefix
                0x000000000000fdf0                ta_heap_size
                0x000000000000fef8                ta_num_props
 .rodata.lib/libutee/tee_api.c
                0x000000000000fefc        0x4 /home/hrl/optee/optee_os/out/arm/export-ta_arm32/lib/libutee.a(tee_api.o)
 .rodata.lib/libutee/tee_user_mem.c
                0x000000000000ff00      0x184 /home/hrl/optee/optee_os/out/arm/export-ta_arm32/lib/libutee.a(tee_user_mem.o)
 .rodata.lib/libutee/assert.c
                0x0000000000010084       0x27 /home/hrl/optee/optee_os/out/arm/export-ta_arm32/lib/libutee.a(assert.o)
 *fill*         0x00000000000100ab        0x1 
 .rodata.lib/libutee/tee_api_arith.c
                0x00000000000100ac       0x5f /home/hrl/optee/optee_os/out/arm/export-ta_arm32/lib/libutee.a(tee_api_arith.o)
 *fill*         0x000000000001010b        0x1 
 .rodata.lib/libutee/trace_ext.c
                0x000000000001010c        0x2 /home/hrl/optee/optee_os/out/arm/export-ta_arm32/lib/libutee.a(trace_ext.o)
 *fill*         0x000000000001010e        0x2 
 .rodata.lib/libutils/isoc/bget_malloc.c
                0x0000000000010110      0x4a4 /home/hrl/optee/optee_os/out/arm/export-ta_arm32/lib/libutils.a(bget_malloc.o)
 .rodata.lib/libutils/ext/snprintk.c
                0x00000000000105b4       0x7d /home/hrl/optee/optee_os/out/arm/export-ta_arm32/lib/libutils.a(snprintk.o)
 *fill*         0x0000000000010631        0x3 
 .rodata.lib/libutils/ext/trace.c
                0x0000000000010634       0x55 /home/hrl/optee/optee_os/out/arm/export-ta_arm32/lib/libutils.a(trace.o)
 *fill*         0x0000000000010689        0x3 
 .rodata.lib/libmpa/mpa_misc.c
                0x000000000001068c       0x28 /home/hrl/optee/optee_os/out/arm/export-ta_arm32/lib/libmpa.a(mpa_misc.o)
                0x000000000001068c                const_largest_deci_base
                0x0000000000010698                Const_1_LShift_Base
                0x00000000000106a8                const_one
 .rodata.lib/libmpa/mpa_primetest.c
                0x00000000000106b4      0xd30 /home/hrl/optee/optee_os/out/arm/export-ta_arm32/lib/libmpa.a(mpa_primetest.o)
                0x00000000000106b4                MAX_TABULATED_PRIME
                0x00000000000106b8                NR_STORED_PRIMES
                0x00000000000106bc                PRIME_TABLE
 .rodata.lib/libmpa/mpa_io.c
                0x00000000000113e4       0x7c /home/hrl/optee/optee_os/out/arm/export-ta_arm32/lib/libmpa.a(mpa_io.o)

.ARM.extab      0x0000000000011460      0xdf0
 .ARM.extab     0x0000000000011460       0x9c ./hello_aes_ta.o
 .ARM.extab     0x00000000000114fc        0x0 ./user_ta_header.o
 .ARM.extab     0x00000000000114fc      0x120 /home/hrl/optee/optee_os/out/arm/export-ta_arm32/lib/libutee.a(tee_api.o)
 .ARM.extab     0x000000000001161c      0x15c /home/hrl/optee/optee_os/out/arm/export-ta_arm32/lib/libutee.a(tee_api_objects.o)
 .ARM.extab     0x0000000000011778      0x12c /home/hrl/optee/optee_os/out/arm/export-ta_arm32/lib/libutee.a(tee_api_operations.o)
 .ARM.extab     0x00000000000118a4        0xc /home/hrl/optee/optee_os/out/arm/export-ta_arm32/lib/libutee.a(tee_api_panic.o)
 .ARM.extab     0x00000000000118b0       0x54 /home/hrl/optee/optee_os/out/arm/export-ta_arm32/lib/libutee.a(user_ta_entry.o)
 .ARM.extab     0x0000000000011904        0xc /home/hrl/optee/optee_os/out/arm/export-ta_arm32/lib/libutee.a(utee_syscalls_a32.o)
 .ARM.extab     0x0000000000011910       0xb4 /home/hrl/optee/optee_os/out/arm/export-ta_arm32/lib/libutee.a(tee_user_mem.o)
 .ARM.extab     0x00000000000119c4        0xc /home/hrl/optee/optee_os/out/arm/export-ta_arm32/lib/libutee.a(assert.o)
 .ARM.extab     0x00000000000119d0      0x198 /home/hrl/optee/optee_os/out/arm/export-ta_arm32/lib/libutee.a(tee_api_arith.o)
 .ARM.extab     0x0000000000011b68       0x3c /home/hrl/optee/optee_os/out/arm/export-ta_arm32/lib/libutee.a(utee_misc.o)
 .ARM.extab     0x0000000000011ba4       0x34 /home/hrl/optee/optee_os/out/arm/export-ta_arm32/lib/libutee.a(trace_ext.o)
 .ARM.extab     0x0000000000011bd8      0x1a4 /home/hrl/optee/optee_os/out/arm/export-ta_arm32/lib/libutils.a(bget_malloc.o)
 .ARM.extab     0x0000000000011d7c       0x18 /home/hrl/optee/optee_os/out/arm/export-ta_arm32/lib/libutils.a(snprintf.o)
 .ARM.extab     0x0000000000011d94        0xc /home/hrl/optee/optee_os/out/arm/export-ta_arm32/lib/libutils.a(memcmp.o)
 .ARM.extab     0x0000000000011da0        0xc /home/hrl/optee/optee_os/out/arm/export-ta_arm32/lib/libutils.a(memcpy.o)
 .ARM.extab     0x0000000000011dac        0xc /home/hrl/optee/optee_os/out/arm/export-ta_arm32/lib/libutils.a(memmove.o)
 .ARM.extab     0x0000000000011db8        0xc /home/hrl/optee/optee_os/out/arm/export-ta_arm32/lib/libutils.a(memset.o)
 .ARM.extab     0x0000000000011dc4        0xc /home/hrl/optee/optee_os/out/arm/export-ta_arm32/lib/libutils.a(strlen.o)
 .ARM.extab     0x0000000000011dd0       0x24 /home/hrl/optee/optee_os/out/arm/export-ta_arm32/lib/libutils.a(snprintk.o)
 .ARM.extab     0x0000000000011df4        0xc /home/hrl/optee/optee_os/out/arm/export-ta_arm32/lib/libutils.a(buf_compare_ct.o)
 .ARM.extab     0x0000000000011e00       0x30 /home/hrl/optee/optee_os/out/arm/export-ta_arm32/lib/libutils.a(trace.o)
 .ARM.extab     0x0000000000011e30        0x0 /home/hrl/optee/optee_os/out/arm/export-ta_arm32/lib/libutils.a(aeabi_unwind.o)
 .ARM.extab     0x0000000000011e30        0xc /home/hrl/optee/optee_os/out/arm/export-ta_arm32/lib/libutils.a(memchr.o)
 .ARM.extab     0x0000000000011e3c       0x30 /home/hrl/optee/optee_os/out/arm/export-ta_arm32/lib/libutils.a(arm32_aeabi_ldivmod.o)
 .ARM.extab     0x0000000000011e6c       0x60 /home/hrl/optee/optee_os/out/arm/export-ta_arm32/lib/libmpa.a(mpa_misc.o)
 .ARM.extab     0x0000000000011ecc       0x24 /home/hrl/optee/optee_os/out/arm/export-ta_arm32/lib/libmpa.a(mpa_montgomery.o)
 .ARM.extab     0x0000000000011ef0       0x30 /home/hrl/optee/optee_os/out/arm/export-ta_arm32/lib/libmpa.a(mpa_primetest.o)
 .ARM.extab     0x0000000000011f20       0x30 /home/hrl/optee/optee_os/out/arm/export-ta_arm32/lib/libmpa.a(mpa_conv.o)
 .ARM.extab     0x0000000000011f50       0x48 /home/hrl/optee/optee_os/out/arm/export-ta_arm32/lib/libmpa.a(mpa_div.o)
 .ARM.extab     0x0000000000011f98       0x3c /home/hrl/optee/optee_os/out/arm/export-ta_arm32/lib/libmpa.a(mpa_gcd.o)
 .ARM.extab     0x0000000000011fd4       0x3c /home/hrl/optee/optee_os/out/arm/export-ta_arm32/lib/libmpa.a(mpa_mem_static.o)
 .ARM.extab     0x0000000000012010       0x30 /home/hrl/optee/optee_os/out/arm/export-ta_arm32/lib/libmpa.a(mpa_mul.o)
 .ARM.extab     0x0000000000012040       0x30 /home/hrl/optee/optee_os/out/arm/export-ta_arm32/lib/libmpa.a(mpa_random.o)
 .ARM.extab     0x0000000000012070       0x30 /home/hrl/optee/optee_os/out/arm/export-ta_arm32/lib/libmpa.a(mpa_shift.o)
 .ARM.extab     0x00000000000120a0       0x60 /home/hrl/optee/optee_os/out/arm/export-ta_arm32/lib/libmpa.a(mpa_addsub.o)
 .ARM.extab     0x0000000000012100       0x3c /home/hrl/optee/optee_os/out/arm/export-ta_arm32/lib/libmpa.a(mpa_cmp.o)
 .ARM.extab     0x000000000001213c        0xc /home/hrl/optee/optee_os/out/arm/export-ta_arm32/lib/libmpa.a(mpa_expmod.o)
 .ARM.extab     0x0000000000012148       0x18 /home/hrl/optee/optee_os/out/arm/export-ta_arm32/lib/libmpa.a(mpa_init.o)
 .ARM.extab     0x0000000000012160       0xb4 /home/hrl/optee/optee_os/out/arm/export-ta_arm32/lib/libmpa.a(mpa_io.o)
 .ARM.extab     0x0000000000012214       0x3c /home/hrl/optee/optee_os/out/arm/export-ta_arm32/lib/libmpa.a(mpa_modulus.o)

.gnu.version_d  0x0000000000012250        0x0
 .gnu.version_d
                0x0000000000012250        0x0 ./hello_aes_ta.o

.gnu.version    0x0000000000012250        0x0
 .gnu.version   0x0000000000012250        0x0 ./hello_aes_ta.o

.gnu.version_r  0x0000000000012250        0x0
 .gnu.version_r
                0x0000000000012250        0x0 ./hello_aes_ta.o

.ARM.extab.text.__aeabi_ldivmod
                0x0000000000012250        0xc
 .ARM.extab.text.__aeabi_ldivmod
                0x0000000000012250        0xc /home/hrl/optee/optee_os/out/arm/export-ta_arm32/lib/libutils.a(arm32_aeabi_ldivmod_a32.o)

.ARM.extab.text.__aeabi_uldivmod
                0x000000000001225c        0xc
 .ARM.extab.text.__aeabi_uldivmod
                0x000000000001225c        0xc /home/hrl/optee/optee_os/out/arm/export-ta_arm32/lib/libutils.a(arm32_aeabi_ldivmod_a32.o)

.ARM.exidx      0x0000000000012268      0xa58
 *(SORT(.ARM.exidx*) SORT(.gnu.linkonce.armexidx.*))
 .ARM.exidx     0x0000000000012268       0x78 ./hello_aes_ta.o
 .ARM.exidx     0x0000000000012980        0x8 ./user_ta_header.o
 .ARM.exidx     0x00000000000122e0       0xc8 /home/hrl/optee/optee_os/out/arm/export-ta_arm32/lib/libutee.a(tee_api.o)
 .ARM.exidx     0x0000000000012988       0xf8 /home/hrl/optee/optee_os/out/arm/export-ta_arm32/lib/libutee.a(tee_api_objects.o)
 .ARM.exidx     0x00000000000123a8       0xe0 /home/hrl/optee/optee_os/out/arm/export-ta_arm32/lib/libutee.a(tee_api_operations.o)
                                         0xf0 (size before relaxing)
 .ARM.exidx     0x0000000000012a80        0x8 /home/hrl/optee/optee_os/out/arm/export-ta_arm32/lib/libutee.a(tee_api_panic.o)
 .ARM.exidx     0x0000000000012488       0x48 /home/hrl/optee/optee_os/out/arm/export-ta_arm32/lib/libutee.a(user_ta_entry.o)
                                         0x50 (size before relaxing)
 .ARM.exidx     0x00000000000124d0       0x18 /home/hrl/optee/optee_os/out/arm/export-ta_arm32/lib/libutee.a(utee_syscalls_a32.o)
                                        0x240 (size before relaxing)
 .ARM.exidx     0x00000000000124e8       0x88 /home/hrl/optee/optee_os/out/arm/export-ta_arm32/lib/libutee.a(tee_user_mem.o)
 .ARM.exidx     0x0000000000012570       0x10 /home/hrl/optee/optee_os/out/arm/export-ta_arm32/lib/libutee.a(assert.o)
 .ARM.exidx     0x0000000000012580      0x110 /home/hrl/optee/optee_os/out/arm/export-ta_arm32/lib/libutee.a(tee_api_arith.o)
 .ARM.exidx     0x0000000000012a88       0x30 /home/hrl/optee/optee_os/out/arm/export-ta_arm32/lib/libutee.a(utee_misc.o)
 .ARM.exidx     0x0000000000012690       0x28 /home/hrl/optee/optee_os/out/arm/export-ta_arm32/lib/libutee.a(trace_ext.o)
 .ARM.exidx     0x00000000000126b8      0x128 /home/hrl/optee/optee_os/out/arm/export-ta_arm32/lib/libutils.a(bget_malloc.o)
 .ARM.exidx     0x0000000000012ab8       0x10 /home/hrl/optee/optee_os/out/arm/export-ta_arm32/lib/libutils.a(snprintf.o)
 .ARM.exidx     0x0000000000012ac8        0x8 /home/hrl/optee/optee_os/out/arm/export-ta_arm32/lib/libutils.a(memcmp.o)
 .ARM.exidx     0x0000000000012ad0        0x8 /home/hrl/optee/optee_os/out/arm/export-ta_arm32/lib/libutils.a(memcpy.o)
 .ARM.exidx     0x0000000000012ad8        0x8 /home/hrl/optee/optee_os/out/arm/export-ta_arm32/lib/libutils.a(memmove.o)
 .ARM.exidx     0x0000000000012ae0        0x8 /home/hrl/optee/optee_os/out/arm/export-ta_arm32/lib/libutils.a(memset.o)
 .ARM.exidx     0x0000000000012ae8        0x8 /home/hrl/optee/optee_os/out/arm/export-ta_arm32/lib/libutils.a(strlen.o)
 .ARM.exidx     0x00000000000127e0       0x28 /home/hrl/optee/optee_os/out/arm/export-ta_arm32/lib/libutils.a(snprintk.o)
 .ARM.exidx     0x0000000000012af0        0x8 /home/hrl/optee/optee_os/out/arm/export-ta_arm32/lib/libutils.a(buf_compare_ct.o)
 .ARM.exidx     0x0000000000012808       0x28 /home/hrl/optee/optee_os/out/arm/export-ta_arm32/lib/libutils.a(trace.o)
 .ARM.exidx     0x0000000000012af8        0x8 /home/hrl/optee/optee_os/out/arm/export-ta_arm32/lib/libutils.a(aeabi_unwind.o)
                                         0x18 (size before relaxing)
 .ARM.exidx     0x0000000000012b00        0x8 /home/hrl/optee/optee_os/out/arm/export-ta_arm32/lib/libutils.a(memchr.o)
 .ARM.exidx.text.__aeabi_ldivmod
                0x0000000000012830        0x8 /home/hrl/optee/optee_os/out/arm/export-ta_arm32/lib/libutils.a(arm32_aeabi_ldivmod_a32.o)
 .ARM.exidx.text.__aeabi_uldivmod
                0x0000000000012838        0x8 /home/hrl/optee/optee_os/out/arm/export-ta_arm32/lib/libutils.a(arm32_aeabi_ldivmod_a32.o)
 .ARM.exidx     0x0000000000012b08       0x20 /home/hrl/optee/optee_os/out/arm/export-ta_arm32/lib/libutils.a(arm32_aeabi_ldivmod.o)
 .ARM.exidx     0x0000000000012840       0x48 /home/hrl/optee/optee_os/out/arm/export-ta_arm32/lib/libmpa.a(mpa_misc.o)
 .ARM.exidx     0x0000000000012888       0x28 /home/hrl/optee/optee_os/out/arm/export-ta_arm32/lib/libmpa.a(mpa_montgomery.o)
 .ARM.exidx     0x00000000000128b0       0x28 /home/hrl/optee/optee_os/out/arm/export-ta_arm32/lib/libmpa.a(mpa_primetest.o)
 .ARM.exidx     0x0000000000012b28       0x20 /home/hrl/optee/optee_os/out/arm/export-ta_arm32/lib/libmpa.a(mpa_conv.o)
 .ARM.exidx     0x0000000000012b48       0x30 /home/hrl/optee/optee_os/out/arm/export-ta_arm32/lib/libmpa.a(mpa_div.o)
 .ARM.exidx     0x0000000000012b78       0x28 /home/hrl/optee/optee_os/out/arm/export-ta_arm32/lib/libmpa.a(mpa_gcd.o)
 .ARM.exidx     0x0000000000012ba0       0x28 /home/hrl/optee/optee_os/out/arm/export-ta_arm32/lib/libmpa.a(mpa_mem_static.o)
 .ARM.exidx     0x0000000000012bc8       0x28 /home/hrl/optee/optee_os/out/arm/export-ta_arm32/lib/libmpa.a(mpa_mul.o)
                                         0x30 (size before relaxing)
 .ARM.exidx     0x00000000000128d8       0x20 /home/hrl/optee/optee_os/out/arm/export-ta_arm32/lib/libmpa.a(mpa_random.o)
 .ARM.exidx     0x0000000000012bf0       0x20 /home/hrl/optee/optee_os/out/arm/export-ta_arm32/lib/libmpa.a(mpa_shift.o)
 .ARM.exidx     0x0000000000012c10       0x48 /home/hrl/optee/optee_os/out/arm/export-ta_arm32/lib/libmpa.a(mpa_addsub.o)
                                         0x58 (size before relaxing)
 .ARM.exidx     0x0000000000012c58       0x28 /home/hrl/optee/optee_os/out/arm/export-ta_arm32/lib/libmpa.a(mpa_cmp.o)
 .ARM.exidx     0x00000000000128f8        0x8 /home/hrl/optee/optee_os/out/arm/export-ta_arm32/lib/libmpa.a(mpa_expmod.o)
 .ARM.exidx     0x0000000000012c80       0x10 /home/hrl/optee/optee_os/out/arm/export-ta_arm32/lib/libmpa.a(mpa_init.o)
 .ARM.exidx     0x0000000000012900       0x80 /home/hrl/optee/optee_os/out/arm/export-ta_arm32/lib/libmpa.a(mpa_io.o)
 .ARM.exidx     0x0000000000012c90       0x30 /home/hrl/optee/optee_os/out/arm/export-ta_arm32/lib/libmpa.a(mpa_modulus.o)
                                         0x28 (size before relaxing)

.ctors
 *(SORT(.ctors))

.dtors
 *(SORT(.dtors))

.plt            0x0000000000012cc0        0x0
 *(SORT(.plt))
 .plt           0x0000000000012cc0        0x0 ./hello_aes_ta.o

.got            0x0000000000012cc0       0x30
 *(SORT(.got.plt))
 .got.plt       0x0000000000012cc0        0xc ./hello_aes_ta.o
                0x0000000000012cc0                _GLOBAL_OFFSET_TABLE_
 *(SORT(.got))
 .got           0x0000000000012ccc       0x24 ./hello_aes_ta.o

.rel.text       0x0000000000012cf0        0x0
 *(SORT(.rel.text))
 .rel.text      0x0000000000012cf0        0x0 ./hello_aes_ta.o
 *(SORT(.rel.gnu.linkonce.t*))

.rela.text
 *(SORT(.rela.text))
 *(SORT(.rela.gnu.linkonce.t*))

.rel.data
 *(SORT(.rel.data))
 *(SORT(.rel.gnu.linkonce.d*))

.rela.data
 *(SORT(.rela.data))
 *(SORT(.rela.gnu.linkonce.d*))

.rel.rodata
 *(SORT(.rel.rodata))
 *(SORT(.rel.gnu.linkonce.r*))

.rela.rodata
 *(SORT(.rela.rodata))
 *(SORT(.rela.gnu.linkonce.r*))

.rel.dyn        0x0000000000012cf0       0xc8
 *(SORT(.rel.dyn))
 .rel.iplt      0x0000000000012cf0        0x0 ./hello_aes_ta.o
 .rel.ta_head   0x0000000000012cf0        0x8 ./hello_aes_ta.o
 .rel.data.rel.ro.local
                0x0000000000012cf8       0x90 ./hello_aes_ta.o
 .rel.data.rel  0x0000000000012d88        0x8 ./hello_aes_ta.o
 .rel.data.rel.local
                0x0000000000012d90       0x28 ./hello_aes_ta.o

.rel.got        0x0000000000012db8       0x48
 *(SORT(.rel.got))
 .rel.got       0x0000000000012db8       0x48 ./hello_aes_ta.o

.rela.got
 *(SORT(.rela.got))

.rel.ctors
 *(SORT(.rel.ctors))

.rela.ctors
 *(SORT(.rela.ctors))

.rel.dtors
 *(SORT(.rel.dtors))

.rela.dtors
 *(SORT(.rela.dtors))

.rel.init
 *(SORT(.rel.init))

.rela.init
 *(SORT(.rela.init))

.rel.fini
 *(SORT(.rel.fini))

.rela.fini
 *(SORT(.rela.fini))

.rel.bss
 *(SORT(.rel.bss))

.rela.bss
 *(SORT(.rela.bss))

.rel.plt        0x0000000000012e00        0x0
 *(SORT(.rel.plt))
 .rel.plt       0x0000000000012e00        0x0 ./hello_aes_ta.o

.rela.plt
 *(SORT(.rela.plt))

.dynamic        0x0000000000012e00       0x80
 *(SORT(.dynamic))
 .dynamic       0x0000000000012e00       0x80 ./hello_aes_ta.o
                0x0000000000012e00                _DYNAMIC

.dynsym         0x0000000000012e80       0xc0
 *(SORT(.dynsym))
 .dynsym        0x0000000000012e80       0xc0 ./hello_aes_ta.o

.dynstr         0x0000000000012f40       0x8e
 *(SORT(.dynstr))
 .dynstr        0x0000000000012f40       0x8e ./hello_aes_ta.o

.hash           0x0000000000012fd0       0x44
 *(SORT(.hash))
 .hash          0x0000000000012fd0       0x44 ./hello_aes_ta.o
                0x0000000000014000                . = ALIGN (0x1000)

.data           0x0000000000014000       0xe4
 *(SORT(.data) SORT(.data.*) SORT(.gnu.linkonce.d.*))
 .data          0x0000000000014000       0x48 ./hello_aes_ta.o
 .data          0x0000000000014048        0x4 ./user_ta_header.o
                0x0000000000014048                trace_level
 .data.rel.ro.local
                0x000000000001404c       0x6c ./user_ta_header.o
                0x000000000001404c                ta_props
 .data.rel      0x00000000000140b8        0x4 /home/hrl/optee/optee_os/out/arm/export-ta_arm32/lib/libutee.a(user_ta_entry.o)
                0x00000000000140b8                _ref__utee_mcount
 .data.rel.local
                0x00000000000140bc        0x8 /home/hrl/optee/optee_os/out/arm/export-ta_arm32/lib/libutee.a(user_ta_entry.o)
 .data          0x00000000000140c4        0x4 /home/hrl/optee/optee_os/out/arm/export-ta_arm32/lib/libutee.a(tee_user_mem.o)
 .data.rel.local
                0x00000000000140c8        0x8 /home/hrl/optee/optee_os/out/arm/export-ta_arm32/lib/libutee.a(tee_user_mem.o)
                0x00000000000140c8                user_mem_head
 .data.rel.local
                0x00000000000140d0        0x4 /home/hrl/optee/optee_os/out/arm/export-ta_arm32/lib/libutee.a(tee_api_arith.o)
 .data.rel.local
                0x00000000000140d4       0x10 /home/hrl/optee/optee_os/out/arm/export-ta_arm32/lib/libutils.a(bget_malloc.o)
 .data          0x00000000000140e4        0x0 /home/hrl/optee/optee_os/out/arm/export-ta_arm32/lib/libutee.a(tee_api.o)
 .data          0x00000000000140e4        0x0 /home/hrl/optee/optee_os/out/arm/export-ta_arm32/lib/libutee.a(tee_api_objects.o)
 .data          0x00000000000140e4        0x0 /home/hrl/optee/optee_os/out/arm/export-ta_arm32/lib/libutee.a(tee_api_operations.o)
 .data          0x00000000000140e4        0x0 /home/hrl/optee/optee_os/out/arm/export-ta_arm32/lib/libutee.a(tee_api_panic.o)
 .data          0x00000000000140e4        0x0 /home/hrl/optee/optee_os/out/arm/export-ta_arm32/lib/libutee.a(user_ta_entry.o)
 .data          0x00000000000140e4        0x0 /home/hrl/optee/optee_os/out/arm/export-ta_arm32/lib/libutee.a(utee_syscalls_a32.o)
 .data          0x00000000000140e4        0x0 /home/hrl/optee/optee_os/out/arm/export-ta_arm32/lib/libutee.a(gprof_a32.o)
 .data          0x00000000000140e4        0x0 /home/hrl/optee/optee_os/out/arm/export-ta_arm32/lib/libutee.a(assert.o)
 .data          0x00000000000140e4        0x0 /home/hrl/optee/optee_os/out/arm/export-ta_arm32/lib/libutee.a(tee_api_arith.o)
 .data          0x00000000000140e4        0x0 /home/hrl/optee/optee_os/out/arm/export-ta_arm32/lib/libutee.a(utee_misc.o)
 .data          0x00000000000140e4        0x0 /home/hrl/optee/optee_os/out/arm/export-ta_arm32/lib/libutee.a(trace_ext.o)
 .data          0x00000000000140e4        0x0 /home/hrl/optee/optee_os/out/arm/export-ta_arm32/lib/libutils.a(bget_malloc.o)
 .data          0x00000000000140e4        0x0 /home/hrl/optee/optee_os/out/arm/export-ta_arm32/lib/libutils.a(snprintf.o)
 .data          0x00000000000140e4        0x0 /home/hrl/optee/optee_os/out/arm/export-ta_arm32/lib/libutils.a(memcmp.o)
 .data          0x00000000000140e4        0x0 /home/hrl/optee/optee_os/out/arm/export-ta_arm32/lib/libutils.a(memcpy.o)
 .data          0x00000000000140e4        0x0 /home/hrl/optee/optee_os/out/arm/export-ta_arm32/lib/libutils.a(memmove.o)
 .data          0x00000000000140e4        0x0 /home/hrl/optee/optee_os/out/arm/export-ta_arm32/lib/libutils.a(memset.o)
 .data          0x00000000000140e4        0x0 /home/hrl/optee/optee_os/out/arm/export-ta_arm32/lib/libutils.a(strlen.o)
 .data          0x00000000000140e4        0x0 /home/hrl/optee/optee_os/out/arm/export-ta_arm32/lib/libutils.a(snprintk.o)
 .data          0x00000000000140e4        0x0 /home/hrl/optee/optee_os/out/arm/export-ta_arm32/lib/libutils.a(buf_compare_ct.o)
 .data          0x00000000000140e4        0x0 /home/hrl/optee/optee_os/out/arm/export-ta_arm32/lib/libutils.a(trace.o)
 .data          0x00000000000140e4        0x0 /home/hrl/optee/optee_os/out/arm/export-ta_arm32/lib/libutils.a(aeabi_unwind.o)
 .data          0x00000000000140e4        0x0 /home/hrl/optee/optee_os/out/arm/export-ta_arm32/lib/libutils.a(memchr.o)
 .data          0x00000000000140e4        0x0 /home/hrl/optee/optee_os/out/arm/export-ta_arm32/lib/libutils.a(arm32_aeabi_ldivmod_a32.o)
 .data          0x00000000000140e4        0x0 /home/hrl/optee/optee_os/out/arm/export-ta_arm32/lib/libutils.a(arm32_aeabi_ldivmod.o)
 .data          0x00000000000140e4        0x0 /home/hrl/optee/optee_os/out/arm/export-ta_arm32/lib/libmpa.a(mpa_misc.o)
 .data          0x00000000000140e4        0x0 /home/hrl/optee/optee_os/out/arm/export-ta_arm32/lib/libmpa.a(mpa_montgomery.o)
 .data          0x00000000000140e4        0x0 /home/hrl/optee/optee_os/out/arm/export-ta_arm32/lib/libmpa.a(mpa_primetest.o)
 .data          0x00000000000140e4        0x0 /home/hrl/optee/optee_os/out/arm/export-ta_arm32/lib/libmpa.a(mpa_conv.o)
 .data          0x00000000000140e4        0x0 /home/hrl/optee/optee_os/out/arm/export-ta_arm32/lib/libmpa.a(mpa_div.o)
 .data          0x00000000000140e4        0x0 /home/hrl/optee/optee_os/out/arm/export-ta_arm32/lib/libmpa.a(mpa_gcd.o)
 .data          0x00000000000140e4        0x0 /home/hrl/optee/optee_os/out/arm/export-ta_arm32/lib/libmpa.a(mpa_mem_static.o)
 .data          0x00000000000140e4        0x0 /home/hrl/optee/optee_os/out/arm/export-ta_arm32/lib/libmpa.a(mpa_mul.o)
 .data          0x00000000000140e4        0x0 /home/hrl/optee/optee_os/out/arm/export-ta_arm32/lib/libmpa.a(mpa_random.o)
 .data          0x00000000000140e4        0x0 /home/hrl/optee/optee_os/out/arm/export-ta_arm32/lib/libmpa.a(mpa_shift.o)
 .data          0x00000000000140e4        0x0 /home/hrl/optee/optee_os/out/arm/export-ta_arm32/lib/libmpa.a(mpa_addsub.o)
 .data          0x00000000000140e4        0x0 /home/hrl/optee/optee_os/out/arm/export-ta_arm32/lib/libmpa.a(mpa_cmp.o)
 .data          0x00000000000140e4        0x0 /home/hrl/optee/optee_os/out/arm/export-ta_arm32/lib/libmpa.a(mpa_expmod.o)
 .data          0x00000000000140e4        0x0 /home/hrl/optee/optee_os/out/arm/export-ta_arm32/lib/libmpa.a(mpa_init.o)
 .data          0x00000000000140e4        0x0 /home/hrl/optee/optee_os/out/arm/export-ta_arm32/lib/libmpa.a(mpa_io.o)
 .data          0x00000000000140e4        0x0 /home/hrl/optee/optee_os/out/arm/export-ta_arm32/lib/libmpa.a(mpa_modulus.o)

.igot.plt       0x00000000000140e4        0x0
 .igot.plt      0x00000000000140e4        0x0 ./hello_aes_ta.o

.bss            0x00000000000140e4     0xabbc
 *(SORT(.bss) SORT(.bss.*) SORT(.gnu.linkonce.b.*) SORT(COMMON))
 .bss           0x00000000000140e4       0x28 ./hello_aes_ta.o
 .bss           0x000000000001410c     0x8000 ./user_ta_header.o
                0x000000000001410c                ta_heap
 .bss           0x000000000001c10c        0x4 /home/hrl/optee/optee_os/out/arm/export-ta_arm32/lib/libutee.a(tee_api.o)
 .bss           0x000000000001c110       0x29 /home/hrl/optee/optee_os/out/arm/export-ta_arm32/lib/libutee.a(user_ta_entry.o)
                0x000000000001c110                ta_param_types
                0x000000000001c114                ta_params
 *fill*         0x000000000001c139        0x3 
 .bss           0x000000000001c13c        0xc /home/hrl/optee/optee_os/out/arm/export-ta_arm32/lib/libutee.a(tee_user_mem.o)
 .bss           0x000000000001c148     0x1b00 /home/hrl/optee/optee_os/out/arm/export-ta_arm32/lib/libutee.a(tee_api_arith.o)
 .bss           0x000000000001dc48       0x4c /home/hrl/optee/optee_os/out/arm/export-ta_arm32/lib/libutils.a(bget_malloc.o)
 .bss           0x000000000001dc94        0x4 /home/hrl/optee/optee_os/out/arm/export-ta_arm32/lib/libmpa.a(mpa_random.o)
 .bss           0x000000000001dc98     0x1002 /home/hrl/optee/optee_os/out/arm/export-ta_arm32/lib/libmpa.a(mpa_io.o)
 .bss           0x000000000001ec9a        0x0 /home/hrl/optee/optee_os/out/arm/export-ta_arm32/lib/libutee.a(tee_api_objects.o)
 .bss           0x000000000001ec9a        0x0 /home/hrl/optee/optee_os/out/arm/export-ta_arm32/lib/libutee.a(tee_api_operations.o)
 .bss           0x000000000001ec9a        0x0 /home/hrl/optee/optee_os/out/arm/export-ta_arm32/lib/libutee.a(tee_api_panic.o)
 .bss           0x000000000001ec9a        0x0 /home/hrl/optee/optee_os/out/arm/export-ta_arm32/lib/libutee.a(utee_syscalls_a32.o)
 .bss           0x000000000001ec9a        0x0 /home/hrl/optee/optee_os/out/arm/export-ta_arm32/lib/libutee.a(gprof_a32.o)
 .bss           0x000000000001ec9a        0x0 /home/hrl/optee/optee_os/out/arm/export-ta_arm32/lib/libutee.a(assert.o)
 .bss           0x000000000001ec9a        0x0 /home/hrl/optee/optee_os/out/arm/export-ta_arm32/lib/libutee.a(utee_misc.o)
 .bss           0x000000000001ec9a        0x0 /home/hrl/optee/optee_os/out/arm/export-ta_arm32/lib/libutee.a(trace_ext.o)
 .bss           0x000000000001ec9a        0x0 /home/hrl/optee/optee_os/out/arm/export-ta_arm32/lib/libutils.a(snprintf.o)
 .bss           0x000000000001ec9a        0x0 /home/hrl/optee/optee_os/out/arm/export-ta_arm32/lib/libutils.a(memcmp.o)
 .bss           0x000000000001ec9a        0x0 /home/hrl/optee/optee_os/out/arm/export-ta_arm32/lib/libutils.a(memcpy.o)
 .bss           0x000000000001ec9a        0x0 /home/hrl/optee/optee_os/out/arm/export-ta_arm32/lib/libutils.a(memmove.o)
 .bss           0x000000000001ec9a        0x0 /home/hrl/optee/optee_os/out/arm/export-ta_arm32/lib/libutils.a(memset.o)
 .bss           0x000000000001ec9a        0x0 /home/hrl/optee/optee_os/out/arm/export-ta_arm32/lib/libutils.a(strlen.o)
 .bss           0x000000000001ec9a        0x0 /home/hrl/optee/optee_os/out/arm/export-ta_arm32/lib/libutils.a(snprintk.o)
 .bss           0x000000000001ec9a        0x0 /home/hrl/optee/optee_os/out/arm/export-ta_arm32/lib/libutils.a(buf_compare_ct.o)
 .bss           0x000000000001ec9a        0x0 /home/hrl/optee/optee_os/out/arm/export-ta_arm32/lib/libutils.a(trace.o)
 .bss           0x000000000001ec9a        0x0 /home/hrl/optee/optee_os/out/arm/export-ta_arm32/lib/libutils.a(aeabi_unwind.o)
 .bss           0x000000000001ec9a        0x0 /home/hrl/optee/optee_os/out/arm/export-ta_arm32/lib/libutils.a(memchr.o)
 .bss           0x000000000001ec9a        0x0 /home/hrl/optee/optee_os/out/arm/export-ta_arm32/lib/libutils.a(arm32_aeabi_ldivmod_a32.o)
 .bss           0x000000000001ec9a        0x0 /home/hrl/optee/optee_os/out/arm/export-ta_arm32/lib/libutils.a(arm32_aeabi_ldivmod.o)
 .bss           0x000000000001ec9a        0x0 /home/hrl/optee/optee_os/out/arm/export-ta_arm32/lib/libmpa.a(mpa_misc.o)
 .bss           0x000000000001ec9a        0x0 /home/hrl/optee/optee_os/out/arm/export-ta_arm32/lib/libmpa.a(mpa_montgomery.o)
 .bss           0x000000000001ec9a        0x0 /home/hrl/optee/optee_os/out/arm/export-ta_arm32/lib/libmpa.a(mpa_primetest.o)
 .bss           0x000000000001ec9a        0x0 /home/hrl/optee/optee_os/out/arm/export-ta_arm32/lib/libmpa.a(mpa_conv.o)
 .bss           0x000000000001ec9a        0x0 /home/hrl/optee/optee_os/out/arm/export-ta_arm32/lib/libmpa.a(mpa_div.o)
 .bss           0x000000000001ec9a        0x0 /home/hrl/optee/optee_os/out/arm/export-ta_arm32/lib/libmpa.a(mpa_gcd.o)
 .bss           0x000000000001ec9a        0x0 /home/hrl/optee/optee_os/out/arm/export-ta_arm32/lib/libmpa.a(mpa_mem_static.o)
 .bss           0x000000000001ec9a        0x0 /home/hrl/optee/optee_os/out/arm/export-ta_arm32/lib/libmpa.a(mpa_mul.o)
 .bss           0x000000000001ec9a        0x0 /home/hrl/optee/optee_os/out/arm/export-ta_arm32/lib/libmpa.a(mpa_shift.o)
 .bss           0x000000000001ec9a        0x0 /home/hrl/optee/optee_os/out/arm/export-ta_arm32/lib/libmpa.a(mpa_addsub.o)
 .bss           0x000000000001ec9a        0x0 /home/hrl/optee/optee_os/out/arm/export-ta_arm32/lib/libmpa.a(mpa_cmp.o)
 .bss           0x000000000001ec9a        0x0 /home/hrl/optee/optee_os/out/arm/export-ta_arm32/lib/libmpa.a(mpa_expmod.o)
 .bss           0x000000000001ec9a        0x0 /home/hrl/optee/optee_os/out/arm/export-ta_arm32/lib/libmpa.a(mpa_init.o)
 .bss           0x000000000001ec9a        0x0 /home/hrl/optee/optee_os/out/arm/export-ta_arm32/lib/libmpa.a(mpa_modulus.o)
                0x000000000001eca0                . = ALIGN (0x8)
 *fill*         0x000000000001ec9a        0x6 
                0x000000000001eca0                __gprof_buf_start = .
                0x000000000001eca0                . = (. + DEFINED (__gnu_mcount_nc)?(((__text_end - __text_start) * 0x88) / 0x64):0x0)
                0x000000000001eca0                __gprof_buf_end = .

.dynbss         0x000000000001eca0        0x0
 .dynbss        0x000000000001eca0        0x0 ./hello_aes_ta.o

/DISCARD/
 *(SORT(.interp))
LOAD ./hello_aes_ta.o
LOAD ./user_ta_header.o
START GROUP
LOAD /home/hrl/optee/optee_os/out/arm/export-ta_arm32/lib/libmpa.a
LOAD /home/hrl/optee/optee_os/out/arm/export-ta_arm32/lib/libutee.a
LOAD /home/hrl/optee/optee_os/out/arm/export-ta_arm32/lib/libutils.a
END GROUP
OUTPUT(dcd6f18a-c128-4df6-8314-e9d86e4a6fd3.elf elf32-littlearm)

.debug_info     0x0000000000000000     0xc795
 .debug_info    0x0000000000000000      0xc75 ./hello_aes_ta.o
 .debug_info    0x0000000000000c75      0x383 ./user_ta_header.o
 .debug_info    0x0000000000000ff8      0xa5c /home/hrl/optee/optee_os/out/arm/export-ta_arm32/lib/libutee.a(tee_api.o)
 .debug_info    0x0000000000001a54      0xe78 /home/hrl/optee/optee_os/out/arm/export-ta_arm32/lib/libutee.a(tee_api_objects.o)
 .debug_info    0x00000000000028cc     0x1630 /home/hrl/optee/optee_os/out/arm/export-ta_arm32/lib/libutee.a(tee_api_operations.o)
 .debug_info    0x0000000000003efc       0xe6 /home/hrl/optee/optee_os/out/arm/export-ta_arm32/lib/libutee.a(tee_api_panic.o)
 .debug_info    0x0000000000003fe2      0x61a /home/hrl/optee/optee_os/out/arm/export-ta_arm32/lib/libutee.a(user_ta_entry.o)
 .debug_info    0x00000000000045fc       0x6a /home/hrl/optee/optee_os/out/arm/export-ta_arm32/lib/libutee.a(utee_syscalls_a32.o)
 .debug_info    0x0000000000004666       0x68 /home/hrl/optee/optee_os/out/arm/export-ta_arm32/lib/libutee.a(gprof_a32.o)
 .debug_info    0x00000000000046ce      0x6b1 /home/hrl/optee/optee_os/out/arm/export-ta_arm32/lib/libutee.a(tee_user_mem.o)
 .debug_info    0x0000000000004d7f      0x11a /home/hrl/optee/optee_os/out/arm/export-ta_arm32/lib/libutee.a(assert.o)
 .debug_info    0x0000000000004e99      0xff1 /home/hrl/optee/optee_os/out/arm/export-ta_arm32/lib/libutee.a(tee_api_arith.o)
 .debug_info    0x0000000000005e8a      0x1e0 /home/hrl/optee/optee_os/out/arm/export-ta_arm32/lib/libutee.a(utee_misc.o)
 .debug_info    0x000000000000606a      0x1e8 /home/hrl/optee/optee_os/out/arm/export-ta_arm32/lib/libutee.a(trace_ext.o)
 .debug_info    0x0000000000006252     0x1182 /home/hrl/optee/optee_os/out/arm/export-ta_arm32/lib/libutils.a(bget_malloc.o)
 .debug_info    0x00000000000073d4      0x135 /home/hrl/optee/optee_os/out/arm/export-ta_arm32/lib/libutils.a(snprintf.o)
 .debug_info    0x0000000000007509       0xd8 /home/hrl/optee/optee_os/out/arm/export-ta_arm32/lib/libutils.a(memcmp.o)
 .debug_info    0x00000000000075e1       0xf8 /home/hrl/optee/optee_os/out/arm/export-ta_arm32/lib/libutils.a(memcpy.o)
 .debug_info    0x00000000000076d9       0xf8 /home/hrl/optee/optee_os/out/arm/export-ta_arm32/lib/libutils.a(memmove.o)
 .debug_info    0x00000000000077d1       0xdd /home/hrl/optee/optee_os/out/arm/export-ta_arm32/lib/libutils.a(memset.o)
 .debug_info    0x00000000000078ae       0xa6 /home/hrl/optee/optee_os/out/arm/export-ta_arm32/lib/libutils.a(strlen.o)
 .debug_info    0x0000000000007954      0x4fe /home/hrl/optee/optee_os/out/arm/export-ta_arm32/lib/libutils.a(snprintk.o)
 .debug_info    0x0000000000007e52       0xbf /home/hrl/optee/optee_os/out/arm/export-ta_arm32/lib/libutils.a(buf_compare_ct.o)
 .debug_info    0x0000000000007f11      0x2ad /home/hrl/optee/optee_os/out/arm/export-ta_arm32/lib/libutils.a(trace.o)
 .debug_info    0x00000000000081be       0x5d /home/hrl/optee/optee_os/out/arm/export-ta_arm32/lib/libutils.a(aeabi_unwind.o)
 .debug_info    0x000000000000821b       0xef /home/hrl/optee/optee_os/out/arm/export-ta_arm32/lib/libutils.a(memchr.o)
 .debug_info    0x000000000000830a       0x72 /home/hrl/optee/optee_os/out/arm/export-ta_arm32/lib/libutils.a(arm32_aeabi_ldivmod_a32.o)
 .debug_info    0x000000000000837c      0x1f8 /home/hrl/optee/optee_os/out/arm/export-ta_arm32/lib/libutils.a(arm32_aeabi_ldivmod.o)
 .debug_info    0x0000000000008574      0x31f /home/hrl/optee/optee_os/out/arm/export-ta_arm32/lib/libmpa.a(mpa_misc.o)
 .debug_info    0x0000000000008893      0x4c1 /home/hrl/optee/optee_os/out/arm/export-ta_arm32/lib/libmpa.a(mpa_montgomery.o)
 .debug_info    0x0000000000008d54      0x4d2 /home/hrl/optee/optee_os/out/arm/export-ta_arm32/lib/libmpa.a(mpa_primetest.o)
 .debug_info    0x0000000000009226      0x204 /home/hrl/optee/optee_os/out/arm/export-ta_arm32/lib/libmpa.a(mpa_conv.o)
 .debug_info    0x000000000000942a      0x5b0 /home/hrl/optee/optee_os/out/arm/export-ta_arm32/lib/libmpa.a(mpa_div.o)
 .debug_info    0x00000000000099da      0x4d5 /home/hrl/optee/optee_os/out/arm/export-ta_arm32/lib/libmpa.a(mpa_gcd.o)
 .debug_info    0x0000000000009eaf      0x447 /home/hrl/optee/optee_os/out/arm/export-ta_arm32/lib/libmpa.a(mpa_mem_static.o)
 .debug_info    0x000000000000a2f6      0x49c /home/hrl/optee/optee_os/out/arm/export-ta_arm32/lib/libmpa.a(mpa_mul.o)
 .debug_info    0x000000000000a792      0x2b4 /home/hrl/optee/optee_os/out/arm/export-ta_arm32/lib/libmpa.a(mpa_random.o)
 .debug_info    0x000000000000aa46      0x2a4 /home/hrl/optee/optee_os/out/arm/export-ta_arm32/lib/libmpa.a(mpa_shift.o)
 .debug_info    0x000000000000acea      0x77c /home/hrl/optee/optee_os/out/arm/export-ta_arm32/lib/libmpa.a(mpa_addsub.o)
 .debug_info    0x000000000000b466      0x2b1 /home/hrl/optee/optee_os/out/arm/export-ta_arm32/lib/libmpa.a(mpa_cmp.o)
 .debug_info    0x000000000000b717      0x339 /home/hrl/optee/optee_os/out/arm/export-ta_arm32/lib/libmpa.a(mpa_expmod.o)
 .debug_info    0x000000000000ba50      0x209 /home/hrl/optee/optee_os/out/arm/export-ta_arm32/lib/libmpa.a(mpa_init.o)
 .debug_info    0x000000000000bc59      0x740 /home/hrl/optee/optee_os/out/arm/export-ta_arm32/lib/libmpa.a(mpa_io.o)
 .debug_info    0x000000000000c399      0x3fc /home/hrl/optee/optee_os/out/arm/export-ta_arm32/lib/libmpa.a(mpa_modulus.o)

.debug_abbrev   0x0000000000000000     0x3417
 .debug_abbrev  0x0000000000000000      0x242 ./hello_aes_ta.o
 .debug_abbrev  0x0000000000000242      0x13c ./user_ta_header.o
 .debug_abbrev  0x000000000000037e      0x214 /home/hrl/optee/optee_os/out/arm/export-ta_arm32/lib/libutee.a(tee_api.o)
 .debug_abbrev  0x0000000000000592      0x237 /home/hrl/optee/optee_os/out/arm/export-ta_arm32/lib/libutee.a(tee_api_objects.o)
 .debug_abbrev  0x00000000000007c9      0x240 /home/hrl/optee/optee_os/out/arm/export-ta_arm32/lib/libutee.a(tee_api_operations.o)
 .debug_abbrev  0x0000000000000a09       0x87 /home/hrl/optee/optee_os/out/arm/export-ta_arm32/lib/libutee.a(tee_api_panic.o)
 .debug_abbrev  0x0000000000000a90      0x1ce /home/hrl/optee/optee_os/out/arm/export-ta_arm32/lib/libutee.a(user_ta_entry.o)
 .debug_abbrev  0x0000000000000c5e       0x14 /home/hrl/optee/optee_os/out/arm/export-ta_arm32/lib/libutee.a(utee_syscalls_a32.o)
 .debug_abbrev  0x0000000000000c72       0x14 /home/hrl/optee/optee_os/out/arm/export-ta_arm32/lib/libutee.a(gprof_a32.o)
 .debug_abbrev  0x0000000000000c86      0x26b /home/hrl/optee/optee_os/out/arm/export-ta_arm32/lib/libutee.a(tee_user_mem.o)
 .debug_abbrev  0x0000000000000ef1       0xa0 /home/hrl/optee/optee_os/out/arm/export-ta_arm32/lib/libutee.a(assert.o)
 .debug_abbrev  0x0000000000000f91      0x20c /home/hrl/optee/optee_os/out/arm/export-ta_arm32/lib/libutee.a(tee_api_arith.o)
 .debug_abbrev  0x000000000000119d       0xd5 /home/hrl/optee/optee_os/out/arm/export-ta_arm32/lib/libutee.a(utee_misc.o)
 .debug_abbrev  0x0000000000001272      0x115 /home/hrl/optee/optee_os/out/arm/export-ta_arm32/lib/libutee.a(trace_ext.o)
 .debug_abbrev  0x0000000000001387      0x25b /home/hrl/optee/optee_os/out/arm/export-ta_arm32/lib/libutils.a(bget_malloc.o)
 .debug_abbrev  0x00000000000015e2       0xe4 /home/hrl/optee/optee_os/out/arm/export-ta_arm32/lib/libutils.a(snprintf.o)
 .debug_abbrev  0x00000000000016c6       0x82 /home/hrl/optee/optee_os/out/arm/export-ta_arm32/lib/libutils.a(memcmp.o)
 .debug_abbrev  0x0000000000001748       0x9f /home/hrl/optee/optee_os/out/arm/export-ta_arm32/lib/libutils.a(memcpy.o)
 .debug_abbrev  0x00000000000017e7       0x9f /home/hrl/optee/optee_os/out/arm/export-ta_arm32/lib/libutils.a(memmove.o)
 .debug_abbrev  0x0000000000001886       0x93 /home/hrl/optee/optee_os/out/arm/export-ta_arm32/lib/libutils.a(memset.o)
 .debug_abbrev  0x0000000000001919       0x84 /home/hrl/optee/optee_os/out/arm/export-ta_arm32/lib/libutils.a(strlen.o)
 .debug_abbrev  0x000000000000199d      0x185 /home/hrl/optee/optee_os/out/arm/export-ta_arm32/lib/libutils.a(snprintk.o)
 .debug_abbrev  0x0000000000001b22       0x82 /home/hrl/optee/optee_os/out/arm/export-ta_arm32/lib/libutils.a(buf_compare_ct.o)
 .debug_abbrev  0x0000000000001ba4      0x15b /home/hrl/optee/optee_os/out/arm/export-ta_arm32/lib/libutils.a(trace.o)
 .debug_abbrev  0x0000000000001cff       0x2f /home/hrl/optee/optee_os/out/arm/export-ta_arm32/lib/libutils.a(aeabi_unwind.o)
 .debug_abbrev  0x0000000000001d2e       0xae /home/hrl/optee/optee_os/out/arm/export-ta_arm32/lib/libutils.a(memchr.o)
 .debug_abbrev  0x0000000000001ddc       0x12 /home/hrl/optee/optee_os/out/arm/export-ta_arm32/lib/libutils.a(arm32_aeabi_ldivmod_a32.o)
 .debug_abbrev  0x0000000000001dee       0xdc /home/hrl/optee/optee_os/out/arm/export-ta_arm32/lib/libutils.a(arm32_aeabi_ldivmod.o)
 .debug_abbrev  0x0000000000001eca      0x13a /home/hrl/optee/optee_os/out/arm/export-ta_arm32/lib/libmpa.a(mpa_misc.o)
 .debug_abbrev  0x0000000000002004      0x1a1 /home/hrl/optee/optee_os/out/arm/export-ta_arm32/lib/libmpa.a(mpa_montgomery.o)
 .debug_abbrev  0x00000000000021a5      0x178 /home/hrl/optee/optee_os/out/arm/export-ta_arm32/lib/libmpa.a(mpa_primetest.o)
 .debug_abbrev  0x000000000000231d      0x104 /home/hrl/optee/optee_os/out/arm/export-ta_arm32/lib/libmpa.a(mpa_conv.o)
 .debug_abbrev  0x0000000000002421      0x19c /home/hrl/optee/optee_os/out/arm/export-ta_arm32/lib/libmpa.a(mpa_div.o)
 .debug_abbrev  0x00000000000025bd      0x17e /home/hrl/optee/optee_os/out/arm/export-ta_arm32/lib/libmpa.a(mpa_gcd.o)
 .debug_abbrev  0x000000000000273b      0x13e /home/hrl/optee/optee_os/out/arm/export-ta_arm32/lib/libmpa.a(mpa_mem_static.o)
 .debug_abbrev  0x0000000000002879      0x139 /home/hrl/optee/optee_os/out/arm/export-ta_arm32/lib/libmpa.a(mpa_mul.o)
 .debug_abbrev  0x00000000000029b2      0x167 /home/hrl/optee/optee_os/out/arm/export-ta_arm32/lib/libmpa.a(mpa_random.o)
 .debug_abbrev  0x0000000000002b19      0x106 /home/hrl/optee/optee_os/out/arm/export-ta_arm32/lib/libmpa.a(mpa_shift.o)
 .debug_abbrev  0x0000000000002c1f      0x180 /home/hrl/optee/optee_os/out/arm/export-ta_arm32/lib/libmpa.a(mpa_addsub.o)
 .debug_abbrev  0x0000000000002d9f      0x108 /home/hrl/optee/optee_os/out/arm/export-ta_arm32/lib/libmpa.a(mpa_cmp.o)
 .debug_abbrev  0x0000000000002ea7      0x11b /home/hrl/optee/optee_os/out/arm/export-ta_arm32/lib/libmpa.a(mpa_expmod.o)
 .debug_abbrev  0x0000000000002fc2       0xf7 /home/hrl/optee/optee_os/out/arm/export-ta_arm32/lib/libmpa.a(mpa_init.o)
 .debug_abbrev  0x00000000000030b9      0x223 /home/hrl/optee/optee_os/out/arm/export-ta_arm32/lib/libmpa.a(mpa_io.o)
 .debug_abbrev  0x00000000000032dc      0x13b /home/hrl/optee/optee_os/out/arm/export-ta_arm32/lib/libmpa.a(mpa_modulus.o)

.debug_aranges  0x0000000000000000      0x588
 .debug_aranges
                0x0000000000000000       0x20 ./hello_aes_ta.o
 .debug_aranges
                0x0000000000000020       0x20 ./user_ta_header.o
 .debug_aranges
                0x0000000000000040       0x20 /home/hrl/optee/optee_os/out/arm/export-ta_arm32/lib/libutee.a(tee_api.o)
 .debug_aranges
                0x0000000000000060       0x20 /home/hrl/optee/optee_os/out/arm/export-ta_arm32/lib/libutee.a(tee_api_objects.o)
 .debug_aranges
                0x0000000000000080       0x20 /home/hrl/optee/optee_os/out/arm/export-ta_arm32/lib/libutee.a(tee_api_operations.o)
 .debug_aranges
                0x00000000000000a0       0x20 /home/hrl/optee/optee_os/out/arm/export-ta_arm32/lib/libutee.a(tee_api_panic.o)
 .debug_aranges
                0x00000000000000c0       0x20 /home/hrl/optee/optee_os/out/arm/export-ta_arm32/lib/libutee.a(user_ta_entry.o)
 .debug_aranges
                0x00000000000000e0       0x20 /home/hrl/optee/optee_os/out/arm/export-ta_arm32/lib/libutee.a(utee_syscalls_a32.o)
 .debug_aranges
                0x0000000000000100       0x20 /home/hrl/optee/optee_os/out/arm/export-ta_arm32/lib/libutee.a(gprof_a32.o)
 .debug_aranges
                0x0000000000000120       0x20 /home/hrl/optee/optee_os/out/arm/export-ta_arm32/lib/libutee.a(tee_user_mem.o)
 .debug_aranges
                0x0000000000000140       0x20 /home/hrl/optee/optee_os/out/arm/export-ta_arm32/lib/libutee.a(assert.o)
 .debug_aranges
                0x0000000000000160       0x20 /home/hrl/optee/optee_os/out/arm/export-ta_arm32/lib/libutee.a(tee_api_arith.o)
 .debug_aranges
                0x0000000000000180       0x20 /home/hrl/optee/optee_os/out/arm/export-ta_arm32/lib/libutee.a(utee_misc.o)
 .debug_aranges
                0x00000000000001a0       0x20 /home/hrl/optee/optee_os/out/arm/export-ta_arm32/lib/libutee.a(trace_ext.o)
 .debug_aranges
                0x00000000000001c0       0x20 /home/hrl/optee/optee_os/out/arm/export-ta_arm32/lib/libutils.a(bget_malloc.o)
 .debug_aranges
                0x00000000000001e0       0x20 /home/hrl/optee/optee_os/out/arm/export-ta_arm32/lib/libutils.a(snprintf.o)
 .debug_aranges
                0x0000000000000200       0x20 /home/hrl/optee/optee_os/out/arm/export-ta_arm32/lib/libutils.a(memcmp.o)
 .debug_aranges
                0x0000000000000220       0x20 /home/hrl/optee/optee_os/out/arm/export-ta_arm32/lib/libutils.a(memcpy.o)
 .debug_aranges
                0x0000000000000240       0x20 /home/hrl/optee/optee_os/out/arm/export-ta_arm32/lib/libutils.a(memmove.o)
 .debug_aranges
                0x0000000000000260       0x20 /home/hrl/optee/optee_os/out/arm/export-ta_arm32/lib/libutils.a(memset.o)
 .debug_aranges
                0x0000000000000280       0x20 /home/hrl/optee/optee_os/out/arm/export-ta_arm32/lib/libutils.a(strlen.o)
 .debug_aranges
                0x00000000000002a0       0x20 /home/hrl/optee/optee_os/out/arm/export-ta_arm32/lib/libutils.a(snprintk.o)
 .debug_aranges
                0x00000000000002c0       0x20 /home/hrl/optee/optee_os/out/arm/export-ta_arm32/lib/libutils.a(buf_compare_ct.o)
 .debug_aranges
                0x00000000000002e0       0x20 /home/hrl/optee/optee_os/out/arm/export-ta_arm32/lib/libutils.a(trace.o)
 .debug_aranges
                0x0000000000000300       0x20 /home/hrl/optee/optee_os/out/arm/export-ta_arm32/lib/libutils.a(aeabi_unwind.o)
 .debug_aranges
                0x0000000000000320       0x20 /home/hrl/optee/optee_os/out/arm/export-ta_arm32/lib/libutils.a(memchr.o)
 .debug_aranges
                0x0000000000000340       0x28 /home/hrl/optee/optee_os/out/arm/export-ta_arm32/lib/libutils.a(arm32_aeabi_ldivmod_a32.o)
 .debug_aranges
                0x0000000000000368       0x20 /home/hrl/optee/optee_os/out/arm/export-ta_arm32/lib/libutils.a(arm32_aeabi_ldivmod.o)
 .debug_aranges
                0x0000000000000388       0x20 /home/hrl/optee/optee_os/out/arm/export-ta_arm32/lib/libmpa.a(mpa_misc.o)
 .debug_aranges
                0x00000000000003a8       0x20 /home/hrl/optee/optee_os/out/arm/export-ta_arm32/lib/libmpa.a(mpa_montgomery.o)
 .debug_aranges
                0x00000000000003c8       0x20 /home/hrl/optee/optee_os/out/arm/export-ta_arm32/lib/libmpa.a(mpa_primetest.o)
 .debug_aranges
                0x00000000000003e8       0x20 /home/hrl/optee/optee_os/out/arm/export-ta_arm32/lib/libmpa.a(mpa_conv.o)
 .debug_aranges
                0x0000000000000408       0x20 /home/hrl/optee/optee_os/out/arm/export-ta_arm32/lib/libmpa.a(mpa_div.o)
 .debug_aranges
                0x0000000000000428       0x20 /home/hrl/optee/optee_os/out/arm/export-ta_arm32/lib/libmpa.a(mpa_gcd.o)
 .debug_aranges
                0x0000000000000448       0x20 /home/hrl/optee/optee_os/out/arm/export-ta_arm32/lib/libmpa.a(mpa_mem_static.o)
 .debug_aranges
                0x0000000000000468       0x20 /home/hrl/optee/optee_os/out/arm/export-ta_arm32/lib/libmpa.a(mpa_mul.o)
 .debug_aranges
                0x0000000000000488       0x20 /home/hrl/optee/optee_os/out/arm/export-ta_arm32/lib/libmpa.a(mpa_random.o)
 .debug_aranges
                0x00000000000004a8       0x20 /home/hrl/optee/optee_os/out/arm/export-ta_arm32/lib/libmpa.a(mpa_shift.o)
 .debug_aranges
                0x00000000000004c8       0x20 /home/hrl/optee/optee_os/out/arm/export-ta_arm32/lib/libmpa.a(mpa_addsub.o)
 .debug_aranges
                0x00000000000004e8       0x20 /home/hrl/optee/optee_os/out/arm/export-ta_arm32/lib/libmpa.a(mpa_cmp.o)
 .debug_aranges
                0x0000000000000508       0x20 /home/hrl/optee/optee_os/out/arm/export-ta_arm32/lib/libmpa.a(mpa_expmod.o)
 .debug_aranges
                0x0000000000000528       0x20 /home/hrl/optee/optee_os/out/arm/export-ta_arm32/lib/libmpa.a(mpa_init.o)
 .debug_aranges
                0x0000000000000548       0x20 /home/hrl/optee/optee_os/out/arm/export-ta_arm32/lib/libmpa.a(mpa_io.o)
 .debug_aranges
                0x0000000000000568       0x20 /home/hrl/optee/optee_os/out/arm/export-ta_arm32/lib/libmpa.a(mpa_modulus.o)

.debug_macro    0x0000000000000000     0x5c29
 .debug_macro   0x0000000000000000      0x13b ./hello_aes_ta.o
 .debug_macro   0x000000000000013b      0x922 ./hello_aes_ta.o
 .debug_macro   0x0000000000000a5d      0x16d ./hello_aes_ta.o
 .debug_macro   0x0000000000000bca       0xb8 ./hello_aes_ta.o
 .debug_macro   0x0000000000000c82      0x8fc ./hello_aes_ta.o
 .debug_macro   0x000000000000157e      0x192 ./hello_aes_ta.o
 .debug_macro   0x0000000000001710       0x22 ./hello_aes_ta.o
 .debug_macro   0x0000000000001732       0x35 ./hello_aes_ta.o
 .debug_macro   0x0000000000001767       0x34 ./hello_aes_ta.o
 .debug_macro   0x000000000000179b       0x97 ./hello_aes_ta.o
 .debug_macro   0x0000000000001832       0x10 ./hello_aes_ta.o
 .debug_macro   0x0000000000001842       0x58 ./hello_aes_ta.o
 .debug_macro   0x000000000000189a       0xc4 ./hello_aes_ta.o
 .debug_macro   0x000000000000195e       0x7c ./hello_aes_ta.o
 .debug_macro   0x00000000000019da       0xca ./hello_aes_ta.o
 .debug_macro   0x0000000000001aa4       0x22 ./hello_aes_ta.o
 .debug_macro   0x0000000000001ac6       0x16 ./hello_aes_ta.o
 .debug_macro   0x0000000000001adc       0x28 ./hello_aes_ta.o
 .debug_macro   0x0000000000001b04       0xdc ./user_ta_header.o
 .debug_macro   0x0000000000001be0       0x76 ./user_ta_header.o
 .debug_macro   0x0000000000001c56       0x22 ./user_ta_header.o
 .debug_macro   0x0000000000001c78      0x15c /home/hrl/optee/optee_os/out/arm/export-ta_arm32/lib/libutee.a(tee_api.o)
 .debug_macro   0x0000000000001dd4      0x91c /home/hrl/optee/optee_os/out/arm/export-ta_arm32/lib/libutee.a(tee_api.o)
 .debug_macro   0x00000000000026f0      0x238 /home/hrl/optee/optee_os/out/arm/export-ta_arm32/lib/libutee.a(tee_api.o)
 .debug_macro   0x0000000000002928       0xc4 /home/hrl/optee/optee_os/out/arm/export-ta_arm32/lib/libutee.a(tee_api.o)
 .debug_macro   0x00000000000029ec       0x10 /home/hrl/optee/optee_os/out/arm/export-ta_arm32/lib/libutee.a(tee_api.o)
 .debug_macro   0x00000000000029fc       0x97 /home/hrl/optee/optee_os/out/arm/export-ta_arm32/lib/libutee.a(tee_api.o)
 .debug_macro   0x0000000000002a93      0x12b /home/hrl/optee/optee_os/out/arm/export-ta_arm32/lib/libutee.a(tee_api_objects.o)
 .debug_macro   0x0000000000002bbe      0x169 /home/hrl/optee/optee_os/out/arm/export-ta_arm32/lib/libutee.a(tee_api_operations.o)
 .debug_macro   0x0000000000002d27      0x1b2 /home/hrl/optee/optee_os/out/arm/export-ta_arm32/lib/libutee.a(tee_api_operations.o)
 .debug_macro   0x0000000000002ed9       0xb2 /home/hrl/optee/optee_os/out/arm/export-ta_arm32/lib/libutee.a(tee_api_operations.o)
 .debug_macro   0x0000000000002f8b       0xa1 /home/hrl/optee/optee_os/out/arm/export-ta_arm32/lib/libutee.a(tee_api_panic.o)
 .debug_macro   0x000000000000302c      0x16d /home/hrl/optee/optee_os/out/arm/export-ta_arm32/lib/libutee.a(user_ta_entry.o)
 .debug_macro   0x0000000000003199      0x2cd /home/hrl/optee/optee_os/out/arm/export-ta_arm32/lib/libutee.a(user_ta_entry.o)
 .debug_macro   0x0000000000003466       0x3a /home/hrl/optee/optee_os/out/arm/export-ta_arm32/lib/libutee.a(user_ta_entry.o)
 .debug_macro   0x00000000000034a0      0x151 /home/hrl/optee/optee_os/out/arm/export-ta_arm32/lib/libutee.a(tee_user_mem.o)
 .debug_macro   0x00000000000035f1       0x10 /home/hrl/optee/optee_os/out/arm/export-ta_arm32/lib/libutee.a(tee_user_mem.o)
 .debug_macro   0x0000000000003601      0x1ac /home/hrl/optee/optee_os/out/arm/export-ta_arm32/lib/libutee.a(tee_user_mem.o)
 .debug_macro   0x00000000000037ad       0xf3 /home/hrl/optee/optee_os/out/arm/export-ta_arm32/lib/libutee.a(assert.o)
 .debug_macro   0x00000000000038a0      0x149 /home/hrl/optee/optee_os/out/arm/export-ta_arm32/lib/libutee.a(tee_api_arith.o)
 .debug_macro   0x00000000000039e9       0x10 /home/hrl/optee/optee_os/out/arm/export-ta_arm32/lib/libutee.a(tee_api_arith.o)
 .debug_macro   0x00000000000039f9       0x4c /home/hrl/optee/optee_os/out/arm/export-ta_arm32/lib/libutee.a(tee_api_arith.o)
 .debug_macro   0x0000000000003a45       0x16 /home/hrl/optee/optee_os/out/arm/export-ta_arm32/lib/libutee.a(tee_api_arith.o)
 .debug_macro   0x0000000000003a5b       0x74 /home/hrl/optee/optee_os/out/arm/export-ta_arm32/lib/libutee.a(tee_api_arith.o)
 .debug_macro   0x0000000000003acf       0xf4 /home/hrl/optee/optee_os/out/arm/export-ta_arm32/lib/libutee.a(utee_misc.o)
 .debug_macro   0x0000000000003bc3       0xde /home/hrl/optee/optee_os/out/arm/export-ta_arm32/lib/libutee.a(trace_ext.o)
 .debug_macro   0x0000000000003ca1       0xac /home/hrl/optee/optee_os/out/arm/export-ta_arm32/lib/libutee.a(trace_ext.o)
 .debug_macro   0x0000000000003d4d      0x131 /home/hrl/optee/optee_os/out/arm/export-ta_arm32/lib/libutils.a(bget_malloc.o)
 .debug_macro   0x0000000000003e7e       0x16 /home/hrl/optee/optee_os/out/arm/export-ta_arm32/lib/libutils.a(bget_malloc.o)
 .debug_macro   0x0000000000003e94       0x3c /home/hrl/optee/optee_os/out/arm/export-ta_arm32/lib/libutils.a(bget_malloc.o)
 .debug_macro   0x0000000000003ed0       0x4d /home/hrl/optee/optee_os/out/arm/export-ta_arm32/lib/libutils.a(snprintf.o)
 .debug_macro   0x0000000000003f1d       0x51 /home/hrl/optee/optee_os/out/arm/export-ta_arm32/lib/libutils.a(memcmp.o)
 .debug_macro   0x0000000000003f6e      0x91c /home/hrl/optee/optee_os/out/arm/export-ta_arm32/lib/libutils.a(memcmp.o)
 .debug_macro   0x000000000000488a       0x7c /home/hrl/optee/optee_os/out/arm/export-ta_arm32/lib/libutils.a(memcmp.o)
 .debug_macro   0x0000000000004906       0x57 /home/hrl/optee/optee_os/out/arm/export-ta_arm32/lib/libutils.a(memcpy.o)
 .debug_macro   0x000000000000495d       0x64 /home/hrl/optee/optee_os/out/arm/export-ta_arm32/lib/libutils.a(memmove.o)
 .debug_macro   0x00000000000049c1       0x51 /home/hrl/optee/optee_os/out/arm/export-ta_arm32/lib/libutils.a(memset.o)
 .debug_macro   0x0000000000004a12       0x5a /home/hrl/optee/optee_os/out/arm/export-ta_arm32/lib/libutils.a(strlen.o)
 .debug_macro   0x0000000000004a6c      0x127 /home/hrl/optee/optee_os/out/arm/export-ta_arm32/lib/libutils.a(snprintk.o)
 .debug_macro   0x0000000000004b93       0x36 /home/hrl/optee/optee_os/out/arm/export-ta_arm32/lib/libutils.a(buf_compare_ct.o)
 .debug_macro   0x0000000000004bc9       0xcc /home/hrl/optee/optee_os/out/arm/export-ta_arm32/lib/libutils.a(trace.o)
 .debug_macro   0x0000000000004c95       0x1a /home/hrl/optee/optee_os/out/arm/export-ta_arm32/lib/libutils.a(aeabi_unwind.o)
 .debug_macro   0x0000000000004caf       0x66 /home/hrl/optee/optee_os/out/arm/export-ta_arm32/lib/libutils.a(memchr.o)
 .debug_macro   0x0000000000004d15       0x1a /home/hrl/optee/optee_os/out/arm/export-ta_arm32/lib/libutils.a(arm32_aeabi_ldivmod.o)
 .debug_macro   0x0000000000004d2f       0xdc /home/hrl/optee/optee_os/out/arm/export-ta_arm32/lib/libmpa.a(mpa_misc.o)
 .debug_macro   0x0000000000004e0b       0xa6 /home/hrl/optee/optee_os/out/arm/export-ta_arm32/lib/libmpa.a(mpa_misc.o)
 .debug_macro   0x0000000000004eb1       0xdc /home/hrl/optee/optee_os/out/arm/export-ta_arm32/lib/libmpa.a(mpa_montgomery.o)
 .debug_macro   0x0000000000004f8d       0xfe /home/hrl/optee/optee_os/out/arm/export-ta_arm32/lib/libmpa.a(mpa_primetest.o)
 .debug_macro   0x000000000000508b       0xdc /home/hrl/optee/optee_os/out/arm/export-ta_arm32/lib/libmpa.a(mpa_conv.o)
 .debug_macro   0x0000000000005167       0xdc /home/hrl/optee/optee_os/out/arm/export-ta_arm32/lib/libmpa.a(mpa_div.o)
 .debug_macro   0x0000000000005243       0xdc /home/hrl/optee/optee_os/out/arm/export-ta_arm32/lib/libmpa.a(mpa_gcd.o)
 .debug_macro   0x000000000000531f      0x101 /home/hrl/optee/optee_os/out/arm/export-ta_arm32/lib/libmpa.a(mpa_mem_static.o)
 .debug_macro   0x0000000000005420       0xdc /home/hrl/optee/optee_os/out/arm/export-ta_arm32/lib/libmpa.a(mpa_mul.o)
 .debug_macro   0x00000000000054fc       0xf8 /home/hrl/optee/optee_os/out/arm/export-ta_arm32/lib/libmpa.a(mpa_random.o)
 .debug_macro   0x00000000000055f4       0xdc /home/hrl/optee/optee_os/out/arm/export-ta_arm32/lib/libmpa.a(mpa_shift.o)
 .debug_macro   0x00000000000056d0       0xdc /home/hrl/optee/optee_os/out/arm/export-ta_arm32/lib/libmpa.a(mpa_addsub.o)
 .debug_macro   0x00000000000057ac       0xdc /home/hrl/optee/optee_os/out/arm/export-ta_arm32/lib/libmpa.a(mpa_cmp.o)
 .debug_macro   0x0000000000005888       0xe2 /home/hrl/optee/optee_os/out/arm/export-ta_arm32/lib/libmpa.a(mpa_expmod.o)
 .debug_macro   0x000000000000596a       0xdc /home/hrl/optee/optee_os/out/arm/export-ta_arm32/lib/libmpa.a(mpa_init.o)
 .debug_macro   0x0000000000005a46      0x107 /home/hrl/optee/optee_os/out/arm/export-ta_arm32/lib/libmpa.a(mpa_io.o)
 .debug_macro   0x0000000000005b4d       0xdc /home/hrl/optee/optee_os/out/arm/export-ta_arm32/lib/libmpa.a(mpa_modulus.o)

.debug_line     0x0000000000000000     0x72e0
 .debug_line    0x0000000000000000      0x464 ./hello_aes_ta.o
 .debug_line    0x0000000000000464      0x22c ./user_ta_header.o
 .debug_line    0x0000000000000690      0x3a6 /home/hrl/optee/optee_os/out/arm/export-ta_arm32/lib/libutee.a(tee_api.o)
 .debug_line    0x0000000000000a36      0x4ab /home/hrl/optee/optee_os/out/arm/export-ta_arm32/lib/libutee.a(tee_api_objects.o)
 .debug_line    0x0000000000000ee1      0x910 /home/hrl/optee/optee_os/out/arm/export-ta_arm32/lib/libutee.a(tee_api_operations.o)
 .debug_line    0x00000000000017f1      0x1bd /home/hrl/optee/optee_os/out/arm/export-ta_arm32/lib/libutee.a(tee_api_panic.o)
 .debug_line    0x00000000000019ae      0x3b3 /home/hrl/optee/optee_os/out/arm/export-ta_arm32/lib/libutee.a(user_ta_entry.o)
 .debug_line    0x0000000000001d61       0xbf /home/hrl/optee/optee_os/out/arm/export-ta_arm32/lib/libutee.a(utee_syscalls_a32.o)
 .debug_line    0x0000000000001e20       0x59 /home/hrl/optee/optee_os/out/arm/export-ta_arm32/lib/libutee.a(gprof_a32.o)
 .debug_line    0x0000000000001e79      0x3b2 /home/hrl/optee/optee_os/out/arm/export-ta_arm32/lib/libutee.a(tee_user_mem.o)
 .debug_line    0x000000000000222b      0x248 /home/hrl/optee/optee_os/out/arm/export-ta_arm32/lib/libutee.a(assert.o)
 .debug_line    0x0000000000002473      0x386 /home/hrl/optee/optee_os/out/arm/export-ta_arm32/lib/libutee.a(tee_api_arith.o)
 .debug_line    0x00000000000027f9      0x22f /home/hrl/optee/optee_os/out/arm/export-ta_arm32/lib/libutee.a(utee_misc.o)
 .debug_line    0x0000000000002a28      0x23d /home/hrl/optee/optee_os/out/arm/export-ta_arm32/lib/libutee.a(trace_ext.o)
 .debug_line    0x0000000000002c65      0x595 /home/hrl/optee/optee_os/out/arm/export-ta_arm32/lib/libutils.a(bget_malloc.o)
 .debug_line    0x00000000000031fa      0x143 /home/hrl/optee/optee_os/out/arm/export-ta_arm32/lib/libutils.a(snprintf.o)
 .debug_line    0x000000000000333d      0x14a /home/hrl/optee/optee_os/out/arm/export-ta_arm32/lib/libutils.a(memcmp.o)
 .debug_line    0x0000000000003487      0x14d /home/hrl/optee/optee_os/out/arm/export-ta_arm32/lib/libutils.a(memcpy.o)
 .debug_line    0x00000000000035d4      0x16a /home/hrl/optee/optee_os/out/arm/export-ta_arm32/lib/libutils.a(memmove.o)
 .debug_line    0x000000000000373e      0x159 /home/hrl/optee/optee_os/out/arm/export-ta_arm32/lib/libutils.a(memset.o)
 .debug_line    0x0000000000003897      0x147 /home/hrl/optee/optee_os/out/arm/export-ta_arm32/lib/libutils.a(strlen.o)
 .debug_line    0x00000000000039de      0x502 /home/hrl/optee/optee_os/out/arm/export-ta_arm32/lib/libutils.a(snprintk.o)
 .debug_line    0x0000000000003ee0      0x130 /home/hrl/optee/optee_os/out/arm/export-ta_arm32/lib/libutils.a(buf_compare_ct.o)
 .debug_line    0x0000000000004010      0x253 /home/hrl/optee/optee_os/out/arm/export-ta_arm32/lib/libutils.a(trace.o)
 .debug_line    0x0000000000004263       0x83 /home/hrl/optee/optee_os/out/arm/export-ta_arm32/lib/libutils.a(aeabi_unwind.o)
 .debug_line    0x00000000000042e6      0x167 /home/hrl/optee/optee_os/out/arm/export-ta_arm32/lib/libutils.a(memchr.o)
 .debug_line    0x000000000000444d       0x7d /home/hrl/optee/optee_os/out/arm/export-ta_arm32/lib/libutils.a(arm32_aeabi_ldivmod_a32.o)
 .debug_line    0x00000000000044ca       0xcb /home/hrl/optee/optee_os/out/arm/export-ta_arm32/lib/libutils.a(arm32_aeabi_ldivmod.o)
 .debug_line    0x0000000000004595      0x226 /home/hrl/optee/optee_os/out/arm/export-ta_arm32/lib/libmpa.a(mpa_misc.o)
 .debug_line    0x00000000000047bb      0x2e5 /home/hrl/optee/optee_os/out/arm/export-ta_arm32/lib/libmpa.a(mpa_montgomery.o)
 .debug_line    0x0000000000004aa0      0x29b /home/hrl/optee/optee_os/out/arm/export-ta_arm32/lib/libmpa.a(mpa_primetest.o)
 .debug_line    0x0000000000004d3b      0x252 /home/hrl/optee/optee_os/out/arm/export-ta_arm32/lib/libmpa.a(mpa_conv.o)
 .debug_line    0x0000000000004f8d      0x49a /home/hrl/optee/optee_os/out/arm/export-ta_arm32/lib/libmpa.a(mpa_div.o)
 .debug_line    0x0000000000005427      0x3da /home/hrl/optee/optee_os/out/arm/export-ta_arm32/lib/libmpa.a(mpa_gcd.o)
 .debug_line    0x0000000000005801      0x25b /home/hrl/optee/optee_os/out/arm/export-ta_arm32/lib/libmpa.a(mpa_mem_static.o)
 .debug_line    0x0000000000005a5c      0x2d1 /home/hrl/optee/optee_os/out/arm/export-ta_arm32/lib/libmpa.a(mpa_mul.o)
 .debug_line    0x0000000000005d2d      0x26c /home/hrl/optee/optee_os/out/arm/export-ta_arm32/lib/libmpa.a(mpa_random.o)
 .debug_line    0x0000000000005f99      0x2c4 /home/hrl/optee/optee_os/out/arm/export-ta_arm32/lib/libmpa.a(mpa_shift.o)
 .debug_line    0x000000000000625d      0x3df /home/hrl/optee/optee_os/out/arm/export-ta_arm32/lib/libmpa.a(mpa_addsub.o)
 .debug_line    0x000000000000663c      0x2a7 /home/hrl/optee/optee_os/out/arm/export-ta_arm32/lib/libmpa.a(mpa_cmp.o)
 .debug_line    0x00000000000068e3      0x212 /home/hrl/optee/optee_os/out/arm/export-ta_arm32/lib/libmpa.a(mpa_expmod.o)
 .debug_line    0x0000000000006af5      0x1f1 /home/hrl/optee/optee_os/out/arm/export-ta_arm32/lib/libmpa.a(mpa_init.o)
 .debug_line    0x0000000000006ce6      0x3e6 /home/hrl/optee/optee_os/out/arm/export-ta_arm32/lib/libmpa.a(mpa_io.o)
 .debug_line    0x00000000000070cc      0x214 /home/hrl/optee/optee_os/out/arm/export-ta_arm32/lib/libmpa.a(mpa_modulus.o)

.debug_str      0x0000000000000000    0x11219
 .debug_str     0x0000000000000000     0x7be1 ./hello_aes_ta.o
                                       0x7dc0 (size before relaxing)
 .debug_str     0x0000000000007be1      0x64c ./user_ta_header.o
                                       0x7aff (size before relaxing)
 .debug_str     0x000000000000822d      0xcd9 /home/hrl/optee/optee_os/out/arm/export-ta_arm32/lib/libutee.a(tee_api.o)
                                       0x883d (size before relaxing)
 .debug_str     0x0000000000008f06      0x4c9 /home/hrl/optee/optee_os/out/arm/export-ta_arm32/lib/libutee.a(tee_api_objects.o)
                                       0x7fd4 (size before relaxing)
 .debug_str     0x00000000000093cf     0x1791 /home/hrl/optee/optee_os/out/arm/export-ta_arm32/lib/libutee.a(tee_api_operations.o)
                                       0x99fd (size before relaxing)
 .debug_str     0x000000000000ab60       0x30 /home/hrl/optee/optee_os/out/arm/export-ta_arm32/lib/libutee.a(tee_api_panic.o)
                                       0x76c7 (size before relaxing)
 .debug_str     0x000000000000ab90     0x34e8 /home/hrl/optee/optee_os/out/arm/export-ta_arm32/lib/libutee.a(user_ta_entry.o)
                                       0xb9aa (size before relaxing)
 .debug_str     0x000000000000e078      0x2c6 /home/hrl/optee/optee_os/out/arm/export-ta_arm32/lib/libutee.a(tee_user_mem.o)
                                       0xc74a (size before relaxing)
 .debug_str     0x000000000000e33e       0x39 /home/hrl/optee/optee_os/out/arm/export-ta_arm32/lib/libutee.a(assert.o)
                                       0x7e2c (size before relaxing)
 .debug_str     0x000000000000e377      0xabc /home/hrl/optee/optee_os/out/arm/export-ta_arm32/lib/libutee.a(tee_api_arith.o)
                                       0x86cf (size before relaxing)
 .debug_str     0x000000000000ee33       0x72 /home/hrl/optee/optee_os/out/arm/export-ta_arm32/lib/libutee.a(utee_misc.o)
                                       0x79eb (size before relaxing)
 .debug_str     0x000000000000eea5       0x65 /home/hrl/optee/optee_os/out/arm/export-ta_arm32/lib/libutee.a(trace_ext.o)
                                       0x7ec7 (size before relaxing)
 .debug_str     0x000000000000ef0a      0x5a9 /home/hrl/optee/optee_os/out/arm/export-ta_arm32/lib/libutils.a(bget_malloc.o)
                                       0x5455 (size before relaxing)
 .debug_str     0x000000000000f4b3       0x2e /home/hrl/optee/optee_os/out/arm/export-ta_arm32/lib/libutils.a(snprintf.o)
                                       0x336f (size before relaxing)
 .debug_str     0x000000000000f4e1      0x356 /home/hrl/optee/optee_os/out/arm/export-ta_arm32/lib/libutils.a(memcmp.o)
                                       0x3458 (size before relaxing)
 .debug_str     0x000000000000f837       0xaf /home/hrl/optee/optee_os/out/arm/export-ta_arm32/lib/libutils.a(memcpy.o)
                                       0x3495 (size before relaxing)
 .debug_str     0x000000000000f8e6       0x35 /home/hrl/optee/optee_os/out/arm/export-ta_arm32/lib/libutils.a(memmove.o)
                                       0x3680 (size before relaxing)
 .debug_str     0x000000000000f91b       0x59 /home/hrl/optee/optee_os/out/arm/export-ta_arm32/lib/libutils.a(memset.o)
                                       0x343c (size before relaxing)
 .debug_str     0x000000000000f974       0x63 /home/hrl/optee/optee_os/out/arm/export-ta_arm32/lib/libutils.a(strlen.o)
                                       0x3630 (size before relaxing)
 .debug_str     0x000000000000f9d7      0x57c /home/hrl/optee/optee_os/out/arm/export-ta_arm32/lib/libutils.a(snprintk.o)
                                       0x3f0f (size before relaxing)
 .debug_str     0x000000000000ff53       0x31 /home/hrl/optee/optee_os/out/arm/export-ta_arm32/lib/libutils.a(buf_compare_ct.o)
                                       0x3224 (size before relaxing)
 .debug_str     0x000000000000ff84       0x87 /home/hrl/optee/optee_os/out/arm/export-ta_arm32/lib/libutils.a(trace.o)