Archive member included to satisfy reference by file (symbol)

/home/hrl/optee/optee_os/out/arm/export-ta_arm32/lib/libutee.a(tee_api.o)
                              ./hello_aes_ta.o (TEE_MemMove)
/home/hrl/optee/optee_os/out/arm/export-ta_arm32/lib/libutee.a(tee_api_objects.o)
                              ./hello_aes_ta.o (TEE_GetObjectInfo)
/home/hrl/optee/optee_os/out/arm/export-ta_arm32/lib/libutee.a(tee_api_operations.o)
                              ./hello_aes_ta.o (TEE_AllocateOperation)
/home/hrl/optee/optee_os/out/arm/export-ta_arm32/lib/libutee.a(tee_api_panic.o)
                              /home/hrl/optee/optee_os/out/arm/export-ta_arm32/lib/libutee.a(tee_api.o) (TEE_Panic)
/home/hrl/optee/optee_os/out/arm/export-ta_arm32/lib/libutee.a(user_ta_entry.o)
                              ./user_ta_header.o (__utee_entry)
/home/hrl/optee/optee_os/out/arm/export-ta_arm32/lib/libutee.a(utee_syscalls_a32.o)
                              /home/hrl/optee/optee_os/out/arm/export-ta_arm32/lib/libutee.a(tee_api_panic.o) (utee_panic)
/home/hrl/optee/optee_os/out/arm/export-ta_arm32/lib/libutee.a(gprof_a32.o)
                              /home/hrl/optee/optee_os/out/arm/export-ta_arm32/lib/libutee.a(user_ta_entry.o) (__utee_mcount)
/home/hrl/optee/optee_os/out/arm/export-ta_arm32/lib/libutee.a(tee_user_mem.o)
                              /home/hrl/optee/optee_os/out/arm/export-ta_arm32/lib/libutee.a(tee_api.o) (tee_user_mem_alloc)
/home/hrl/optee/optee_os/out/arm/export-ta_arm32/lib/libutee.a(assert.o)
                              /home/hrl/optee/optee_os/out/arm/export-ta_arm32/lib/libutee.a(tee_user_mem.o) (_assert_log)
/home/hrl/optee/optee_os/out/arm/export-ta_arm32/lib/libutee.a(tee_api_arith.o)
                              /home/hrl/optee/optee_os/out/arm/export-ta_arm32/lib/libutee.a(user_ta_entry.o) (_TEE_MathAPI_Init)
/home/hrl/optee/optee_os/out/arm/export-ta_arm32/lib/libutee.a(utee_misc.o)
                              /home/hrl/optee/optee_os/out/arm/export-ta_arm32/lib/libutee.a(tee_user_mem.o) (utee_malloc)
/home/hrl/optee/optee_os/out/arm/export-ta_arm32/lib/libutee.a(trace_ext.o)
                              /home/hrl/optee/optee_os/out/arm/export-ta_arm32/lib/libutee.a(tee_api_arith.o) (printf)
/home/hrl/optee/optee_os/out/arm/export-ta_arm32/lib/libutils.a(bget_malloc.o)
                              /home/hrl/optee/optee_os/out/arm/export-ta_arm32/lib/libutee.a(utee_misc.o) (malloc)
/home/hrl/optee/optee_os/out/arm/export-ta_arm32/lib/libutils.a(snprintf.o)
                              /home/hrl/optee/optee_os/out/arm/export-ta_arm32/lib/libutee.a(trace_ext.o) (vsnprintf)
/home/hrl/optee/optee_os/out/arm/export-ta_arm32/lib/libutils.a(memcmp.o)
                              /home/hrl/optee/optee_os/out/arm/export-ta_arm32/lib/libutee.a(tee_api.o) (memcmp)
/home/hrl/optee/optee_os/out/arm/export-ta_arm32/lib/libutils.a(memcpy.o)
                              /home/hrl/optee/optee_os/out/arm/export-ta_arm32/lib/libutee.a(tee_api_operations.o) (memcpy)
/home/hrl/optee/optee_os/out/arm/export-ta_arm32/lib/libutils.a(memmove.o)
                              /home/hrl/optee/optee_os/out/arm/export-ta_arm32/lib/libutee.a(tee_api.o) (memmove)
/home/hrl/optee/optee_os/out/arm/export-ta_arm32/lib/libutils.a(memset.o)
                              ./hello_aes_ta.o (memset)
/home/hrl/optee/optee_os/out/arm/export-ta_arm32/lib/libutils.a(strlen.o)
                              /home/hrl/optee/optee_os/out/arm/export-ta_arm32/lib/libutee.a(trace_ext.o) (strlen)
/home/hrl/optee/optee_os/out/arm/export-ta_arm32/lib/libutils.a(snprintk.o)
                              /home/hrl/optee/optee_os/out/arm/export-ta_arm32/lib/libutils.a(snprintf.o) (__vsnprintf)
/home/hrl/optee/optee_os/out/arm/export-ta_arm32/lib/libutils.a(buf_compare_ct.o)
                              /home/hrl/optee/optee_os/out/arm/export-ta_arm32/lib/libutee.a(tee_api_operations.o) (buf_compare_ct)
/home/hrl/optee/optee_os/out/arm/export-ta_arm32/lib/libutils.a(trace.o)
                              /home/hrl/optee/optee_os/out/arm/export-ta_arm32/lib/libutee.a(user_ta_entry.o) (trace_set_level)
/home/hrl/optee/optee_os/out/arm/export-ta_arm32/lib/libutils.a(aeabi_unwind.o)
                              ./hello_aes_ta.o (__aeabi_unwind_cpp_pr0)
/home/hrl/optee/optee_os/out/arm/export-ta_arm32/lib/libutils.a(memchr.o)
                              /home/hrl/optee/optee_os/out/arm/export-ta_arm32/lib/libutils.a(snprintk.o) (memchr)
/home/hrl/optee/optee_os/out/arm/export-ta_arm32/lib/libutils.a(arm32_aeabi_ldivmod_a32.o)
                              /home/hrl/optee/optee_os/out/arm/export-ta_arm32/lib/libutils.a(snprintk.o) (__aeabi_uldivmod)
/home/hrl/optee/optee_os/out/arm/export-ta_arm32/lib/libutils.a(arm32_aeabi_ldivmod.o)
                              /home/hrl/optee/optee_os/out/arm/export-ta_arm32/lib/libutils.a(arm32_aeabi_ldivmod_a32.o) (__ul_divmod)
[...]
Memory Configuration

Name             Origin             Length             Attributes
*default*        0x0000000000000000 0xffffffffffffffff

Linker script and memory map


.ta_head        0x0000000000000000       0x20
 *(SORT(.ta_head))
 .ta_head       0x0000000000000000       0x20 ./user_ta_header.o
                0x0000000000000000                ta_head

.text           0x0000000000000020     0xf334
                0x0000000000000020                __text_start = .
 *(SORT(.text) SORT(.text.*))
 .text          0x0000000000000020     0x1430 ./hello_aes_ta.o
                0x0000000000000020                TA_CreateEntryPoint
                0x00000000000000d2                TA_DestroyEntryPoint
                0x0000000000000104                TA_OpenSessionEntryPoint
                0x000000000000017c                TA_CloseSessionEntryPoint
                0x00000000000001f4                getKeyIfExists
                0x000000000000035c                checkIfPersistentObjectExists
                0x00000000000003d0                createKeyObj
                0x00000000000013d4                TA_InvokeCommandEntryPoint
 .text          0x0000000000001450      0x738 /home/hrl/optee/optee_os/out/arm/export-ta_arm32/lib/libutee.a(tee_api.o)
                0x0000000000001450                __utee_from_param
                0x00000000000015b6                __utee_to_param
                0x00000000000016b0                TEE_OpenTASession
                0x0000000000001716                TEE_CloseTASession
                0x0000000000001746                TEE_InvokeTACommand
                0x00000000000017d6                TEE_GetCancellationFlag
                0x000000000000180a                TEE_UnmaskCancellation
                0x000000000000183e                TEE_MaskCancellation
                0x0000000000001872                TEE_CheckMemoryAccessRights
                0x00000000000018b4                TEE_SetInstanceData
                0x00000000000018dc                TEE_GetInstanceData
                0x00000000000018f8                TEE_MemMove
                0x000000000000191c                TEE_MemCompare
                0x0000000000001940                TEE_MemFill
                0x0000000000001966                TEE_GetSystemTime
                0x0000000000001992                TEE_Wait
                0x00000000000019ca                TEE_GetTAPersistentTime
                0x0000000000001a4e                TEE_SetTAPersistentTime
                0x0000000000001a94                TEE_GetREETime
                0x0000000000001ac0                TEE_Malloc
                0x0000000000001ae0                TEE_Realloc
                0x0000000000001b00                TEE_Free
                0x0000000000001b1a                TEE_CacheClean
                0x0000000000001b3e                TEE_CacheFlush
                0x0000000000001b62                TEE_CacheInvalidate
 .text          0x0000000000001b88     0x2b1c /home/hrl/optee/optee_os/out/arm/export-ta_arm32/lib/libutee.a(tee_api_operations.o)
                0x0000000000001b88                TEE_AllocateOperation
                0x00000000000024c8                TEE_FreeOperation
                0x0000000000002512                TEE_GetOperationInfo
                0x0000000000002568                TEE_GetOperationInfoMultiple
                0x0000000000002708                TEE_ResetOperation
                0x0000000000002788                TEE_SetOperationKey
                0x00000000000028cc                TEE_SetOperationKey2
                0x0000000000002afc                TEE_CopyOperation
                0x0000000000002c6c                TEE_DigestUpdate
                0x0000000000002cc8                TEE_DigestDoFinal
                0x0000000000002d88                TEE_CipherInit
                0x0000000000003130                TEE_CipherUpdate
                0x00000000000032ec                TEE_CipherDoFinal
                0x000000000000353c                TEE_MACInit
                0x00000000000035ae                TEE_MACUpdate
                0x0000000000003630                TEE_MACComputeFinal
                0x0000000000003726                TEE_MACCompareFinal
                0x0000000000003800                TEE_AEInit
                0x00000000000038e6                TEE_AEUpdateAAD
                0x0000000000003960                TEE_AEUpdate
                0x0000000000003ae4                TEE_AEEncryptFinal
                0x0000000000003ce0                TEE_AEDecryptFinal
                0x0000000000003ec4                TEE_AsymmetricEncrypt
                0x000000000000405a                TEE_AsymmetricDecrypt
                0x00000000000041f0                TEE_AsymmetricSignDigest
                0x0000000000004370                TEE_AsymmetricVerifyDigest
                0x00000000000044d8                TEE_DeriveKey
                0x0000000000004678                TEE_GenerateRandom
 .text          0x00000000000046a4      0x424 /home/hrl/optee/optee_os/out/arm/export-ta_arm32/lib/libutee.a(user_ta_entry.o)
                0x0000000000004a62                __utee_entry
 .text          0x0000000000004ac8      0x5e4 /home/hrl/optee/optee_os/out/arm/export-ta_arm32/lib/libutee.a(utee_syscalls_a32.o)
                0x0000000000004ac8                utee_panic
                0x0000000000004adc                utee_return
                0x0000000000004af0                utee_log
                0x0000000000004b04                __utee_panic
                0x0000000000004b18                utee_get_property
                0x0000000000004b30                utee_get_property_name_to_index
                0x0000000000004b44                utee_open_ta_session
                0x0000000000004b5c                utee_close_ta_session
                0x0000000000004b70                utee_invoke_ta_command
                0x0000000000004b88                utee_get_cancellation_flag
                0x0000000000004b9c                utee_check_access_rights
                0x0000000000004bb0                utee_unmask_cancellation
                0x0000000000004bc4                utee_mask_cancellation
                0x0000000000004bd8                utee_wait
                0x0000000000004bec                utee_get_time
                0x0000000000004c00                utee_set_ta_time
                0x0000000000004c14                utee_cryp_state_alloc
                0x0000000000004c2c                utee_cryp_state_copy
                0x0000000000004c40                utee_cryp_state_free
                0x0000000000004c54                utee_hash_init
                0x0000000000004c68                utee_hash_update
                0x0000000000004c7c                utee_hash_final
                0x0000000000004c94                utee_cipher_init
                0x0000000000004ca8                utee_cipher_update
                0x0000000000004cc0                utee_cipher_final
                0x0000000000004cd8                utee_cryp_obj_get_info
                0x0000000000004cec                utee_cryp_obj_restrict_usage
                0x0000000000004d00                utee_cryp_obj_get_attr
                0x0000000000004d14                utee_cryp_obj_alloc
                0x0000000000004d28                utee_cryp_obj_close
                0x0000000000004d3c                utee_cryp_obj_reset
                0x0000000000004d50                utee_cryp_obj_populate
                0x0000000000004d64                utee_cryp_obj_copy
                0x0000000000004d78                utee_cryp_derive_key
                0x0000000000004d8c                utee_cryp_random_number_generate
                0x0000000000004da0                utee_authenc_init
                0x0000000000004db8                utee_authenc_update_aad
                0x0000000000004dcc                utee_authenc_update_payload
                0x0000000000004de4                utee_authenc_enc_final
                0x0000000000004dfc                utee_authenc_dec_final
                0x0000000000004e14                utee_asymm_operate
                0x0000000000004e2c                utee_asymm_verify
                0x0000000000004e44                utee_storage_obj_open
                0x0000000000004e5c                utee_storage_obj_create
                0x0000000000004e74                utee_storage_obj_del
                0x0000000000004e88                utee_storage_obj_rename
                0x0000000000004e9c                utee_storage_alloc_enum
                0x0000000000004eb0                utee_storage_free_enum
                0x0000000000004ec4                utee_storage_reset_enum
                0x0000000000004ed8                utee_storage_start_enum
                0x0000000000004eec                utee_storage_next_enum
                0x0000000000004f00                utee_storage_obj_read
                0x0000000000004f14                utee_storage_obj_write
                0x0000000000004f28                utee_storage_obj_trunc
                0x0000000000004f3c                utee_storage_obj_seek
                0x0000000000004f50                utee_cryp_obj_generate_key
                0x0000000000004f64                utee_se_service_open
                0x0000000000004f78                utee_se_service_close
                0x0000000000004f8c                utee_se_service_get_readers
                0x0000000000004fa0                utee_se_reader_get_prop
                0x0000000000004fb4                utee_se_reader_get_name
                0x0000000000004fc8                utee_se_reader_open_session
                0x0000000000004fdc                utee_se_reader_close_sessions
                0x0000000000004ff0                utee_se_session_is_closed
                0x0000000000005004                utee_se_session_get_atr
                0x0000000000005018                utee_se_session_open_channel
                0x0000000000005030                utee_se_session_close
                0x0000000000005044                utee_se_channel_select_next
                0x0000000000005058                utee_se_channel_get_select_resp
                0x000000000000506c                utee_se_channel_transmit
                0x0000000000005084                utee_se_channel_close
                0x0000000000005098                utee_cache_operation
 .text          0x00000000000050ac        0xc /home/hrl/optee/optee_os/out/arm/export-ta_arm32/lib/libutee.a(gprof_a32.o)
                0x00000000000050ac                __utee_mcount
 .text          0x00000000000050b8      0x7b4 /home/hrl/optee/optee_os/out/arm/export-ta_arm32/lib/libutee.a(tee_user_mem.o)
                0x0000000000005430                tee_user_mem_alloc
                0x0000000000005578                tee_user_mem_realloc
                0x0000000000005624                tee_user_mem_free
                0x0000000000005734                tee_user_mem_mark_heap
                0x0000000000005754                tee_user_mem_check_heap
                0x0000000000005830                tee_user_mem_garbage
 .text          0x000000000000586c       0x5c /home/hrl/optee/optee_os/out/arm/export-ta_arm32/lib/libutee.a(assert.o)
                0x000000000000586c                _assert_log
                0x00000000000058b4                _assert_break
 .text          0x00000000000058c8      0x9e4 /home/hrl/optee/optee_os/out/arm/export-ta_arm32/lib/libutee.a(tee_api_arith.o)
                0x00000000000058f0                _TEE_MathAPI_Init
                0x0000000000005934                TEE_BigIntInit
                0x0000000000005952                TEE_BigIntInitFMM
                0x0000000000005992                TEE_BigIntInitFMMContext
                0x00000000000059dc                TEE_BigIntFMMSizeInU32
                0x0000000000005a02                TEE_BigIntFMMContextSizeInU32
                0x0000000000005a30                TEE_BigIntConvertFromOctetString
                0x0000000000005a96                TEE_BigIntConvertToOctetString
                0x0000000000005b00                TEE_BigIntConvertFromS32
                0x0000000000005b22                TEE_BigIntConvertToS32
                0x0000000000005b78                TEE_BigIntCmp
                0x0000000000005ba0                TEE_BigIntCmpS32
                0x0000000000005bc4                TEE_BigIntShiftRight
                0x0000000000005bee                TEE_BigIntGetBit
                0x0000000000005c1c                TEE_BigIntGetBitCount
                0x0000000000005c40                TEE_BigIntAdd
                0x0000000000005c78                TEE_BigIntSub
                0x0000000000005cb0                TEE_BigIntNeg
                0x0000000000005cd6                TEE_BigIntMul
                0x0000000000005d10                TEE_BigIntSquare
                0x0000000000005d44                TEE_BigIntDiv
                0x0000000000005da4                TEE_BigIntMod
                0x0000000000005e20                TEE_BigIntAddMod
                0x0000000000005ea4                TEE_BigIntSubMod
                0x0000000000005f28                TEE_BigIntMulMod
                0x0000000000005fe4                TEE_BigIntSquareMod
                0x0000000000006008                TEE_BigIntInvMod
                0x0000000000006070                TEE_BigIntRelativePrime
                0x00000000000060ec                TEE_BigIntComputeExtendedGcd
                0x0000000000006138                TEE_BigIntIsProbablePrime
                0x0000000000006184                TEE_BigIntConvertToFMM
                0x00000000000061d0                TEE_BigIntConvertFromFMM
                0x0000000000006260                TEE_BigIntComputeFMM
 .text          0x00000000000062ac      0x110 /home/hrl/optee/optee_os/out/arm/export-ta_arm32/lib/libutee.a(trace_ext.o)
                0x00000000000062ac                trace_ext_puts
                0x00000000000062d0                trace_ext_get_thread_id
                0x00000000000062e4                printf
                0x000000000000634c                puts
                0x0000000000006384                putchar
 .text          0x00000000000063bc     0x182c /home/hrl/optee/optee_os/out/arm/export-ta_arm32/lib/libutils.a(bget_malloc.o)
                0x0000000000006440                bget
                0x00000000000066a8                bgetz
                0x000000000000673c                bgetr
                0x00000000000067d0                brel
                0x0000000000006b30                bpool
                0x0000000000006c54                bstats
                0x0000000000006db4                malloc_reset_stats
                0x0000000000006e14                malloc_get_stats
                0x00000000000077c0                malloc
                0x00000000000077f2                free
                0x0000000000007818                calloc
                0x0000000000007876                realloc
                0x00000000000078a4                memalign
                0x0000000000007900                malloc_add_pool
                0x0000000000007a88                malloc_buffer_is_within_alloced
                0x0000000000007b26                malloc_buffer_overlaps_heap
 .text          0x0000000000007be8      0xf68 /home/hrl/optee/optee_os/out/arm/export-ta_arm32/lib/libutils.a(snprintk.o)
                0x0000000000007be8                snprintk
                0x0000000000007c1e                vsnprintk
                0x0000000000007c4c                __vsnprintf
 .text          0x0000000000008b50      0x3d4 /home/hrl/optee/optee_os/out/arm/export-ta_arm32/lib/libutils.a(trace.o)
                0x0000000000008b50                trace_set_level
                0x0000000000008b98                trace_get_level
                0x0000000000008c18                trace_printf
                0x0000000000008f04                dhex_dump
 .text.__aeabi_ldivmod
                0x0000000000008f24       0x18 /home/hrl/optee/optee_os/out/arm/export-ta_arm32/lib/libutils.a(arm32_aeabi_ldivmod_a32.o)
                0x0000000000008f24                __aeabi_ldivmod
 .text.__aeabi_uldivmod
                0x0000000000008f3c       0x18 /home/hrl/optee/optee_os/out/arm/export-ta_arm32/lib/libutils.a(arm32_aeabi_ldivmod_a32.o)
                0x0000000000008f3c                __aeabi_uldivmod
 .text          0x0000000000008f54      0x254 /home/hrl/optee/optee_os/out/arm/export-ta_arm32/lib/libmpa.a(mpa_misc.o)
                0x0000000000008f54                __mpa_set_unused_digits_to_zero
                0x0000000000008f9c                mpa_wipe
                0x0000000000008fd0                mpa_copy
                0x0000000000009018                mpa_abs
                0x000000000000904a                mpa_highest_bit_index
                0x00000000000090ca                mpa_get_bit
                0x0000000000009134                mpa_can_hold
                0x0000000000009166                mpa_parity
                0x0000000000009190                mpa_constant_one
 .text          0x00000000000091a8      0x4ec /home/hrl/optee/optee_os/out/arm/export-ta_arm32/lib/libmpa.a(mpa_montgomery.o)
                0x00000000000091a8                __mpa_montgomery_mul_add
                0x00000000000092dc                __mpa_montgomery_sub_ack
                0x00000000000093f6                __mpa_montgomery_mul
                0x0000000000009526                mpa_compute_fmm_context
                0x0000000000009648                mpa_montgomery_mul
 .text          0x0000000000009694      0x450 /home/hrl/optee/optee_os/out/arm/export-ta_arm32/lib/libmpa.a(mpa_primetest.o)
                0x0000000000009694                mpa_is_prob_prime
 .text          0x0000000000009ae4      0x204 /home/hrl/optee/optee_os/out/arm/export-ta_arm32/lib/libmpa.a(mpa_random.o)
                0x0000000000009ae4                mpa_set_random_generator
                0x0000000000009b40                mpa_get_random
                0x0000000000009c7c                mpa_get_random_digits
 .text          0x0000000000009ce8      0x190 /home/hrl/optee/optee_os/out/arm/export-ta_arm32/lib/libmpa.a(mpa_expmod.o)
                0x0000000000009ce8                mpa_exp_mod
 .text          0x0000000000009e78      0xa54 /home/hrl/optee/optee_os/out/arm/export-ta_arm32/lib/libmpa.a(mpa_io.o)
                0x000000000000a24a                mpa_get_str_size
                0x000000000000a25e                mpa_set_str
                0x000000000000a590                mpa_get_str
                0x000000000000a684                mpa_set_oct_str
                0x000000000000a7b4                mpa_get_oct_str
 .text          0x000000000000a8cc       0x14 ./user_ta_header.o
                0x000000000000a8cc                tahead_get_trace_level
 .text          0x000000000000a8e0     0x1058 /home/hrl/optee/optee_os/out/arm/export-ta_arm32/lib/libutee.a(tee_api_objects.o)
                0x000000000000a8e0                __utee_from_attr
                0x000000000000aa36                TEE_GetObjectInfo
                0x000000000000aaa4                TEE_GetObjectInfo1
                0x000000000000aaf0                TEE_RestrictObjectUsage
                0x000000000000ab3c                TEE_RestrictObjectUsage1
                0x000000000000ab88                TEE_GetObjectBufferAttribute
                0x000000000000ac4a                TEE_GetObjectValueAttribute
                0x000000000000ad28                TEE_CloseObject
                0x000000000000ad5a                TEE_AllocateTransientObject
                0x000000000000adba                TEE_FreeTransientObject
                0x000000000000ae1a                TEE_ResetTransientObject
                0x000000000000ae7a                TEE_PopulateTransientObject
                0x000000000000afa8                TEE_InitRefAttribute
                0x000000000000aff4                TEE_InitValueAttribute
                0x000000000000b040                TEE_CopyObjectAttributes
                0x000000000000b08c                TEE_CopyObjectAttributes1
                0x000000000000b144                TEE_GenerateKey
                0x000000000000b234                TEE_OpenPersistentObject
                0x000000000000b2fa                TEE_CreatePersistentObject
                0x000000000000b3f2                TEE_CloseAndDeletePersistentObject
                0x000000000000b424                TEE_CloseAndDeletePersistentObject1
                0x000000000000b46e                TEE_RenamePersistentObject
                0x000000000000b502                TEE_AllocatePersistentObjectEnumerator
                0x000000000000b562                TEE_FreePersistentObjectEnumerator
                0x000000000000b594                TEE_ResetPersistentObjectEnumerator
                0x000000000000b5c6                TEE_StartPersistentObjectEnumerator
                0x000000000000b620                TEE_GetNextPersistentObject
                0x000000000000b6da                TEE_ReadObjectData
                0x000000000000b762                TEE_WriteObjectData
                0x000000000000b7e0                TEE_TruncateObjectData
                0x000000000000b84c                TEE_SeekObjectData
 .text          0x000000000000b938       0x1a /home/hrl/optee/optee_os/out/arm/export-ta_arm32/lib/libutee.a(tee_api_panic.o)
                0x000000000000b938                TEE_Panic
 .text          0x000000000000b952       0xaa /home/hrl/optee/optee_os/out/arm/export-ta_arm32/lib/libutee.a(utee_misc.o)
                0x000000000000b952                utee_get_ta_exec_id
                0x000000000000b966                utee_malloc
                0x000000000000b982                utee_realloc
                0x000000000000b9a2                utee_calloc
                0x000000000000b9c2                utee_free
                0x000000000000b9dc                get_rng_array
 .text          0x000000000000b9fc       0x6a /home/hrl/optee/optee_os/out/arm/export-ta_arm32/lib/libutils.a(snprintf.o)
                0x000000000000b9fc                snprintf
                0x000000000000ba38                vsnprintf
 .text          0x000000000000ba66       0xb8 /home/hrl/optee/optee_os/out/arm/export-ta_arm32/lib/libutils.a(memcmp.o)
                0x000000000000ba66                memcmp
 .text          0x000000000000bb1e       0xf2 /home/hrl/optee/optee_os/out/arm/export-ta_arm32/lib/libutils.a(memcpy.o)
                0x000000000000bb1e                memcpy
 .text          0x000000000000bc10      0x13e /home/hrl/optee/optee_os/out/arm/export-ta_arm32/lib/libutils.a(memmove.o)
                0x000000000000bc10                memmove
 .text          0x000000000000bd4e      0x11c /home/hrl/optee/optee_os/out/arm/export-ta_arm32/lib/libutils.a(memset.o)
                0x000000000000bd4e                memset
 .text          0x000000000000be6a       0x8a /home/hrl/optee/optee_os/out/arm/export-ta_arm32/lib/libutils.a(strlen.o)
                0x000000000000be6a                strlen
 .text          0x000000000000bef4       0x94 /home/hrl/optee/optee_os/out/arm/export-ta_arm32/lib/libutils.a(buf_compare_ct.o)
                0x000000000000bef4                buf_compare_ct
 .text          0x000000000000bf88       0x30 /home/hrl/optee/optee_os/out/arm/export-ta_arm32/lib/libutils.a(aeabi_unwind.o)
                0x000000000000bf88                __aeabi_unwind_cpp_pr0
                0x000000000000bf98                __aeabi_unwind_cpp_pr1
                0x000000000000bfa8                __aeabi_unwind_cpp_pr2
 .text          0x000000000000bfb8      0x114 /home/hrl/optee/optee_os/out/arm/export-ta_arm32/lib/libutils.a(memchr.o)
                0x000000000000bfb8                memchr
 .text          0x000000000000c0cc      0x2b0 /home/hrl/optee/optee_os/out/arm/export-ta_arm32/lib/libutils.a(arm32_aeabi_ldivmod.o)
                0x000000000000c224                __ul_divmod
                0x000000000000c296                __l_divmod
 .text          0x000000000000c37c      0x146 /home/hrl/optee/optee_os/out/arm/export-ta_arm32/lib/libmpa.a(mpa_conv.o)
                0x000000000000c37c                mpa_set_S32
                0x000000000000c3c8                mpa_get_S32
                0x000000000000c45e                mpa_set_word
                0x000000000000c490                mpa_get_word
 .text          0x000000000000c4c2      0xa9c /home/hrl/optee/optee_os/out/arm/export-ta_arm32/lib/libmpa.a(mpa_div.o)
                0x000000000000c59a                __mpa_div_dword
                0x000000000000cc0c                __mpa_div_q_r_internal_word
                0x000000000000cd3e                __mpa_div_q_r
                0x000000000000ce88                mpa_div
 .text          0x000000000000cf5e      0x7dc /home/hrl/optee/optee_os/out/arm/export-ta_arm32/lib/libmpa.a(mpa_gcd.o)
                0x000000000000d474                mpa_gcd
                0x000000000000d560                mpa_extended_gcd
 .text          0x000000000000d73a      0x264 /home/hrl/optee/optee_os/out/arm/export-ta_arm32/lib/libmpa.a(mpa_mem_static.o)
                0x000000000000d73a                mpa_init_scratch_mem_sync
                0x000000000000d782                mpa_init_scratch_mem
                0x000000000000d7b4                mpa_alloc_static_temp_var_size
                0x000000000000d8e8                mpa_alloc_static_temp_var
                0x000000000000d90e                mpa_free_static_temp_var
 .text          0x000000000000d99e      0x42a /home/hrl/optee/optee_os/out/arm/export-ta_arm32/lib/libmpa.a(mpa_mul.o)
                0x000000000000d99e                __mpa_mul_add_word
                0x000000000000da18                __mpa_mul_add_word_cum
                0x000000000000daa0                __mpa_abs_mul_word
                0x000000000000db4e                __mpa_abs_mul
                0x000000000000dc5a                mpa_mul
                0x000000000000dd1e                mpa_mul_word
 .text          0x000000000000ddc8      0x56c /home/hrl/optee/optee_os/out/arm/export-ta_arm32/lib/libmpa.a(mpa_shift.o)
                0x000000000000ddc8                __mpa_shift_words_left
                0x000000000000de7a                __mpa_shift_words_right
                0x000000000000df2e                mpa_shift_left
                0x000000000000e156                mpa_shift_right
 .text          0x000000000000e334      0xab4 /home/hrl/optee/optee_os/out/arm/export-ta_arm32/lib/libmpa.a(mpa_addsub.o)
                0x000000000000e334                __mpa_full_adder
                0x000000000000e398                __mpa_full_sub
                0x000000000000e400                __mpa_full_adder_ackum
                0x000000000000e464                __mpa_abs_add
                0x000000000000e578                __mpa_abs_add_ackum
                0x000000000000e65e                __mpa_abs_sub
                0x000000000000e74a                mpa_add
                0x000000000000e924                mpa_sub
                0x000000000000eb26                mpa_neg
                0x000000000000eb50                mpa_add_word
                0x000000000000ec9a                mpa_sub_word
 .text          0x000000000000ede8      0x280 /home/hrl/optee/optee_os/out/arm/export-ta_arm32/lib/libmpa.a(mpa_cmp.o)
                0x000000000000ede8                __mpa_abs_cmp
                0x000000000000eee6                __mpa_abs_greater_than
                0x000000000000ef10                __mpa_abs_less_than
                0x000000000000ef36                mpa_cmp
                0x000000000000efc0                mpa_cmp_short
 .text          0x000000000000f068       0xe8 /home/hrl/optee/optee_os/out/arm/export-ta_arm32/lib/libmpa.a(mpa_init.o)
                0x000000000000f068                mpa_init_static
                0x000000000000f0b4                mpa_init_static_fmm_context
 .text          0x000000000000f150      0x204 /home/hrl/optee/optee_os/out/arm/export-ta_arm32/lib/libmpa.a(mpa_modulus.o)
                0x000000000000f150                mpa_mod
                0x000000000000f17c                mpa_add_mod
                0x000000000000f1cc                mpa_sub_mod
                0x000000000000f21c                mpa_mul_mod
                0x000000000000f26c                mpa_inv_mod
 .text          0x000000000000f354        0x0 /home/hrl/optee/optee_os/out/arm/export-ta_arm32/lib/libutils.a(arm32_aeabi_ldivmod_a32.o)
 *(SORT(.stub))
 *(SORT(.glue_7))
 .glue_7        0x000000000000f354        0x0 linker stubs
 *(SORT(.glue_7t))
 .glue_7t       0x000000000000f354        0x0 linker stubs
 *(SORT(.gnu.linkonce.t.*))
 *(SORT(.vfp11_veneer))
 .vfp11_veneer  0x000000000000f354        0x0 linker stubs
                [!provide]                        PROVIDE (__gnu_mcount_nc, __utee_mcount)
                0x000000000000f354                __text_end = .

.v4_bx          0x000000000000f354        0x0
 .v4_bx         0x000000000000f354        0x0 linker stubs

.iplt           0x000000000000f354        0x0
 .iplt          0x000000000000f354        0x0 ./hello_aes_ta.o

.eh_frame
 *(SORT(.eh_frame))

.rodata         0x000000000000f354     0x1b4c
 *(SORT(.gnu.linkonce.r.*))
 *(SORT(.rodata) SORT(.rodata.*))
 .rodata.hello_aes_ta.c
                0x000000000000f354      0x4d3 ./hello_aes_ta.o
 *fill*         0x000000000000f827        0x1 
 .rodata.user_ta_header.c
                0x000000000000f828      0x114 ./user_ta_header.o
                0x000000000000f828                trace_ext_prefix
                0x000000000000f830                ta_heap_size
                0x000000000000f938                ta_num_props
 .rodata.lib/libutee/tee_api.c
                0x000000000000f93c        0x4 /home/hrl/optee/optee_os/out/arm/export-ta_arm32/lib/libutee.a(tee_api.o)
 .rodata.lib/libutee/tee_user_mem.c
                0x000000000000f940      0x184 /home/hrl/optee/optee_os/out/arm/export-ta_arm32/lib/libutee.a(tee_user_mem.o)
 .rodata.lib/libutee/assert.c
                0x000000000000fac4       0x27 /home/hrl/optee/optee_os/out/arm/export-ta_arm32/lib/libutee.a(assert.o)
 *fill*         0x000000000000faeb        0x1 
 .rodata.lib/libutee/tee_api_arith.c
                0x000000000000faec       0x5f /home/hrl/optee/optee_os/out/arm/export-ta_arm32/lib/libutee.a(tee_api_arith.o)
 *fill*         0x000000000000fb4b        0x1 
 .rodata.lib/libutee/trace_ext.c
                0x000000000000fb4c        0x2 /home/hrl/optee/optee_os/out/arm/export-ta_arm32/lib/libutee.a(trace_ext.o)
 *fill*         0x000000000000fb4e        0x2 
 .rodata.lib/libutils/isoc/bget_malloc.c
                0x000000000000fb50      0x4a4 /home/hrl/optee/optee_os/out/arm/export-ta_arm32/lib/libutils.a(bget_malloc.o)
 .rodata.lib/libutils/ext/snprintk.c
                0x000000000000fff4       0x7d /home/hrl/optee/optee_os/out/arm/export-ta_arm32/lib/libutils.a(snprintk.o)
 *fill*         0x0000000000010071        0x3 
 .rodata.lib/libutils/ext/trace.c
                0x0000000000010074       0x55 /home/hrl/optee/optee_os/out/arm/export-ta_arm32/lib/libutils.a(trace.o)
 *fill*         0x00000000000100c9        0x3 
 .rodata.lib/libmpa/mpa_misc.c
                0x00000000000100cc       0x28 /home/hrl/optee/optee_os/out/arm/export-ta_arm32/lib/libmpa.a(mpa_misc.o)
                0x00000000000100cc                const_largest_deci_base
                0x00000000000100d8                Const_1_LShift_Base
                0x00000000000100e8                const_one
 .rodata.lib/libmpa/mpa_primetest.c
                0x00000000000100f4      0xd30 /home/hrl/optee/optee_os/out/arm/export-ta_arm32/lib/libmpa.a(mpa_primetest.o)
                0x00000000000100f4                MAX_TABULATED_PRIME
                0x00000000000100f8                NR_STORED_PRIMES
                0x00000000000100fc                PRIME_TABLE
 .rodata.lib/libmpa/mpa_io.c
                0x0000000000010e24       0x7c /home/hrl/optee/optee_os/out/arm/export-ta_arm32/lib/libmpa.a(mpa_io.o)

.ARM.extab      0x0000000000010ea0      0xde4
 .ARM.extab     0x0000000000010ea0       0x90 ./hello_aes_ta.o
 .ARM.extab     0x0000000000010f30        0x0 ./user_ta_header.o
 .ARM.extab     0x0000000000010f30      0x120 /home/hrl/optee/optee_os/out/arm/export-ta_arm32/lib/libutee.a(tee_api.o)
 .ARM.extab     0x0000000000011050      0x15c /home/hrl/optee/optee_os/out/arm/export-ta_arm32/lib/libutee.a(tee_api_objects.o)
 .ARM.extab     0x00000000000111ac      0x12c /home/hrl/optee/optee_os/out/arm/export-ta_arm32/lib/libutee.a(tee_api_operations.o)
 .ARM.extab     0x00000000000112d8        0xc /home/hrl/optee/optee_os/out/arm/export-ta_arm32/lib/libutee.a(tee_api_panic.o)
 .ARM.extab     0x00000000000112e4       0x54 /home/hrl/optee/optee_os/out/arm/export-ta_arm32/lib/libutee.a(user_ta_entry.o)
 .ARM.extab     0x0000000000011338        0xc /home/hrl/optee/optee_os/out/arm/export-ta_arm32/lib/libutee.a(utee_syscalls_a32.o)
 .ARM.extab     0x0000000000011344       0xb4 /home/hrl/optee/optee_os/out/arm/export-ta_arm32/lib/libutee.a(tee_user_mem.o)
 .ARM.extab     0x00000000000113f8        0xc /home/hrl/optee/optee_os/out/arm/export-ta_arm32/lib/libutee.a(assert.o)
 .ARM.extab     0x0000000000011404      0x198 /home/hrl/optee/optee_os/out/arm/export-ta_arm32/lib/libutee.a(tee_api_arith.o)
 .ARM.extab     0x000000000001159c       0x3c /home/hrl/optee/optee_os/out/arm/export-ta_arm32/lib/libutee.a(utee_misc.o)
 .ARM.extab     0x00000000000115d8       0x34 /home/hrl/optee/optee_os/out/arm/export-ta_arm32/lib/libutee.a(trace_ext.o)
 .ARM.extab     0x000000000001160c      0x1a4 /home/hrl/optee/optee_os/out/arm/export-ta_arm32/lib/libutils.a(bget_malloc.o)
 .ARM.extab     0x00000000000117b0       0x18 /home/hrl/optee/optee_os/out/arm/export-ta_arm32/lib/libutils.a(snprintf.o)
 .ARM.extab     0x00000000000117c8        0xc /home/hrl/optee/optee_os/out/arm/export-ta_arm32/lib/libutils.a(memcmp.o)
 .ARM.extab     0x00000000000117d4        0xc /home/hrl/optee/optee_os/out/arm/export-ta_arm32/lib/libutils.a(memcpy.o)
 .ARM.extab     0x00000000000117e0        0xc /home/hrl/optee/optee_os/out/arm/export-ta_arm32/lib/libutils.a(memmove.o)
 .ARM.extab     0x00000000000117ec        0xc /home/hrl/optee/optee_os/out/arm/export-ta_arm32/lib/libutils.a(memset.o)
 .ARM.extab     0x00000000000117f8        0xc /home/hrl/optee/optee_os/out/arm/export-ta_arm32/lib/libutils.a(strlen.o)
 .ARM.extab     0x0000000000011804       0x24 /home/hrl/optee/optee_os/out/arm/export-ta_arm32/lib/libutils.a(snprintk.o)
 .ARM.extab     0x0000000000011828        0xc /home/hrl/optee/optee_os/out/arm/export-ta_arm32/lib/libutils.a(buf_compare_ct.o)
 .ARM.extab     0x0000000000011834       0x30 /home/hrl/optee/optee_os/out/arm/export-ta_arm32/lib/libutils.a(trace.o)
 .ARM.extab     0x0000000000011864        0x0 /home/hrl/optee/optee_os/out/arm/export-ta_arm32/lib/libutils.a(aeabi_unwind.o)
 .ARM.extab     0x0000000000011864        0xc /home/hrl/optee/optee_os/out/arm/export-ta_arm32/lib/libutils.a(memchr.o)
 .ARM.extab     0x0000000000011870       0x30 /home/hrl/optee/optee_os/out/arm/export-ta_arm32/lib/libutils.a(arm32_aeabi_ldivmod.o)
 .ARM.extab     0x00000000000118a0       0x60 /home/hrl/optee/optee_os/out/arm/export-ta_arm32/lib/libmpa.a(mpa_misc.o)
 .ARM.extab     0x0000000000011900       0x24 /home/hrl/optee/optee_os/out/arm/export-ta_arm32/lib/libmpa.a(mpa_montgomery.o)
 .ARM.extab     0x0000000000011924       0x30 /home/hrl/optee/optee_os/out/arm/export-ta_arm32/lib/libmpa.a(mpa_primetest.o)
 .ARM.extab     0x0000000000011954       0x30 /home/hrl/optee/optee_os/out/arm/export-ta_arm32/lib/libmpa.a(mpa_conv.o)
 .ARM.extab     0x0000000000011984       0x48 /home/hrl/optee/optee_os/out/arm/export-ta_arm32/lib/libmpa.a(mpa_div.o)
 .ARM.extab     0x00000000000119cc       0x3c /home/hrl/optee/optee_os/out/arm/export-ta_arm32/lib/libmpa.a(mpa_gcd.o)
 .ARM.extab     0x0000000000011a08       0x3c /home/hrl/optee/optee_os/out/arm/export-ta_arm32/lib/libmpa.a(mpa_mem_static.o)
 .ARM.extab     0x0000000000011a44       0x30 /home/hrl/optee/optee_os/out/arm/export-ta_arm32/lib/libmpa.a(mpa_mul.o)
 .ARM.extab     0x0000000000011a74       0x30 /home/hrl/optee/optee_os/out/arm/export-ta_arm32/lib/libmpa.a(mpa_random.o)
 .ARM.extab     0x0000000000011aa4       0x30 /home/hrl/optee/optee_os/out/arm/export-ta_arm32/lib/libmpa.a(mpa_shift.o)
 .ARM.extab     0x0000000000011ad4       0x60 /home/hrl/optee/optee_os/out/arm/export-ta_arm32/lib/libmpa.a(mpa_addsub.o)
 .ARM.extab     0x0000000000011b34       0x3c /home/hrl/optee/optee_os/out/arm/export-ta_arm32/lib/libmpa.a(mpa_cmp.o)
 .ARM.extab     0x0000000000011b70        0xc /home/hrl/optee/optee_os/out/arm/export-ta_arm32/lib/libmpa.a(mpa_expmod.o)
 .ARM.extab     0x0000000000011b7c       0x18 /home/hrl/optee/optee_os/out/arm/export-ta_arm32/lib/libmpa.a(mpa_init.o)
 .ARM.extab     0x0000000000011b94       0xb4 /home/hrl/optee/optee_os/out/arm/export-ta_arm32/lib/libmpa.a(mpa_io.o)
 .ARM.extab     0x0000000000011c48       0x3c /home/hrl/optee/optee_os/out/arm/export-ta_arm32/lib/libmpa.a(mpa_modulus.o)

.gnu.version_d  0x0000000000011c84        0x0
 .gnu.version_d
                0x0000000000011c84        0x0 ./hello_aes_ta.o

.gnu.version    0x0000000000011c84        0x0
 .gnu.version   0x0000000000011c84        0x0 ./hello_aes_ta.o

.gnu.version_r  0x0000000000011c84        0x0
 .gnu.version_r
                0x0000000000011c84        0x0 ./hello_aes_ta.o

.ARM.extab.text.__aeabi_ldivmod
                0x0000000000011c84        0xc
 .ARM.extab.text.__aeabi_ldivmod
                0x0000000000011c84        0xc /home/hrl/optee/optee_os/out/arm/export-ta_arm32/lib/libutils.a(arm32_aeabi_ldivmod_a32.o)

.ARM.extab.text.__aeabi_uldivmod
                0x0000000000011c90        0xc
 .ARM.extab.text.__aeabi_uldivmod
                0x0000000000011c90        0xc /home/hrl/optee/optee_os/out/arm/export-ta_arm32/lib/libutils.a(arm32_aeabi_ldivmod_a32.o)

.ARM.exidx      0x0000000000011c9c      0xa50
 *(SORT(.ARM.exidx*) SORT(.gnu.linkonce.armexidx.*))
 .ARM.exidx     0x0000000000011c9c       0x70 ./hello_aes_ta.o
 .ARM.exidx     0x00000000000123ac        0x8 ./user_ta_header.o
 .ARM.exidx     0x0000000000011d0c       0xc8 /home/hrl/optee/optee_os/out/arm/export-ta_arm32/lib/libutee.a(tee_api.o)
 .ARM.exidx     0x00000000000123b4       0xf8 /home/hrl/optee/optee_os/out/arm/export-ta_arm32/lib/libutee.a(tee_api_objects.o)
 .ARM.exidx     0x0000000000011dd4       0xe0 /home/hrl/optee/optee_os/out/arm/export-ta_arm32/lib/libutee.a(tee_api_operations.o)
                                         0xf0 (size before relaxing)
 .ARM.exidx     0x00000000000124ac        0x8 /home/hrl/optee/optee_os/out/arm/export-ta_arm32/lib/libutee.a(tee_api_panic.o)
 .ARM.exidx     0x0000000000011eb4       0x48 /home/hrl/optee/optee_os/out/arm/export-ta_arm32/lib/libutee.a(user_ta_entry.o)
                                         0x50 (size before relaxing)
 .ARM.exidx     0x0000000000011efc       0x18 /home/hrl/optee/optee_os/out/arm/export-ta_arm32/lib/libutee.a(utee_syscalls_a32.o)
                                        0x240 (size before relaxing)
 .ARM.exidx     0x0000000000011f14       0x88 /home/hrl/optee/optee_os/out/arm/export-ta_arm32/lib/libutee.a(tee_user_mem.o)
 .ARM.exidx     0x0000000000011f9c       0x10 /home/hrl/optee/optee_os/out/arm/export-ta_arm32/lib/libutee.a(assert.o)
 .ARM.exidx     0x0000000000011fac      0x110 /home/hrl/optee/optee_os/out/arm/export-ta_arm32/lib/libutee.a(tee_api_arith.o)
 .ARM.exidx     0x00000000000124b4       0x30 /home/hrl/optee/optee_os/out/arm/export-ta_arm32/lib/libutee.a(utee_misc.o)
 .ARM.exidx     0x00000000000120bc       0x28 /home/hrl/optee/optee_os/out/arm/export-ta_arm32/lib/libutee.a(trace_ext.o)
 .ARM.exidx     0x00000000000120e4      0x128 /home/hrl/optee/optee_os/out/arm/export-ta_arm32/lib/libutils.a(bget_malloc.o)
 .ARM.exidx     0x00000000000124e4       0x10 /home/hrl/optee/optee_os/out/arm/export-ta_arm32/lib/libutils.a(snprintf.o)
 .ARM.exidx     0x00000000000124f4        0x8 /home/hrl/optee/optee_os/out/arm/export-ta_arm32/lib/libutils.a(memcmp.o)
 .ARM.exidx     0x00000000000124fc        0x8 /home/hrl/optee/optee_os/out/arm/export-ta_arm32/lib/libutils.a(memcpy.o)
 .ARM.exidx     0x0000000000012504        0x8 /home/hrl/optee/optee_os/out/arm/export-ta_arm32/lib/libutils.a(memmove.o)
 .ARM.exidx     0x000000000001250c        0x8 /home/hrl/optee/optee_os/out/arm/export-ta_arm32/lib/libutils.a(memset.o)
 .ARM.exidx     0x0000000000012514        0x8 /home/hrl/optee/optee_os/out/arm/export-ta_arm32/lib/libutils.a(strlen.o)
 .ARM.exidx     0x000000000001220c       0x28 /home/hrl/optee/optee_os/out/arm/export-ta_arm32/lib/libutils.a(snprintk.o)
 .ARM.exidx     0x000000000001251c        0x8 /home/hrl/optee/optee_os/out/arm/export-ta_arm32/lib/libutils.a(buf_compare_ct.o)
 .ARM.exidx     0x0000000000012234       0x28 /home/hrl/optee/optee_os/out/arm/export-ta_arm32/lib/libutils.a(trace.o)
 .ARM.exidx     0x0000000000012524        0x8 /home/hrl/optee/optee_os/out/arm/export-ta_arm32/lib/libutils.a(aeabi_unwind.o)
                                         0x18 (size before relaxing)
 .ARM.exidx     0x000000000001252c        0x8 /home/hrl/optee/optee_os/out/arm/export-ta_arm32/lib/libutils.a(memchr.o)
 .ARM.exidx.text.__aeabi_ldivmod
                0x000000000001225c        0x8 /home/hrl/optee/optee_os/out/arm/export-ta_arm32/lib/libutils.a(arm32_aeabi_ldivmod_a32.o)
 .ARM.exidx.text.__aeabi_uldivmod
                0x0000000000012264        0x8 /home/hrl/optee/optee_os/out/arm/export-ta_arm32/lib/libutils.a(arm32_aeabi_ldivmod_a32.o)
 .ARM.exidx     0x0000000000012534       0x20 /home/hrl/optee/optee_os/out/arm/export-ta_arm32/lib/libutils.a(arm32_aeabi_ldivmod.o)
 .ARM.exidx     0x000000000001226c       0x48 /home/hrl/optee/optee_os/out/arm/export-ta_arm32/lib/libmpa.a(mpa_misc.o)
 .ARM.exidx     0x00000000000122b4       0x28 /home/hrl/optee/optee_os/out/arm/export-ta_arm32/lib/libmpa.a(mpa_montgomery.o)
 .ARM.exidx     0x00000000000122dc       0x28 /home/hrl/optee/optee_os/out/arm/export-ta_arm32/lib/libmpa.a(mpa_primetest.o)
 .ARM.exidx     0x0000000000012554       0x20 /home/hrl/optee/optee_os/out/arm/export-ta_arm32/lib/libmpa.a(mpa_conv.o)
 .ARM.exidx     0x0000000000012574       0x30 /home/hrl/optee/optee_os/out/arm/export-ta_arm32/lib/libmpa.a(mpa_div.o)
 .ARM.exidx     0x00000000000125a4       0x28 /home/hrl/optee/optee_os/out/arm/export-ta_arm32/lib/libmpa.a(mpa_gcd.o)
 .ARM.exidx     0x00000000000125cc       0x28 /home/hrl/optee/optee_os/out/arm/export-ta_arm32/lib/libmpa.a(mpa_mem_static.o)
 .ARM.exidx     0x00000000000125f4       0x28 /home/hrl/optee/optee_os/out/arm/export-ta_arm32/lib/libmpa.a(mpa_mul.o)
                                         0x30 (size before relaxing)
 .ARM.exidx     0x0000000000012304       0x20 /home/hrl/optee/optee_os/out/arm/export-ta_arm32/lib/libmpa.a(mpa_random.o)
 .ARM.exidx     0x000000000001261c       0x20 /home/hrl/optee/optee_os/out/arm/export-ta_arm32/lib/libmpa.a(mpa_shift.o)
 .ARM.exidx     0x000000000001263c       0x48 /home/hrl/optee/optee_os/out/arm/export-ta_arm32/lib/libmpa.a(mpa_addsub.o)
                                         0x58 (size before relaxing)
 .ARM.exidx     0x0000000000012684       0x28 /home/hrl/optee/optee_os/out/arm/export-ta_arm32/lib/libmpa.a(mpa_cmp.o)
 .ARM.exidx     0x0000000000012324        0x8 /home/hrl/optee/optee_os/out/arm/export-ta_arm32/lib/libmpa.a(mpa_expmod.o)
 .ARM.exidx     0x00000000000126ac       0x10 /home/hrl/optee/optee_os/out/arm/export-ta_arm32/lib/libmpa.a(mpa_init.o)
 .ARM.exidx     0x000000000001232c       0x80 /home/hrl/optee/optee_os/out/arm/export-ta_arm32/lib/libmpa.a(mpa_io.o)
 .ARM.exidx     0x00000000000126bc       0x30 /home/hrl/optee/optee_os/out/arm/export-ta_arm32/lib/libmpa.a(mpa_modulus.o)
                                         0x28 (size before relaxing)

.ctors
 *(SORT(.ctors))

.dtors
 *(SORT(.dtors))

.plt            0x00000000000126ec        0x0
 *(SORT(.plt))
 .plt           0x00000000000126ec        0x0 ./hello_aes_ta.o

.got            0x00000000000126ec       0x30
 *(SORT(.got.plt))
 .got.plt       0x00000000000126ec        0xc ./hello_aes_ta.o
                0x00000000000126ec                _GLOBAL_OFFSET_TABLE_
 *(SORT(.got))
 .got           0x00000000000126f8       0x24 ./hello_aes_ta.o

.rel.text       0x000000000001271c        0x0
 *(SORT(.rel.text))
 .rel.text      0x000000000001271c        0x0 ./hello_aes_ta.o
 *(SORT(.rel.gnu.linkonce.t*))

.rela.text
 *(SORT(.rela.text))
 *(SORT(.rela.gnu.linkonce.t*))

.rel.data
 *(SORT(.rel.data))
 *(SORT(.rel.gnu.linkonce.d*))

.rela.data
 *(SORT(.rela.data))
 *(SORT(.rela.gnu.linkonce.d*))

.rel.rodata
 *(SORT(.rel.rodata))
 *(SORT(.rel.gnu.linkonce.r*))

.rela.rodata
 *(SORT(.rela.rodata))
 *(SORT(.rela.gnu.linkonce.r*))

.rel.dyn        0x000000000001271c       0xc8
 *(SORT(.rel.dyn))
 .rel.iplt      0x000000000001271c        0x0 ./hello_aes_ta.o
 .rel.ta_head   0x000000000001271c        0x8 ./hello_aes_ta.o
 .rel.data.rel.ro.local
                0x0000000000012724       0x90 ./hello_aes_ta.o
 .rel.data.rel  0x00000000000127b4        0x8 ./hello_aes_ta.o
 .rel.data.rel.local
                0x00000000000127bc       0x28 ./hello_aes_ta.o

.rel.got        0x00000000000127e4       0x48
 *(SORT(.rel.got))
 .rel.got       0x00000000000127e4       0x48 ./hello_aes_ta.o

.rela.got
 *(SORT(.rela.got))

.rel.ctors
 *(SORT(.rel.ctors))

.rela.ctors
 *(SORT(.rela.ctors))

.rel.dtors
 *(SORT(.rel.dtors))

.rela.dtors
 *(SORT(.rela.dtors))

.rel.init
 *(SORT(.rel.init))

.rela.init
 *(SORT(.rela.init))

.rel.fini
 *(SORT(.rel.fini))

.rela.fini
 *(SORT(.rela.fini))

.rel.bss
 *(SORT(.rel.bss))

.rela.bss
 *(SORT(.rela.bss))

.rel.plt        0x000000000001282c        0x0
 *(SORT(.rel.plt))
 .rel.plt       0x000000000001282c        0x0 ./hello_aes_ta.o

.rela.plt
 *(SORT(.rela.plt))

.dynamic        0x000000000001282c       0x80
 *(SORT(.dynamic))
 .dynamic       0x000000000001282c       0x80 ./hello_aes_ta.o
                0x000000000001282c                _DYNAMIC

.dynsym         0x00000000000128ac       0xc0
 *(SORT(.dynsym))
 .dynsym        0x00000000000128ac       0xc0 ./hello_aes_ta.o

.dynstr         0x000000000001296c       0x8e
 *(SORT(.dynstr))
 .dynstr        0x000000000001296c       0x8e ./hello_aes_ta.o

.hash           0x00000000000129fc       0x44
 *(SORT(.hash))
 .hash          0x00000000000129fc       0x44 ./hello_aes_ta.o
                0x0000000000013000                . = ALIGN (0x1000)

.data           0x0000000000013000       0xe4
 *(SORT(.data) SORT(.data.*) SORT(.gnu.linkonce.d.*))
 .data          0x0000000000013000       0x48 ./hello_aes_ta.o
 .data          0x0000000000013048        0x4 ./user_ta_header.o
                0x0000000000013048                trace_level
 .data.rel.ro.local
                0x000000000001304c       0x6c ./user_ta_header.o
                0x000000000001304c                ta_props
 .data.rel      0x00000000000130b8        0x4 /home/hrl/optee/optee_os/out/arm/export-ta_arm32/lib/libutee.a(user_ta_entry.o)
                0x00000000000130b8                _ref__utee_mcount
 .data.rel.local
                0x00000000000130bc        0x8 /home/hrl/optee/optee_os/out/arm/export-ta_arm32/lib/libutee.a(user_ta_entry.o)
 .data          0x00000000000130c4        0x4 /home/hrl/optee/optee_os/out/arm/export-ta_arm32/lib/libutee.a(tee_user_mem.o)
 .data.rel.local
                0x00000000000130c8        0x8 /home/hrl/optee/optee_os/out/arm/export-ta_arm32/lib/libutee.a(tee_user_mem.o)
                0x00000000000130c8                user_mem_head
 .data.rel.local
                0x00000000000130d0        0x4 /home/hrl/optee/optee_os/out/arm/export-ta_arm32/lib/libutee.a(tee_api_arith.o)
 .data.rel.local
                0x00000000000130d4       0x10 /home/hrl/optee/optee_os/out/arm/export-ta_arm32/lib/libutils.a(bget_malloc.o)
 .data          0x00000000000130e4        0x0 /home/hrl/optee/optee_os/out/arm/export-ta_arm32/lib/libutee.a(tee_api.o)
 .data          0x00000000000130e4        0x0 /home/hrl/optee/optee_os/out/arm/export-ta_arm32/lib/libutee.a(tee_api_objects.o)
 .data          0x00000000000130e4        0x0 /home/hrl/optee/optee_os/out/arm/export-ta_arm32/lib/libutee.a(tee_api_operations.o)
 .data          0x00000000000130e4        0x0 /home/hrl/optee/optee_os/out/arm/export-ta_arm32/lib/libutee.a(tee_api_panic.o)
 .data          0x00000000000130e4        0x0 /home/hrl/optee/optee_os/out/arm/export-ta_arm32/lib/libutee.a(user_ta_entry.o)
 .data          0x00000000000130e4        0x0 /home/hrl/optee/optee_os/out/arm/export-ta_arm32/lib/libutee.a(utee_syscalls_a32.o)
 .data          0x00000000000130e4        0x0 /home/hrl/optee/optee_os/out/arm/export-ta_arm32/lib/libutee.a(gprof_a32.o)
 .data          0x00000000000130e4        0x0 /home/hrl/optee/optee_os/out/arm/export-ta_arm32/lib/libutee.a(assert.o)
 .data          0x00000000000130e4        0x0 /home/hrl/optee/optee_os/out/arm/export-ta_arm32/lib/libutee.a(tee_api_arith.o)
 .data          0x00000000000130e4        0x0 /home/hrl/optee/optee_os/out/arm/export-ta_arm32/lib/libutee.a(utee_misc.o)
 .data          0x00000000000130e4        0x0 /home/hrl/optee/optee_os/out/arm/export-ta_arm32/lib/libutee.a(trace_ext.o)
 .data          0x00000000000130e4        0x0 /home/hrl/optee/optee_os/out/arm/export-ta_arm32/lib/libutils.a(bget_malloc.o)
 .data          0x00000000000130e4        0x0 /home/hrl/optee/optee_os/out/arm/export-ta_arm32/lib/libutils.a(snprintf.o)
 .data          0x00000000000130e4        0x0 /home/hrl/optee/optee_os/out/arm/export-ta_arm32/lib/libutils.a(memcmp.o)
 .data          0x00000000000130e4        0x0 /home/hrl/optee/optee_os/out/arm/export-ta_arm32/lib/libutils.a(memcpy.o)
 .data          0x00000000000130e4        0x0 /home/hrl/optee/optee_os/out/arm/export-ta_arm32/lib/libutils.a(memmove.o)
 .data          0x00000000000130e4        0x0 /home/hrl/optee/optee_os/out/arm/export-ta_arm32/lib/libutils.a(memset.o)
 .data          0x00000000000130e4        0x0 /home/hrl/optee/optee_os/out/arm/export-ta_arm32/lib/libutils.a(strlen.o)
 .data          0x00000000000130e4        0x0 /home/hrl/optee/optee_os/out/arm/export-ta_arm32/lib/libutils.a(snprintk.o)
 .data          0x00000000000130e4        0x0 /home/hrl/optee/optee_os/out/arm/export-ta_arm32/lib/libutils.a(buf_compare_ct.o)
 .data          0x00000000000130e4        0x0 /home/hrl/optee/optee_os/out/arm/export-ta_arm32/lib/libutils.a(trace.o)
 .data          0x00000000000130e4        0x0 /home/hrl/optee/optee_os/out/arm/export-ta_arm32/lib/libutils.a(aeabi_unwind.o)
 .data          0x00000000000130e4        0x0 /home/hrl/optee/optee_os/out/arm/export-ta_arm32/lib/libutils.a(memchr.o)
 .data          0x00000000000130e4        0x0 /home/hrl/optee/optee_os/out/arm/export-ta_arm32/lib/libutils.a(arm32_aeabi_ldivmod_a32.o)
 .data          0x00000000000130e4        0x0 /home/hrl/optee/optee_os/out/arm/export-ta_arm32/lib/libutils.a(arm32_aeabi_ldivmod.o)
 .data          0x00000000000130e4        0x0 /home/hrl/optee/optee_os/out/arm/export-ta_arm32/lib/libmpa.a(mpa_misc.o)
 .data          0x00000000000130e4        0x0 /home/hrl/optee/optee_os/out/arm/export-ta_arm32/lib/libmpa.a(mpa_montgomery.o)
 .data          0x00000000000130e4        0x0 /home/hrl/optee/optee_os/out/arm/export-ta_arm32/lib/libmpa.a(mpa_primetest.o)
 .data          0x00000000000130e4        0x0 /home/hrl/optee/optee_os/out/arm/export-ta_arm32/lib/libmpa.a(mpa_conv.o)
 .data          0x00000000000130e4        0x0 /home/hrl/optee/optee_os/out/arm/export-ta_arm32/lib/libmpa.a(mpa_div.o)
 .data          0x00000000000130e4        0x0 /home/hrl/optee/optee_os/out/arm/export-ta_arm32/lib/libmpa.a(mpa_gcd.o)
 .data          0x00000000000130e4        0x0 /home/hrl/optee/optee_os/out/arm/export-ta_arm32/lib/libmpa.a(mpa_mem_static.o)
 .data          0x00000000000130e4        0x0 /home/hrl/optee/optee_os/out/arm/export-ta_arm32/lib/libmpa.a(mpa_mul.o)
 .data          0x00000000000130e4        0x0 /home/hrl/optee/optee_os/out/arm/export-ta_arm32/lib/libmpa.a(mpa_random.o)
 .data          0x00000000000130e4        0x0 /home/hrl/optee/optee_os/out/arm/export-ta_arm32/lib/libmpa.a(mpa_shift.o)
 .data          0x00000000000130e4        0x0 /home/hrl/optee/optee_os/out/arm/export-ta_arm32/lib/libmpa.a(mpa_addsub.o)
 .data          0x00000000000130e4        0x0 /home/hrl/optee/optee_os/out/arm/export-ta_arm32/lib/libmpa.a(mpa_cmp.o)
 .data          0x00000000000130e4        0x0 /home/hrl/optee/optee_os/out/arm/export-ta_arm32/lib/libmpa.a(mpa_expmod.o)
 .data          0x00000000000130e4        0x0 /home/hrl/optee/optee_os/out/arm/export-ta_arm32/lib/libmpa.a(mpa_init.o)
 .data          0x00000000000130e4        0x0 /home/hrl/optee/optee_os/out/arm/export-ta_arm32/lib/libmpa.a(mpa_io.o)
 .data          0x00000000000130e4        0x0 /home/hrl/optee/optee_os/out/arm/export-ta_arm32/lib/libmpa.a(mpa_modulus.o)

.igot.plt       0x00000000000130e4        0x0
 .igot.plt      0x00000000000130e4        0x0 ./hello_aes_ta.o

.bss            0x00000000000130e4     0xabbc
 *(SORT(.bss) SORT(.bss.*) SORT(.gnu.linkonce.b.*) SORT(COMMON))
 .bss           0x00000000000130e4       0x28 ./hello_aes_ta.o
 .bss           0x000000000001310c     0x8000 ./user_ta_header.o
                0x000000000001310c                ta_heap
 .bss           0x000000000001b10c        0x4 /home/hrl/optee/optee_os/out/arm/export-ta_arm32/lib/libutee.a(tee_api.o)
 .bss           0x000000000001b110       0x29 /home/hrl/optee/optee_os/out/arm/export-ta_arm32/lib/libutee.a(user_ta_entry.o)
                0x000000000001b110                ta_param_types
                0x000000000001b114                ta_params
 *fill*         0x000000000001b139        0x3 
 .bss           0x000000000001b13c        0xc /home/hrl/optee/optee_os/out/arm/export-ta_arm32/lib/libutee.a(tee_user_mem.o)
 .bss           0x000000000001b148     0x1b00 /home/hrl/optee/optee_os/out/arm/export-ta_arm32/lib/libutee.a(tee_api_arith.o)
 .bss           0x000000000001cc48       0x4c /home/hrl/optee/optee_os/out/arm/export-ta_arm32/lib/libutils.a(bget_malloc.o)
 .bss           0x000000000001cc94        0x4 /home/hrl/optee/optee_os/out/arm/export-ta_arm32/lib/libmpa.a(mpa_random.o)
 .bss           0x000000000001cc98     0x1002 /home/hrl/optee/optee_os/out/arm/export-ta_arm32/lib/libmpa.a(mpa_io.o)
 .bss           0x000000000001dc9a        0x0 /home/hrl/optee/optee_os/out/arm/export-ta_arm32/lib/libutee.a(tee_api_objects.o)
 .bss           0x000000000001dc9a        0x0 /home/hrl/optee/optee_os/out/arm/export-ta_arm32/lib/libutee.a(tee_api_operations.o)
 .bss           0x000000000001dc9a        0x0 /home/hrl/optee/optee_os/out/arm/export-ta_arm32/lib/libutee.a(tee_api_panic.o)
 .bss           0x000000000001dc9a        0x0 /home/hrl/optee/optee_os/out/arm/export-ta_arm32/lib/libutee.a(utee_syscalls_a32.o)
 .bss           0x000000000001dc9a        0x0 /home/hrl/optee/optee_os/out/arm/export-ta_arm32/lib/libutee.a(gprof_a32.o)
 .bss           0x000000000001dc9a        0x0 /home/hrl/optee/optee_os/out/arm/export-ta_arm32/lib/libutee.a(assert.o)
 .bss           0x000000000001dc9a        0x0 /home/hrl/optee/optee_os/out/arm/export-ta_arm32/lib/libutee.a(utee_misc.o)
 .bss           0x000000000001dc9a        0x0 /home/hrl/optee/optee_os/out/arm/export-ta_arm32/lib/libutee.a(trace_ext.o)
 .bss           0x000000000001dc9a        0x0 /home/hrl/optee/optee_os/out/arm/export-ta_arm32/lib/libutils.a(snprintf.o)
 .bss           0x000000000001dc9a        0x0 /home/hrl/optee/optee_os/out/arm/export-ta_arm32/lib/libutils.a(memcmp.o)
 .bss           0x000000000001dc9a        0x0 /home/hrl/optee/optee_os/out/arm/export-ta_arm32/lib/libutils.a(memcpy.o)
 .bss           0x000000000001dc9a        0x0 /home/hrl/optee/optee_os/out/arm/export-ta_arm32/lib/libutils.a(memmove.o)
 .bss           0x000000000001dc9a        0x0 /home/hrl/optee/optee_os/out/arm/export-ta_arm32/lib/libutils.a(memset.o)
 .bss           0x000000000001dc9a        0x0 /home/hrl/optee/optee_os/out/arm/export-ta_arm32/lib/libutils.a(strlen.o)
 .bss           0x000000000001dc9a        0x0 /home/hrl/optee/optee_os/out/arm/export-ta_arm32/lib/libutils.a(snprintk.o)
 .bss           0x000000000001dc9a        0x0 /home/hrl/optee/optee_os/out/arm/export-ta_arm32/lib/libutils.a(buf_compare_ct.o)
 .bss           0x000000000001dc9a        0x0 /home/hrl/optee/optee_os/out/arm/export-ta_arm32/lib/libutils.a(trace.o)
 .bss           0x000000000001dc9a        0x0 /home/hrl/optee/optee_os/out/arm/export-ta_arm32/lib/libutils.a(aeabi_unwind.o)
 .bss           0x000000000001dc9a        0x0 /home/hrl/optee/optee_os/out/arm/export-ta_arm32/lib/libutils.a(memchr.o)
 .bss           0x000000000001dc9a        0x0 /home/hrl/optee/optee_os/out/arm/export-ta_arm32/lib/libutils.a(arm32_aeabi_ldivmod_a32.o)
 .bss           0x000000000001dc9a        0x0 /home/hrl/optee/optee_os/out/arm/export-ta_arm32/lib/libutils.a(arm32_aeabi_ldivmod.o)
 .bss           0x000000000001dc9a        0x0 /home/hrl/optee/optee_os/out/arm/export-ta_arm32/lib/libmpa.a(mpa_misc.o)
 .bss           0x000000000001dc9a        0x0 /home/hrl/optee/optee_os/out/arm/export-ta_arm32/lib/libmpa.a(mpa_montgomery.o)
 .bss           0x000000000001dc9a        0x0 /home/hrl/optee/optee_os/out/arm/export-ta_arm32/lib/libmpa.a(mpa_primetest.o)
 .bss           0x000000000001dc9a        0x0 /home/hrl/optee/optee_os/out/arm/export-ta_arm32/lib/libmpa.a(mpa_conv.o)
 .bss           0x000000000001dc9a        0x0 /home/hrl/optee/optee_os/out/arm/export-ta_arm32/lib/libmpa.a(mpa_div.o)
 .bss           0x000000000001dc9a        0x0 /home/hrl/optee/optee_os/out/arm/export-ta_arm32/lib/libmpa.a(mpa_gcd.o)
 .bss           0x000000000001dc9a        0x0 /home/hrl/optee/optee_os/out/arm/export-ta_arm32/lib/libmpa.a(mpa_mem_static.o)
 .bss           0x000000000001dc9a        0x0 /home/hrl/optee/optee_os/out/arm/export-ta_arm32/lib/libmpa.a(mpa_mul.o)
 .bss           0x000000000001dc9a        0x0 /home/hrl/optee/optee_os/out/arm/export-ta_arm32/lib/libmpa.a(mpa_shift.o)
 .bss           0x000000000001dc9a        0x0 /home/hrl/optee/optee_os/out/arm/export-ta_arm32/lib/libmpa.a(mpa_addsub.o)
 .bss           0x000000000001dc9a        0x0 /home/hrl/optee/optee_os/out/arm/export-ta_arm32/lib/libmpa.a(mpa_cmp.o)
 .bss           0x000000000001dc9a        0x0 /home/hrl/optee/optee_os/out/arm/export-ta_arm32/lib/libmpa.a(mpa_expmod.o)
 .bss           0x000000000001dc9a        0x0 /home/hrl/optee/optee_os/out/arm/export-ta_arm32/lib/libmpa.a(mpa_init.o)
 .bss           0x000000000001dc9a        0x0 /home/hrl/optee/optee_os/out/arm/export-ta_arm32/lib/libmpa.a(mpa_modulus.o)
                0x000000000001dca0                . = ALIGN (0x8)
 *fill*         0x000000000001dc9a        0x6 
                0x000000000001dca0                __gprof_buf_start = .
                0x000000000001dca0                . = (. + DEFINED (__gnu_mcount_nc)?(((__text_end - __text_start) * 0x88) / 0x64):0x0)
                0x000000000001dca0                __gprof_buf_end = .

.dynbss         0x000000000001dca0        0x0
 .dynbss        0x000000000001dca0        0x0 ./hello_aes_ta.o

/DISCARD/
 *(SORT(.interp))
LOAD ./hello_aes_ta.o
LOAD ./user_ta_header.o
START GROUP
LOAD /home/hrl/optee/optee_os/out/arm/export-ta_arm32/lib/libmpa.a
LOAD /home/hrl/optee/optee_os/out/arm/export-ta_arm32/lib/libutee.a
LOAD /home/hrl/optee/optee_os/out/arm/export-ta_arm32/lib/libutils.a
END GROUP
OUTPUT(dcd6f10e-c128-4df6-8314-e9d86e3c6fd3.elf elf32-littlearm)

.debug_info     0x0000000000000000     0xc684
 .debug_info    0x0000000000000000      0xb64 ./hello_aes_ta.o
 .debug_info    0x0000000000000b64      0x383 ./user_ta_header.o
 .debug_info    0x0000000000000ee7      0xa5c /home/hrl/optee/optee_os/out/arm/export-ta_arm32/lib/libutee.a(tee_api.o)
 .debug_info    0x0000000000001943      0xe78 /home/hrl/optee/optee_os/out/arm/export-ta_arm32/lib/libutee.a(tee_api_objects.o)
 .debug_info    0x00000000000027bb     0x1630 /home/hrl/optee/optee_os/out/arm/export-ta_arm32/lib/libutee.a(tee_api_operations.o)
 .debug_info    0x0000000000003deb       0xe6 /home/hrl/optee/optee_os/out/arm/export-ta_arm32/lib/libutee.a(tee_api_panic.o)
 .debug_info    0x0000000000003ed1      0x61a /home/hrl/optee/optee_os/out/arm/export-ta_arm32/lib/libutee.a(user_ta_entry.o)
 .debug_info    0x00000000000044eb       0x6a /home/hrl/optee/optee_os/out/arm/export-ta_arm32/lib/libutee.a(utee_syscalls_a32.o)
 .debug_info    0x0000000000004555       0x68 /home/hrl/optee/optee_os/out/arm/export-ta_arm32/lib/libutee.a(gprof_a32.o)
 .debug_info    0x00000000000045bd      0x6b1 /home/hrl/optee/optee_os/out/arm/export-ta_arm32/lib/libutee.a(tee_user_mem.o)
 .debug_info    0x0000000000004c6e      0x11a /home/hrl/optee/optee_os/out/arm/export-ta_arm32/lib/libutee.a(assert.o)
 .debug_info    0x0000000000004d88      0xff1 /home/hrl/optee/optee_os/out/arm/export-ta_arm32/lib/libutee.a(tee_api_arith.o)
 .debug_info    0x0000000000005d79      0x1e0 /home/hrl/optee/optee_os/out/arm/export-ta_arm32/lib/libutee.a(utee_misc.o)
 .debug_info    0x0000000000005f59      0x1e8 /home/hrl/optee/optee_os/out/arm/export-ta_arm32/lib/libutee.a(trace_ext.o)
 .debug_info    0x0000000000006141     0x1182 /home/hrl/optee/optee_os/out/arm/export-ta_arm32/lib/libutils.a(bget_malloc.o)
 .debug_info    0x00000000000072c3      0x135 /home/hrl/optee/optee_os/out/arm/export-ta_arm32/lib/libutils.a(snprintf.o)
 .debug_info    0x00000000000073f8       0xd8 /home/hrl/optee/optee_os/out/arm/export-ta_arm32/lib/libutils.a(memcmp.o)
 .debug_info    0x00000000000074d0       0xf8 /home/hrl/optee/optee_os/out/arm/export-ta_arm32/lib/libutils.a(memcpy.o)
 .debug_info    0x00000000000075c8       0xf8 /home/hrl/optee/optee_os/out/arm/export-ta_arm32/lib/libutils.a(memmove.o)
 .debug_info    0x00000000000076c0       0xdd /home/hrl/optee/optee_os/out/arm/export-ta_arm32/lib/libutils.a(memset.o)
 .debug_info    0x000000000000779d       0xa6 /home/hrl/optee/optee_os/out/arm/export-ta_arm32/lib/libutils.a(strlen.o)
 .debug_info    0x0000000000007843      0x4fe /home/hrl/optee/optee_os/out/arm/export-ta_arm32/lib/libutils.a(snprintk.o)
 .debug_info    0x0000000000007d41       0xbf /home/hrl/optee/optee_os/out/arm/export-ta_arm32/lib/libutils.a(buf_compare_ct.o)
 .debug_info    0x0000000000007e00      0x2ad /home/hrl/optee/optee_os/out/arm/export-ta_arm32/lib/libutils.a(trace.o)
 .debug_info    0x00000000000080ad       0x5d /home/hrl/optee/optee_os/out/arm/export-ta_arm32/lib/libutils.a(aeabi_unwind.o)
 .debug_info    0x000000000000810a       0xef /home/hrl/optee/optee_os/out/arm/export-ta_arm32/lib/libutils.a(memchr.o)
 .debug_info    0x00000000000081f9       0x72 /home/hrl/optee/optee_os/out/arm/export-ta_arm32/lib/libutils.a(arm32_aeabi_ldivmod_a32.o)
 .debug_info    0x000000000000826b      0x1f8 /home/hrl/optee/optee_os/out/arm/export-ta_arm32/lib/libutils.a(arm32_aeabi_ldivmod.o)
 .debug_info    0x0000000000008463      0x31f /home/hrl/optee/optee_os/out/arm/export-ta_arm32/lib/libmpa.a(mpa_misc.o)
 .debug_info    0x0000000000008782      0x4c1 /home/hrl/optee/optee_os/out/arm/export-ta_arm32/lib/libmpa.a(mpa_montgomery.o)
 .debug_info    0x0000000000008c43      0x4d2 /home/hrl/optee/optee_os/out/arm/export-ta_arm32/lib/libmpa.a(mpa_primetest.o)
 .debug_info    0x0000000000009115      0x204 /home/hrl/optee/optee_os/out/arm/export-ta_arm32/lib/libmpa.a(mpa_conv.o)
 .debug_info    0x0000000000009319      0x5b0 /home/hrl/optee/optee_os/out/arm/export-ta_arm32/lib/libmpa.a(mpa_div.o)
 .debug_info    0x00000000000098c9      0x4d5 /home/hrl/optee/optee_os/out/arm/export-ta_arm32/lib/libmpa.a(mpa_gcd.o)
 .debug_info    0x0000000000009d9e      0x447 /home/hrl/optee/optee_os/out/arm/export-ta_arm32/lib/libmpa.a(mpa_mem_static.o)
 .debug_info    0x000000000000a1e5      0x49c /home/hrl/optee/optee_os/out/arm/export-ta_arm32/lib/libmpa.a(mpa_mul.o)
 .debug_info    0x000000000000a681      0x2b4 /home/hrl/optee/optee_os/out/arm/export-ta_arm32/lib/libmpa.a(mpa_random.o)
 .debug_info    0x000000000000a935      0x2a4 /home/hrl/optee/optee_os/out/arm/export-ta_arm32/lib/libmpa.a(mpa_shift.o)
 .debug_info    0x000000000000abd9      0x77c /home/hrl/optee/optee_os/out/arm/export-ta_arm32/lib/libmpa.a(mpa_addsub.o)
 .debug_info    0x000000000000b355      0x2b1 /home/hrl/optee/optee_os/out/arm/export-ta_arm32/lib/libmpa.a(mpa_cmp.o)
 .debug_info    0x000000000000b606      0x339 /home/hrl/optee/optee_os/out/arm/export-ta_arm32/lib/libmpa.a(mpa_expmod.o)
 .debug_info    0x000000000000b93f      0x209 /home/hrl/optee/optee_os/out/arm/export-ta_arm32/lib/libmpa.a(mpa_init.o)
 .debug_info    0x000000000000bb48      0x740 /home/hrl/optee/optee_os/out/arm/export-ta_arm32/lib/libmpa.a(mpa_io.o)
 .debug_info    0x000000000000c288      0x3fc /home/hrl/optee/optee_os/out/arm/export-ta_arm32/lib/libmpa.a(mpa_modulus.o)

.debug_abbrev   0x0000000000000000     0x3417
 .debug_abbrev  0x0000000000000000      0x242 ./hello_aes_ta.o
 .debug_abbrev  0x0000000000000242      0x13c ./user_ta_header.o
 .debug_abbrev  0x000000000000037e      0x214 /home/hrl/optee/optee_os/out/arm/export-ta_arm32/lib/libutee.a(tee_api.o)
 .debug_abbrev  0x0000000000000592      0x237 /home/hrl/optee/optee_os/out/arm/export-ta_arm32/lib/libutee.a(tee_api_objects.o)
 .debug_abbrev  0x00000000000007c9      0x240 /home/hrl/optee/optee_os/out/arm/export-ta_arm32/lib/libutee.a(tee_api_operations.o)
 .debug_abbrev  0x0000000000000a09       0x87 /home/hrl/optee/optee_os/out/arm/export-ta_arm32/lib/libutee.a(tee_api_panic.o)
 .debug_abbrev  0x0000000000000a90      0x1ce /home/hrl/optee/optee_os/out/arm/export-ta_arm32/lib/libutee.a(user_ta_entry.o)
 .debug_abbrev  0x0000000000000c5e       0x14 /home/hrl/optee/optee_os/out/arm/export-ta_arm32/lib/libutee.a(utee_syscalls_a32.o)
 .debug_abbrev  0x0000000000000c72       0x14 /home/hrl/optee/optee_os/out/arm/export-ta_arm32/lib/libutee.a(gprof_a32.o)
 .debug_abbrev  0x0000000000000c86      0x26b /home/hrl/optee/optee_os/out/arm/export-ta_arm32/lib/libutee.a(tee_user_mem.o)
 .debug_abbrev  0x0000000000000ef1       0xa0 /home/hrl/optee/optee_os/out/arm/export-ta_arm32/lib/libutee.a(assert.o)
 .debug_abbrev  0x0000000000000f91      0x20c /home/hrl/optee/optee_os/out/arm/export-ta_arm32/lib/libutee.a(tee_api_arith.o)
 .debug_abbrev  0x000000000000119d       0xd5 /home/hrl/optee/optee_os/out/arm/export-ta_arm32/lib/libutee.a(utee_misc.o)
 .debug_abbrev  0x0000000000001272      0x115 /home/hrl/optee/optee_os/out/arm/export-ta_arm32/lib/libutee.a(trace_ext.o)
 .debug_abbrev  0x0000000000001387      0x25b /home/hrl/optee/optee_os/out/arm/export-ta_arm32/lib/libutils.a(bget_malloc.o)
 .debug_abbrev  0x00000000000015e2       0xe4 /home/hrl/optee/optee_os/out/arm/export-ta_arm32/lib/libutils.a(snprintf.o)
 .debug_abbrev  0x00000000000016c6       0x82 /home/hrl/optee/optee_os/out/arm/export-ta_arm32/lib/libutils.a(memcmp.o)
 .debug_abbrev  0x0000000000001748       0x9f /home/hrl/optee/optee_os/out/arm/export-ta_arm32/lib/libutils.a(memcpy.o)
 .debug_abbrev  0x00000000000017e7       0x9f /home/hrl/optee/optee_os/out/arm/export-ta_arm32/lib/libutils.a(memmove.o)
 .debug_abbrev  0x0000000000001886       0x93 /home/hrl/optee/optee_os/out/arm/export-ta_arm32/lib/libutils.a(memset.o)
 .debug_abbrev  0x0000000000001919       0x84 /home/hrl/optee/optee_os/out/arm/export-ta_arm32/lib/libutils.a(strlen.o)
 .debug_abbrev  0x000000000000199d      0x185 /home/hrl/optee/optee_os/out/arm/export-ta_arm32/lib/libutils.a(snprintk.o)
 .debug_abbrev  0x0000000000001b22       0x82 /home/hrl/optee/optee_os/out/arm/export-ta_arm32/lib/libutils.a(buf_compare_ct.o)
 .debug_abbrev  0x0000000000001ba4      0x15b /home/hrl/optee/optee_os/out/arm/export-ta_arm32/lib/libutils.a(trace.o)
 .debug_abbrev  0x0000000000001cff       0x2f /home/hrl/optee/optee_os/out/arm/export-ta_arm32/lib/libutils.a(aeabi_unwind.o)
 .debug_abbrev  0x0000000000001d2e       0xae /home/hrl/optee/optee_os/out/arm/export-ta_arm32/lib/libutils.a(memchr.o)
 .debug_abbrev  0x0000000000001ddc       0x12 /home/hrl/optee/optee_os/out/arm/export-ta_arm32/lib/libutils.a(arm32_aeabi_ldivmod_a32.o)
 .debug_abbrev  0x0000000000001dee       0xdc /home/hrl/optee/optee_os/out/arm/export-ta_arm32/lib/libutils.a(arm32_aeabi_ldivmod.o)
 .debug_abbrev  0x0000000000001eca      0x13a /home/hrl/optee/optee_os/out/arm/export-ta_arm32/lib/libmpa.a(mpa_misc.o)
 .debug_abbrev  0x0000000000002004      0x1a1 /home/hrl/optee/optee_os/out/arm/export-ta_arm32/lib/libmpa.a(mpa_montgomery.o)
 .debug_abbrev  0x00000000000021a5      0x178 /home/hrl/optee/optee_os/out/arm/export-ta_arm32/lib/libmpa.a(mpa_primetest.o)
 .debug_abbrev  0x000000000000231d      0x104 /home/hrl/optee/optee_os/out/arm/export-ta_arm32/lib/libmpa.a(mpa_conv.o)
 .debug_abbrev  0x0000000000002421      0x19c /home/hrl/optee/optee_os/out/arm/export-ta_arm32/lib/libmpa.a(mpa_div.o)
 .debug_abbrev  0x00000000000025bd      0x17e /home/hrl/optee/optee_os/out/arm/export-ta_arm32/lib/libmpa.a(mpa_gcd.o)
 .debug_abbrev  0x000000000000273b      0x13e /home/hrl/optee/optee_os/out/arm/export-ta_arm32/lib/libmpa.a(mpa_mem_static.o)
 .debug_abbrev  0x0000000000002879      0x139 /home/hrl/optee/optee_os/out/arm/export-ta_arm32/lib/libmpa.a(mpa_mul.o)
 .debug_abbrev  0x00000000000029b2      0x167 /home/hrl/optee/optee_os/out/arm/export-ta_arm32/lib/libmpa.a(mpa_random.o)
 .debug_abbrev  0x0000000000002b19      0x106 /home/hrl/optee/optee_os/out/arm/export-ta_arm32/lib/libmpa.a(mpa_shift.o)
 .debug_abbrev  0x0000000000002c1f      0x180 /home/hrl/optee/optee_os/out/arm/export-ta_arm32/lib/libmpa.a(mpa_addsub.o)
 .debug_abbrev  0x0000000000002d9f      0x108 /home/hrl/optee/optee_os/out/arm/export-ta_arm32/lib/libmpa.a(mpa_cmp.o)
 .debug_abbrev  0x0000000000002ea7      0x11b /home/hrl/optee/optee_os/out/arm/export-ta_arm32/lib/libmpa.a(mpa_expmod.o)
 .debug_abbrev  0x0000000000002fc2       0xf7 /home/hrl/optee/optee_os/out/arm/export-ta_arm32/lib/libmpa.a(mpa_init.o)
 .debug_abbrev  0x00000000000030b9      0x223 /home/hrl/optee/optee_os/out/arm/export-ta_arm32/lib/libmpa.a(mpa_io.o)
 .debug_abbrev  0x00000000000032dc      0x13b /home/hrl/optee/optee_os/out/arm/export-ta_arm32/lib/libmpa.a(mpa_modulus.o)

.debug_aranges  0x0000000000000000      0x588
 .debug_aranges
                0x0000000000000000       0x20 ./hello_aes_ta.o
 .debug_aranges
                0x0000000000000020       0x20 ./user_ta_header.o
 .debug_aranges
                0x0000000000000040       0x20 /home/hrl/optee/optee_os/out/arm/export-ta_arm32/lib/libutee.a(tee_api.o)
 .debug_aranges
                0x0000000000000060       0x20 /home/hrl/optee/optee_os/out/arm/export-ta_arm32/lib/libutee.a(tee_api_objects.o)
 .debug_aranges
                0x0000000000000080       0x20 /home/hrl/optee/optee_os/out/arm/export-ta_arm32/lib/libutee.a(tee_api_operations.o)
 .debug_aranges
                0x00000000000000a0       0x20 /home/hrl/optee/optee_os/out/arm/export-ta_arm32/lib/libutee.a(tee_api_panic.o)
 .debug_aranges
                0x00000000000000c0       0x20 /home/hrl/optee/optee_os/out/arm/export-ta_arm32/lib/libutee.a(user_ta_entry.o)
 .debug_aranges
                0x00000000000000e0       0x20 /home/hrl/optee/optee_os/out/arm/export-ta_arm32/lib/libutee.a(utee_syscalls_a32.o)
 .debug_aranges
                0x0000000000000100       0x20 /home/hrl/optee/optee_os/out/arm/export-ta_arm32/lib/libutee.a(gprof_a32.o)
 .debug_aranges
                0x0000000000000120       0x20 /home/hrl/optee/optee_os/out/arm/export-ta_arm32/lib/libutee.a(tee_user_mem.o)
 .debug_aranges
                0x0000000000000140       0x20 /home/hrl/optee/optee_os/out/arm/export-ta_arm32/lib/libutee.a(assert.o)
 .debug_aranges
                0x0000000000000160       0x20 /home/hrl/optee/optee_os/out/arm/export-ta_arm32/lib/libutee.a(tee_api_arith.o)
 .debug_aranges
                0x0000000000000180       0x20 /home/hrl/optee/optee_os/out/arm/export-ta_arm32/lib/libutee.a(utee_misc.o)
 .debug_aranges
                0x00000000000001a0       0x20 /home/hrl/optee/optee_os/out/arm/export-ta_arm32/lib/libutee.a(trace_ext.o)
 .debug_aranges
                0x00000000000001c0       0x20 /home/hrl/optee/optee_os/out/arm/export-ta_arm32/lib/libutils.a(bget_malloc.o)
 .debug_aranges
                0x00000000000001e0       0x20 /home/hrl/optee/optee_os/out/arm/export-ta_arm32/lib/libutils.a(snprintf.o)
 .debug_aranges
                0x0000000000000200       0x20 /home/hrl/optee/optee_os/out/arm/export-ta_arm32/lib/libutils.a(memcmp.o)
 .debug_aranges
                0x0000000000000220       0x20 /home/hrl/optee/optee_os/out/arm/export-ta_arm32/lib/libutils.a(memcpy.o)
 .debug_aranges
                0x0000000000000240       0x20 /home/hrl/optee/optee_os/out/arm/export-ta_arm32/lib/libutils.a(memmove.o)
 .debug_aranges
                0x0000000000000260       0x20 /home/hrl/optee/optee_os/out/arm/export-ta_arm32/lib/libutils.a(memset.o)
 .debug_aranges
                0x0000000000000280       0x20 /home/hrl/optee/optee_os/out/arm/export-ta_arm32/lib/libutils.a(strlen.o)
 .debug_aranges
                0x00000000000002a0       0x20 /home/hrl/optee/optee_os/out/arm/export-ta_arm32/lib/libutils.a(snprintk.o)
 .debug_aranges
                0x00000000000002c0       0x20 /home/hrl/optee/optee_os/out/arm/export-ta_arm32/lib/libutils.a(buf_compare_ct.o)
 .debug_aranges
                0x00000000000002e0       0x20 /home/hrl/optee/optee_os/out/arm/export-ta_arm32/lib/libutils.a(trace.o)
 .debug_aranges
                0x0000000000000300       0x20 /home/hrl/optee/optee_os/out/arm/export-ta_arm32/lib/libutils.a(aeabi_unwind.o)
 .debug_aranges
                0x0000000000000320       0x20 /home/hrl/optee/optee_os/out/arm/export-ta_arm32/lib/libutils.a(memchr.o)
 .debug_aranges
                0x0000000000000340       0x28 /home/hrl/optee/optee_os/out/arm/export-ta_arm32/lib/libutils.a(arm32_aeabi_ldivmod_a32.o)
 .debug_aranges
                0x0000000000000368       0x20 /home/hrl/optee/optee_os/out/arm/export-ta_arm32/lib/libutils.a(arm32_aeabi_ldivmod.o)
 .debug_aranges
                0x0000000000000388       0x20 /home/hrl/optee/optee_os/out/arm/export-ta_arm32/lib/libmpa.a(mpa_misc.o)
 .debug_aranges
                0x00000000000003a8       0x20 /home/hrl/optee/optee_os/out/arm/export-ta_arm32/lib/libmpa.a(mpa_montgomery.o)
 .debug_aranges
                0x00000000000003c8       0x20 /home/hrl/optee/optee_os/out/arm/export-ta_arm32/lib/libmpa.a(mpa_primetest.o)
 .debug_aranges
                0x00000000000003e8       0x20 /home/hrl/optee/optee_os/out/arm/export-ta_arm32/lib/libmpa.a(mpa_conv.o)
 .debug_aranges
                0x0000000000000408       0x20 /home/hrl/optee/optee_os/out/arm/export-ta_arm32/lib/libmpa.a(mpa_div.o)
 .debug_aranges
                0x0000000000000428       0x20 /home/hrl/optee/optee_os/out/arm/export-ta_arm32/lib/libmpa.a(mpa_gcd.o)
 .debug_aranges
                0x0000000000000448       0x20 /home/hrl/optee/optee_os/out/arm/export-ta_arm32/lib/libmpa.a(mpa_mem_static.o)
 .debug_aranges
                0x0000000000000468       0x20 /home/hrl/optee/optee_os/out/arm/export-ta_arm32/lib/libmpa.a(mpa_mul.o)
 .debug_aranges
                0x0000000000000488       0x20 /home/hrl/optee/optee_os/out/arm/export-ta_arm32/lib/libmpa.a(mpa_random.o)
 .debug_aranges
                0x00000000000004a8       0x20 /home/hrl/optee/optee_os/out/arm/export-ta_arm32/lib/libmpa.a(mpa_shift.o)
 .debug_aranges
                0x00000000000004c8       0x20 /home/hrl/optee/optee_os/out/arm/export-ta_arm32/lib/libmpa.a(mpa_addsub.o)
 .debug_aranges
                0x00000000000004e8       0x20 /home/hrl/optee/optee_os/out/arm/export-ta_arm32/lib/libmpa.a(mpa_cmp.o)
 .debug_aranges
                0x0000000000000508       0x20 /home/hrl/optee/optee_os/out/arm/export-ta_arm32/lib/libmpa.a(mpa_expmod.o)
 .debug_aranges
                0x0000000000000528       0x20 /home/hrl/optee/optee_os/out/arm/export-ta_arm32/lib/libmpa.a(mpa_init.o)
 .debug_aranges
                0x0000000000000548       0x20 /home/hrl/optee/optee_os/out/arm/export-ta_arm32/lib/libmpa.a(mpa_io.o)
 .debug_aranges
                0x0000000000000568       0x20 /home/hrl/optee/optee_os/out/arm/export-ta_arm32/lib/libmpa.a(mpa_modulus.o)

.debug_macro    0x0000000000000000     0x5c23
 .debug_macro   0x0000000000000000      0x13b ./hello_aes_ta.o
 .debug_macro   0x000000000000013b      0x922 ./hello_aes_ta.o
 .debug_macro   0x0000000000000a5d      0x16d ./hello_aes_ta.o
 .debug_macro   0x0000000000000bca       0xb8 ./hello_aes_ta.o
 .debug_macro   0x0000000000000c82      0x8fc ./hello_aes_ta.o
 .debug_macro   0x000000000000157e      0x192 ./hello_aes_ta.o
 .debug_macro   0x0000000000001710       0x22 ./hello_aes_ta.o
 .debug_macro   0x0000000000001732       0x35 ./hello_aes_ta.o
 .debug_macro   0x0000000000001767       0x34 ./hello_aes_ta.o
 .debug_macro   0x000000000000179b       0x97 ./hello_aes_ta.o
 .debug_macro   0x0000000000001832       0x10 ./hello_aes_ta.o
 .debug_macro   0x0000000000001842       0x58 ./hello_aes_ta.o
 .debug_macro   0x000000000000189a       0xc4 ./hello_aes_ta.o
 .debug_macro   0x000000000000195e       0x7c ./hello_aes_ta.o
 .debug_macro   0x00000000000019da       0xca ./hello_aes_ta.o
 .debug_macro   0x0000000000001aa4       0x22 ./hello_aes_ta.o
 .debug_macro   0x0000000000001ac6       0x16 ./hello_aes_ta.o
 .debug_macro   0x0000000000001adc       0x22 ./hello_aes_ta.o
 .debug_macro   0x0000000000001afe       0xdc ./user_ta_header.o
 .debug_macro   0x0000000000001bda       0x76 ./user_ta_header.o
 .debug_macro   0x0000000000001c50       0x22 ./user_ta_header.o
 .debug_macro   0x0000000000001c72      0x15c /home/hrl/optee/optee_os/out/arm/export-ta_arm32/lib/libutee.a(tee_api.o)
 .debug_macro   0x0000000000001dce      0x91c /home/hrl/optee/optee_os/out/arm/export-ta_arm32/lib/libutee.a(tee_api.o)
 .debug_macro   0x00000000000026ea      0x238 /home/hrl/optee/optee_os/out/arm/export-ta_arm32/lib/libutee.a(tee_api.o)
 .debug_macro   0x0000000000002922       0xc4 /home/hrl/optee/optee_os/out/arm/export-ta_arm32/lib/libutee.a(tee_api.o)
 .debug_macro   0x00000000000029e6       0x10 /home/hrl/optee/optee_os/out/arm/export-ta_arm32/lib/libutee.a(tee_api.o)
 .debug_macro   0x00000000000029f6       0x97 /home/hrl/optee/optee_os/out/arm/export-ta_arm32/lib/libutee.a(tee_api.o)
 .debug_macro   0x0000000000002a8d      0x12b /home/hrl/optee/optee_os/out/arm/export-ta_arm32/lib/libutee.a(tee_api_objects.o)
 .debug_macro   0x0000000000002bb8      0x169 /home/hrl/optee/optee_os/out/arm/export-ta_arm32/lib/libutee.a(tee_api_operations.o)
 .debug_macro   0x0000000000002d21      0x1b2 /home/hrl/optee/optee_os/out/arm/export-ta_arm32/lib/libutee.a(tee_api_operations.o)
 .debug_macro   0x0000000000002ed3       0xb2 /home/hrl/optee/optee_os/out/arm/export-ta_arm32/lib/libutee.a(tee_api_operations.o)
 .debug_macro   0x0000000000002f85       0xa1 /home/hrl/optee/optee_os/out/arm/export-ta_arm32/lib/libutee.a(tee_api_panic.o)
 .debug_macro   0x0000000000003026      0x16d /home/hrl/optee/optee_os/out/arm/export-ta_arm32/lib/libutee.a(user_ta_entry.o)
 .debug_macro   0x0000000000003193      0x2cd /home/hrl/optee/optee_os/out/arm/export-ta_arm32/lib/libutee.a(user_ta_entry.o)
 .debug_macro   0x0000000000003460       0x3a /home/hrl/optee/optee_os/out/arm/export-ta_arm32/lib/libutee.a(user_ta_entry.o)
 .debug_macro   0x000000000000349a      0x151 /home/hrl/optee/optee_os/out/arm/export-ta_arm32/lib/libutee.a(tee_user_mem.o)
 .debug_macro   0x00000000000035eb       0x10 /home/hrl/optee/optee_os/out/arm/export-ta_arm32/lib/libutee.a(tee_user_mem.o)
 .debug_macro   0x00000000000035fb      0x1ac /home/hrl/optee/optee_os/out/arm/export-ta_arm32/lib/libutee.a(tee_user_mem.o)
 .debug_macro   0x00000000000037a7       0xf3 /home/hrl/optee/optee_os/out/arm/export-ta_arm32/lib/libutee.a(assert.o)
 .debug_macro   0x000000000000389a      0x149 /home/hrl/optee/optee_os/out/arm/export-ta_arm32/lib/libutee.a(tee_api_arith.o)
 .debug_macro   0x00000000000039e3       0x10 /home/hrl/optee/optee_os/out/arm/export-ta_arm32/lib/libutee.a(tee_api_arith.o)
 .debug_macro   0x00000000000039f3       0x4c /home/hrl/optee/optee_os/out/arm/export-ta_arm32/lib/libutee.a(tee_api_arith.o)
 .debug_macro   0x0000000000003a3f       0x16 /home/hrl/optee/optee_os/out/arm/export-ta_arm32/lib/libutee.a(tee_api_arith.o)
 .debug_macro   0x0000000000003a55       0x74 /home/hrl/optee/optee_os/out/arm/export-ta_arm32/lib/libutee.a(tee_api_arith.o)
 .debug_macro   0x0000000000003ac9       0xf4 /home/hrl/optee/optee_os/out/arm/export-ta_arm32/lib/libutee.a(utee_misc.o)
 .debug_macro   0x0000000000003bbd       0xde /home/hrl/optee/optee_os/out/arm/export-ta_arm32/lib/libutee.a(trace_ext.o)
 .debug_macro   0x0000000000003c9b       0xac /home/hrl/optee/optee_os/out/arm/export-ta_arm32/lib/libutee.a(trace_ext.o)
 .debug_macro   0x0000000000003d47      0x131 /home/hrl/optee/optee_os/out/arm/export-ta_arm32/lib/libutils.a(bget_malloc.o)
 .debug_macro   0x0000000000003e78       0x16 /home/hrl/optee/optee_os/out/arm/export-ta_arm32/lib/libutils.a(bget_malloc.o)
 .debug_macro   0x0000000000003e8e       0x3c /home/hrl/optee/optee_os/out/arm/export-ta_arm32/lib/libutils.a(bget_malloc.o)
 .debug_macro   0x0000000000003eca       0x4d /home/hrl/optee/optee_os/out/arm/export-ta_arm32/lib/libutils.a(snprintf.o)
 .debug_macro   0x0000000000003f17       0x51 /home/hrl/optee/optee_os/out/arm/export-ta_arm32/lib/libutils.a(memcmp.o)
 .debug_macro   0x0000000000003f68      0x91c /home/hrl/optee/optee_os/out/arm/export-ta_arm32/lib/libutils.a(memcmp.o)
 .debug_macro   0x0000000000004884       0x7c /home/hrl/optee/optee_os/out/arm/export-ta_arm32/lib/libutils.a(memcmp.o)
 .debug_macro   0x0000000000004900       0x57 /home/hrl/optee/optee_os/out/arm/export-ta_arm32/lib/libutils.a(memcpy.o)
 .debug_macro   0x0000000000004957       0x64 /home/hrl/optee/optee_os/out/arm/export-ta_arm32/lib/libutils.a(memmove.o)
 .debug_macro   0x00000000000049bb       0x51 /home/hrl/optee/optee_os/out/arm/export-ta_arm32/lib/libutils.a(memset.o)
 .debug_macro   0x0000000000004a0c       0x5a /home/hrl/optee/optee_os/out/arm/export-ta_arm32/lib/libutils.a(strlen.o)
 .debug_macro   0x0000000000004a66      0x127 /home/hrl/optee/optee_os/out/arm/export-ta_arm32/lib/libutils.a(snprintk.o)
 .debug_macro   0x0000000000004b8d       0x36 /home/hrl/optee/optee_os/out/arm/export-ta_arm32/lib/libutils.a(buf_compare_ct.o)
 .debug_macro   0x0000000000004bc3       0xcc /home/hrl/optee/optee_os/out/arm/export-ta_arm32/lib/libutils.a(trace.o)
 .debug_macro   0x0000000000004c8f       0x1a /home/hrl/optee/optee_os/out/arm/export-ta_arm32/lib/libutils.a(aeabi_unwind.o)
 .debug_macro   0x0000000000004ca9       0x66 /home/hrl/optee/optee_os/out/arm/export-ta_arm32/lib/libutils.a(memchr.o)
 .debug_macro   0x0000000000004d0f       0x1a /home/hrl/optee/optee_os/out/arm/export-ta_arm32/lib/libutils.a(arm32_aeabi_ldivmod.o)
 .debug_macro   0x0000000000004d29       0xdc /home/hrl/optee/optee_os/out/arm/export-ta_arm32/lib/libmpa.a(mpa_misc.o)
 .debug_macro   0x0000000000004e05       0xa6 /home/hrl/optee/optee_os/out/arm/export-ta_arm32/lib/libmpa.a(mpa_misc.o)
 .debug_macro   0x0000000000004eab       0xdc /home/hrl/optee/optee_os/out/arm/export-ta_arm32/lib/libmpa.a(mpa_montgomery.o)
 .debug_macro   0x0000000000004f87       0xfe /home/hrl/optee/optee_os/out/arm/export-ta_arm32/lib/libmpa.a(mpa_primetest.o)
 .debug_macro   0x0000000000005085       0xdc /home/hrl/optee/optee_os/out/arm/export-ta_arm32/lib/libmpa.a(mpa_conv.o)
 .debug_macro   0x0000000000005161       0xdc /home/hrl/optee/optee_os/out/arm/export-ta_arm32/lib/libmpa.a(mpa_div.o)
 .debug_macro   0x000000000000523d       0xdc /home/hrl/optee/optee_os/out/arm/export-ta_arm32/lib/libmpa.a(mpa_gcd.o)
 .debug_macro   0x0000000000005319      0x101 /home/hrl/optee/optee_os/out/arm/export-ta_arm32/lib/libmpa.a(mpa_mem_static.o)
 .debug_macro   0x000000000000541a       0xdc /home/hrl/optee/optee_os/out/arm/export-ta_arm32/lib/libmpa.a(mpa_mul.o)
 .debug_macro   0x00000000000054f6       0xf8 /home/hrl/optee/optee_os/out/arm/export-ta_arm32/lib/libmpa.a(mpa_random.o)
 .debug_macro   0x00000000000055ee       0xdc /home/hrl/optee/optee_os/out/arm/export-ta_arm32/lib/libmpa.a(mpa_shift.o)
 .debug_macro   0x00000000000056ca       0xdc /home/hrl/optee/optee_os/out/arm/export-ta_arm32/lib/libmpa.a(mpa_addsub.o)
 .debug_macro   0x00000000000057a6       0xdc /home/hrl/optee/optee_os/out/arm/export-ta_arm32/lib/libmpa.a(mpa_cmp.o)
 .debug_macro   0x0000000000005882       0xe2 /home/hrl/optee/optee_os/out/arm/export-ta_arm32/lib/libmpa.a(mpa_expmod.o)
 .debug_macro   0x0000000000005964       0xdc /home/hrl/optee/optee_os/out/arm/export-ta_arm32/lib/libmpa.a(mpa_init.o)
 .debug_macro   0x0000000000005a40      0x107 /home/hrl/optee/optee_os/out/arm/export-ta_arm32/lib/libmpa.a(mpa_io.o)
 .debug_macro   0x0000000000005b47       0xdc /home/hrl/optee/optee_os/out/arm/export-ta_arm32/lib/libmpa.a(mpa_modulus.o)

.debug_line     0x0000000000000000     0x729a
 .debug_line    0x0000000000000000      0x41e ./hello_aes_ta.o
 .debug_line    0x000000000000041e      0x22c ./user_ta_header.o
 .debug_line    0x000000000000064a      0x3a6 /home/hrl/optee/optee_os/out/arm/export-ta_arm32/lib/libutee.a(tee_api.o)
 .debug_line    0x00000000000009f0      0x4ab /home/hrl/optee/optee_os/out/arm/export-ta_arm32/lib/libutee.a(tee_api_objects.o)
 .debug_line    0x0000000000000e9b      0x910 /home/hrl/optee/optee_os/out/arm/export-ta_arm32/lib/libutee.a(tee_api_operations.o)
 .debug_line    0x00000000000017ab      0x1bd /home/hrl/optee/optee_os/out/arm/export-ta_arm32/lib/libutee.a(tee_api_panic.o)
 .debug_line    0x0000000000001968      0x3b3 /home/hrl/optee/optee_os/out/arm/export-ta_arm32/lib/libutee.a(user_ta_entry.o)
 .debug_line    0x0000000000001d1b       0xbf /home/hrl/optee/optee_os/out/arm/export-ta_arm32/lib/libutee.a(utee_syscalls_a32.o)
 .debug_line    0x0000000000001dda       0x59 /home/hrl/optee/optee_os/out/arm/export-ta_arm32/lib/libutee.a(gprof_a32.o)
 .debug_line    0x0000000000001e33      0x3b2 /home/hrl/optee/optee_os/out/arm/export-ta_arm32/lib/libutee.a(tee_user_mem.o)
 .debug_line    0x00000000000021e5      0x248 /home/hrl/optee/optee_os/out/arm/export-ta_arm32/lib/libutee.a(assert.o)
 .debug_line    0x000000000000242d      0x386 /home/hrl/optee/optee_os/out/arm/export-ta_arm32/lib/libutee.a(tee_api_arith.o)
 .debug_line    0x00000000000027b3      0x22f /home/hrl/optee/optee_os/out/arm/export-ta_arm32/lib/libutee.a(utee_misc.o)
 .debug_line    0x00000000000029e2      0x23d /home/hrl/optee/optee_os/out/arm/export-ta_arm32/lib/libutee.a(trace_ext.o)
 .debug_line    0x0000000000002c1f      0x595 /home/hrl/optee/optee_os/out/arm/export-ta_arm32/lib/libutils.a(bget_malloc.o)
 .debug_line    0x00000000000031b4      0x143 /home/hrl/optee/optee_os/out/arm/export-ta_arm32/lib/libutils.a(snprintf.o)
 .debug_line    0x00000000000032f7      0x14a /home/hrl/optee/optee_os/out/arm/export-ta_arm32/lib/libutils.a(memcmp.o)
 .debug_line    0x0000000000003441      0x14d /home/hrl/optee/optee_os/out/arm/export-ta_arm32/lib/libutils.a(memcpy.o)
 .debug_line    0x000000000000358e      0x16a /home/hrl/optee/optee_os/out/arm/export-ta_arm32/lib/libutils.a(memmove.o)
 .debug_line    0x00000000000036f8      0x159 /home/hrl/optee/optee_os/out/arm/export-ta_arm32/lib/libutils.a(memset.o)
 .debug_line    0x0000000000003851      0x147 /home/hrl/optee/optee_os/out/arm/export-ta_arm32/lib/libutils.a(strlen.o)
 .debug_line    0x0000000000003998      0x502 /home/hrl/optee/optee_os/out/arm/export-ta_arm32/lib/libutils.a(snprintk.o)
 .debug_line    0x0000000000003e9a      0x130 /home/hrl/optee/optee_os/out/arm/export-ta_arm32/lib/libutils.a(buf_compare_ct.o)
 .debug_line    0x0000000000003fca      0x253 /home/hrl/optee/optee_os/out/arm/export-ta_arm32/lib/libutils.a(trace.o)
 .debug_line    0x000000000000421d       0x83 /home/hrl/optee/optee_os/out/arm/export-ta_arm32/lib/libutils.a(aeabi_unwind.o)
 .debug_line    0x00000000000042a0      0x167 /home/hrl/optee/optee_os/out/arm/export-ta_arm32/lib/libutils.a(memchr.o)
 .debug_line    0x0000000000004407       0x7d /home/hrl/optee/optee_os/out/arm/export-ta_arm32/lib/libutils.a(arm32_aeabi_ldivmod_a32.o)
 .debug_line    0x0000000000004484       0xcb /home/hrl/optee/optee_os/out/arm/export-ta_arm32/lib/libutils.a(arm32_aeabi_ldivmod.o)
 .debug_line    0x000000000000454f      0x226 /home/hrl/optee/optee_os/out/arm/export-ta_arm32/lib/libmpa.a(mpa_misc.o)
 .debug_line    0x0000000000004775      0x2e5 /home/hrl/optee/optee_os/out/arm/export-ta_arm32/lib/libmpa.a(mpa_montgomery.o)
 .debug_line    0x0000000000004a5a      0x29b /home/hrl/optee/optee_os/out/arm/export-ta_arm32/lib/libmpa.a(mpa_primetest.o)
 .debug_line    0x0000000000004cf5      0x252 /home/hrl/optee/optee_os/out/arm/export-ta_arm32/lib/libmpa.a(mpa_conv.o)
 .debug_line    0x0000000000004f47      0x49a /home/hrl/optee/optee_os/out/arm/export-ta_arm32/lib/libmpa.a(mpa_div.o)
 .debug_line    0x00000000000053e1      0x3da /home/hrl/optee/optee_os/out/arm/export-ta_arm32/lib/libmpa.a(mpa_gcd.o)
 .debug_line    0x00000000000057bb      0x25b /home/hrl/optee/optee_os/out/arm/export-ta_arm32/lib/libmpa.a(mpa_mem_static.o)
 .debug_line    0x0000000000005a16      0x2d1 /home/hrl/optee/optee_os/out/arm/export-ta_arm32/lib/libmpa.a(mpa_mul.o)
 .debug_line    0x0000000000005ce7      0x26c /home/hrl/optee/optee_os/out/arm/export-ta_arm32/lib/libmpa.a(mpa_random.o)
 .debug_line    0x0000000000005f53      0x2c4 /home/hrl/optee/optee_os/out/arm/export-ta_arm32/lib/libmpa.a(mpa_shift.o)
 .debug_line    0x0000000000006217      0x3df /home/hrl/optee/optee_os/out/arm/export-ta_arm32/lib/libmpa.a(mpa_addsub.o)
 .debug_line    0x00000000000065f6      0x2a7 /home/hrl/optee/optee_os/out/arm/export-ta_arm32/lib/libmpa.a(mpa_cmp.o)
 .debug_line    0x000000000000689d      0x212 /home/hrl/optee/optee_os/out/arm/export-ta_arm32/lib/libmpa.a(mpa_expmod.o)
 .debug_line    0x0000000000006aaf      0x1f1 /home/hrl/optee/optee_os/out/arm/export-ta_arm32/lib/libmpa.a(mpa_init.o)
 .debug_line    0x0000000000006ca0      0x3e6 /home/hrl/optee/optee_os/out/arm/export-ta_arm32/lib/libmpa.a(mpa_io.o)
 .debug_line    0x0000000000007086      0x214 /home/hrl/optee/optee_os/out/arm/export-ta_arm32/lib/libmpa.a(mpa_modulus.o)

.debug_str      0x0000000000000000    0x111fa
 .debug_str     0x0000000000000000     0x7bc2 ./hello_aes_ta.o
                                       0x7da1 (size before relaxing)
 .debug_str     0x0000000000007bc2      0x64c ./user_ta_header.o
                                       0x7af0 (size before relaxing)
 .debug_str     0x000000000000820e      0xcd9 /home/hrl/optee/optee_os/out/arm/export-ta_arm32/lib/libutee.a(tee_api.o)
                                       0x883d (size before relaxing)
 .debug_str     0x0000000000008ee7      0x4c9 /home/hrl/optee/optee_os/out/arm/export-ta_arm32/lib/libutee.a(tee_api_objects.o)
                                       0x7fd4 (size before relaxing)
 .debug_str     0x00000000000093b0     0x1791 /home/hrl/optee/optee_os/out/arm/export-ta_arm32/lib/libutee.a(tee_api_operations.o)
                                       0x99fd (size before relaxing)
 .debug_str     0x000000000000ab41       0x30 /home/hrl/optee/optee_os/out/arm/export-ta_arm32/lib/libutee.a(tee_api_panic.o)
                                       0x76c7 (size before relaxing)
 .debug_str     0x000000000000ab71     0x34e8 /home/hrl/optee/optee_os/out/arm/export-ta_arm32/lib/libutee.a(user_ta_entry.o)
                                       0xb9aa (size before relaxing)
 .debug_str     0x000000000000e059      0x2c6 /home/hrl/optee/optee_os/out/arm/export-ta_arm32/lib/libutee.a(tee_user_mem.o)
                                       0xc74a (size before relaxing)
 .debug_str     0x000000000000e31f       0x39 /home/hrl/optee/optee_os/out/arm/export-ta_arm32/lib/libutee.a(assert.o)
                                       0x7e2c (size before relaxing)
 .debug_str     0x000000000000e358      0xabc /home/hrl/optee/optee_os/out/arm/export-ta_arm32/lib/libutee.a(tee_api_arith.o)
                                       0x86cf (size before relaxing)
 .debug_str     0x000000000000ee14       0x72 /home/hrl/optee/optee_os/out/arm/export-ta_arm32/lib/libutee.a(utee_misc.o)
                                       0x79eb (size before relaxing)
 .debug_str     0x000000000000ee86       0x65 /home/hrl/optee/optee_os/out/arm/export-ta_arm32/lib/libutee.a(trace_ext.o)
                                       0x7ec7 (size before relaxing)
 .debug_str     0x000000000000eeeb      0x5a9 /home/hrl/optee/optee_os/out/arm/export-ta_arm32/lib/libutils.a(bget_malloc.o)
                                       0x5455 (size before relaxing)
 .debug_str     0x000000000000f494       0x2e /home/hrl/optee/optee_os/out/arm/export-ta_arm32/lib/libutils.a(snprintf.o)
                                       0x336f (size before relaxing)
 .debug_str     0x000000000000f4c2      0x356 /home/hrl/optee/optee_os/out/arm/export-ta_arm32/lib/libutils.a(memcmp.o)
                                       0x3458 (size before relaxing)
 .debug_str     0x000000000000f818       0xaf /home/hrl/optee/optee_os/out/arm/export-ta_arm32/lib/libutils.a(memcpy.o)
                                       0x3495 (size before relaxing)
 .debug_str     0x000000000000f8c7       0x35 /home/hrl/optee/optee_os/out/arm/export-ta_arm32/lib/libutils.a(memmove.o)
                                       0x3680 (size before relaxing)
 .debug_str     0x000000000000f8fc       0x59 /home/hrl/optee/optee_os/out/arm/export-ta_arm32/lib/libutils.a(memset.o)
                                       0x343c (size before relaxing)
 .debug_str     0x000000000000f955       0x63 /home/hrl/optee/optee_os/out/arm/export-ta_arm32/lib/libutils.a(strlen.o)
                                       0x3630 (size before relaxing)
 .debug_str     0x000000000000f9b8      0x57c /home/hrl/optee/optee_os/out/arm/export-ta_arm32/lib/libutils.a(snprintk.o)
                                       0x3f0f (size before relaxing)
 .debug_str     0x000000000000ff34       0x31 /home/hrl/optee/optee_os/out/arm/export-ta_arm32/lib/libutils.a(buf_compare_ct.o)
                                       0x3224 (size before relaxing)
 .debug_str     0x000000000000ff65       0x87 /home/hrl/optee/optee_os/out/arm/export-ta_arm32/lib/libutils.a(trace.o)